Component: ARM Compiler 5.06 update 7 (build 960) Tool: armlink [4d3601]

==============================================================================

Section Cross References

    startup_stm32f407xx.o(RESET) refers to startup_stm32f407xx.o(STACK) for __initial_sp
    startup_stm32f407xx.o(RESET) refers to startup_stm32f407xx.o(.text) for Reset_Handler
    startup_stm32f407xx.o(RESET) refers to stm32f4xx_it.o(i.NMI_Handler) for NMI_Handler
    startup_stm32f407xx.o(RESET) refers to stm32f4xx_it.o(i.HardFault_Handler) for HardFault_Handler
    startup_stm32f407xx.o(RESET) refers to stm32f4xx_it.o(i.MemManage_Handler) for MemManage_Handler
    startup_stm32f407xx.o(RESET) refers to stm32f4xx_it.o(i.BusFault_Handler) for BusFault_Handler
    startup_stm32f407xx.o(RESET) refers to stm32f4xx_it.o(i.UsageFault_Handler) for UsageFault_Handler
    startup_stm32f407xx.o(RESET) refers to port.o(.emb_text) for SVC_Handler
    startup_stm32f407xx.o(RESET) refers to stm32f4xx_it.o(i.DebugMon_Handler) for DebugMon_Handler
    startup_stm32f407xx.o(RESET) refers to stm32f4xx_it.o(i.SysTick_Handler) for SysTick_Handler
    startup_stm32f407xx.o(RESET) refers to stm32f4xx_it.o(i.TIM1_UP_TIM10_IRQHandler) for TIM1_UP_TIM10_IRQHandler
    startup_stm32f407xx.o(.text) refers to system_stm32f4xx.o(i.SystemInit) for SystemInit
    startup_stm32f407xx.o(.text) refers to entry.o(.ARM.Collect$$$$00000000) for __main
    stm32f4xx_hal_can.o(i.HAL_CAN_DeInit) refers to stm32f4xx_hal_can.o(i.HAL_CAN_Stop) for HAL_CAN_Stop
    stm32f4xx_hal_can.o(i.HAL_CAN_DeInit) refers to can.o(i.HAL_CAN_MspDeInit) for HAL_CAN_MspDeInit
    stm32f4xx_hal_can.o(i.HAL_CAN_IRQHandler) refers to stm32f4xx_hal_can.o(i.HAL_CAN_TxMailbox0CompleteCallback) for HAL_CAN_TxMailbox0CompleteCallback
    stm32f4xx_hal_can.o(i.HAL_CAN_IRQHandler) refers to stm32f4xx_hal_can.o(i.HAL_CAN_TxMailbox0AbortCallback) for HAL_CAN_TxMailbox0AbortCallback
    stm32f4xx_hal_can.o(i.HAL_CAN_IRQHandler) refers to stm32f4xx_hal_can.o(i.HAL_CAN_TxMailbox1CompleteCallback) for HAL_CAN_TxMailbox1CompleteCallback
    stm32f4xx_hal_can.o(i.HAL_CAN_IRQHandler) refers to stm32f4xx_hal_can.o(i.HAL_CAN_TxMailbox1AbortCallback) for HAL_CAN_TxMailbox1AbortCallback
    stm32f4xx_hal_can.o(i.HAL_CAN_IRQHandler) refers to stm32f4xx_hal_can.o(i.HAL_CAN_TxMailbox2CompleteCallback) for HAL_CAN_TxMailbox2CompleteCallback
    stm32f4xx_hal_can.o(i.HAL_CAN_IRQHandler) refers to stm32f4xx_hal_can.o(i.HAL_CAN_TxMailbox2AbortCallback) for HAL_CAN_TxMailbox2AbortCallback
    stm32f4xx_hal_can.o(i.HAL_CAN_IRQHandler) refers to stm32f4xx_hal_can.o(i.HAL_CAN_RxFifo0FullCallback) for HAL_CAN_RxFifo0FullCallback
    stm32f4xx_hal_can.o(i.HAL_CAN_IRQHandler) refers to stm32f4xx_hal_can.o(i.HAL_CAN_RxFifo0MsgPendingCallback) for HAL_CAN_RxFifo0MsgPendingCallback
    stm32f4xx_hal_can.o(i.HAL_CAN_IRQHandler) refers to stm32f4xx_hal_can.o(i.HAL_CAN_RxFifo1FullCallback) for HAL_CAN_RxFifo1FullCallback
    stm32f4xx_hal_can.o(i.HAL_CAN_IRQHandler) refers to stm32f4xx_hal_can.o(i.HAL_CAN_RxFifo1MsgPendingCallback) for HAL_CAN_RxFifo1MsgPendingCallback
    stm32f4xx_hal_can.o(i.HAL_CAN_IRQHandler) refers to stm32f4xx_hal_can.o(i.HAL_CAN_SleepCallback) for HAL_CAN_SleepCallback
    stm32f4xx_hal_can.o(i.HAL_CAN_IRQHandler) refers to stm32f4xx_hal_can.o(i.HAL_CAN_WakeUpFromRxMsgCallback) for HAL_CAN_WakeUpFromRxMsgCallback
    stm32f4xx_hal_can.o(i.HAL_CAN_IRQHandler) refers to stm32f4xx_hal_can.o(i.HAL_CAN_ErrorCallback) for HAL_CAN_ErrorCallback
    stm32f4xx_hal_can.o(i.HAL_CAN_Init) refers to can.o(i.HAL_CAN_MspInit) for HAL_CAN_MspInit
    stm32f4xx_hal_can.o(i.HAL_CAN_Init) refers to stm32f4xx_hal.o(i.HAL_GetTick) for HAL_GetTick
    stm32f4xx_hal_can.o(i.HAL_CAN_Start) refers to stm32f4xx_hal.o(i.HAL_GetTick) for HAL_GetTick
    stm32f4xx_hal_can.o(i.HAL_CAN_Stop) refers to stm32f4xx_hal.o(i.HAL_GetTick) for HAL_GetTick
    stm32f4xx_hal_rcc.o(i.HAL_RCC_ClockConfig) refers to stm32f4xx_hal.o(i.HAL_GetTick) for HAL_GetTick
    stm32f4xx_hal_rcc.o(i.HAL_RCC_ClockConfig) refers to stm32f4xx_hal_rcc.o(i.HAL_RCC_GetSysClockFreq) for HAL_RCC_GetSysClockFreq
    stm32f4xx_hal_rcc.o(i.HAL_RCC_ClockConfig) refers to stm32f4xx_hal_timebase_tim.o(i.HAL_InitTick) for HAL_InitTick
    stm32f4xx_hal_rcc.o(i.HAL_RCC_ClockConfig) refers to system_stm32f4xx.o(.constdata) for AHBPrescTable
    stm32f4xx_hal_rcc.o(i.HAL_RCC_ClockConfig) refers to system_stm32f4xx.o(.data) for SystemCoreClock
    stm32f4xx_hal_rcc.o(i.HAL_RCC_ClockConfig) refers to stm32f4xx_hal.o(.data) for uwTickPrio
    stm32f4xx_hal_rcc.o(i.HAL_RCC_GetHCLKFreq) refers to system_stm32f4xx.o(.data) for SystemCoreClock
    stm32f4xx_hal_rcc.o(i.HAL_RCC_GetPCLK1Freq) refers to stm32f4xx_hal_rcc.o(i.HAL_RCC_GetHCLKFreq) for HAL_RCC_GetHCLKFreq
    stm32f4xx_hal_rcc.o(i.HAL_RCC_GetPCLK1Freq) refers to system_stm32f4xx.o(.constdata) for APBPrescTable
[...]
    i.SPI_EndRxTransaction                   0x08022d7c   Section        0  stm32f4xx_hal_spi.o(i.SPI_EndRxTransaction)
    SPI_EndRxTransaction                     0x08022d7d   Thumb Code   148  stm32f4xx_hal_spi.o(i.SPI_EndRxTransaction)
    i.SPI_EndRxTxTransaction                 0x08022e10   Section        0  stm32f4xx_hal_spi.o(i.SPI_EndRxTxTransaction)
    SPI_EndRxTxTransaction                   0x08022e11   Thumb Code   128  stm32f4xx_hal_spi.o(i.SPI_EndRxTxTransaction)
    i.SPI_Exchange                           0x08022e98   Section        0  dri_cs5530.o(i.SPI_Exchange)
    SPI_Exchange                             0x08022e99   Thumb Code    36  dri_cs5530.o(i.SPI_Exchange)
    i.SPI_WaitFlagStateUntilTimeout          0x08022ec0   Section        0  stm32f4xx_hal_spi.o(i.SPI_WaitFlagStateUntilTimeout)
    SPI_WaitFlagStateUntilTimeout            0x08022ec1   Thumb Code   210  stm32f4xx_hal_spi.o(i.SPI_WaitFlagStateUntilTimeout)
    i.Soft_Delay                             0x08022f98   Section        0  dri_cs5530.o(i.Soft_Delay)
    Soft_Delay                               0x08022f99   Thumb Code    18  dri_cs5530.o(i.Soft_Delay)
    i.SysTick_Handler                        0x08022faa   Section        0  stm32f4xx_it.o(i.SysTick_Handler)
    i.SystemClock_Config                     0x08022fbc   Section        0  main.o(i.SystemClock_Config)
    i.SystemInit                             0x08023070   Section        0  system_stm32f4xx.o(i.SystemInit)
    i.TIM1_UP_TIM10_IRQHandler               0x08023084   Section        0  stm32f4xx_it.o(i.TIM1_UP_TIM10_IRQHandler)
    i.TIM_Base_SetConfig                     0x08023094   Section        0  stm32f4xx_hal_tim.o(i.TIM_Base_SetConfig)
    i.Task_ADC_Verify                        0x0802317c   Section        0  app_freertos.o(i.Task_ADC_Verify)
    i.Task_Debug_Server                      0x08023384   Section        0  app_freertos.o(i.Task_Debug_Server)
    i.Task_Network                           0x080233ec   Section        0  app_network.o(i.Task_Network)
    i.UART_SetConfig                         0x0802348c   Section        0  stm32f4xx_hal_uart.o(i.UART_SetConfig)
    UART_SetConfig                           0x0802348d   Thumb Code   546  stm32f4xx_hal_uart.o(i.UART_SetConfig)
    i.UsageFault_Handler                     0x080236b8   Section        0  stm32f4xx_it.o(i.UsageFault_Handler)
    i.W5500_Critical_Enter                   0x080236bc   Section        0  app_network.o(i.W5500_Critical_Enter)
    i.W5500_Critical_Exit                    0x080236d8   Section        0  app_network.o(i.W5500_Critical_Exit)
    i.WIZCHIP_READ                           0x080236f0   Section        0  w5500.o(i.WIZCHIP_READ)
    i.WIZCHIP_READ_BUF                       0x08023764   Section        0  w5500.o(i.WIZCHIP_READ_BUF)
    i.WIZCHIP_WRITE                          0x080237f0   Section        0  w5500.o(i.WIZCHIP_WRITE)
    i.WIZCHIP_WRITE_BUF                      0x08023864   Section        0  w5500.o(i.WIZCHIP_WRITE_BUF)
    i.__0vsnprintf                           0x080238ec   Section        0  printfa.o(i.__0vsnprintf)
    i.__NVIC_GetPriorityGrouping             0x08023920   Section        0  stm32f4xx_hal_cortex.o(i.__NVIC_GetPriorityGrouping)
    __NVIC_GetPriorityGrouping               0x08023921   Thumb Code    10  stm32f4xx_hal_cortex.o(i.__NVIC_GetPriorityGrouping)
    i.__NVIC_SetPriority                     0x08023930   Section        0  stm32f4xx_hal_cortex.o(i.__NVIC_SetPriority)
    __NVIC_SetPriority                       0x08023931   Thumb Code    32  stm32f4xx_hal_cortex.o(i.__NVIC_SetPriority)
    i.__scatterload_copy                     0x08023958   Section       14  handlers.o(i.__scatterload_copy)
    i.__scatterload_null                     0x08023966   Section        2  handlers.o(i.__scatterload_null)
    i.__scatterload_zeroinit                 0x08023968   Section       14  handlers.o(i.__scatterload_zeroinit)
    i._fp_digits                             0x08023978   Section        0  printfa.o(i._fp_digits)
    _fp_digits                               0x08023979   Thumb Code   366  printfa.o(i._fp_digits)
    i._printf_core                           0x08023afc   Section        0  printfa.o(i._printf_core)
    _printf_core                             0x08023afd   Thumb Code  1704  printfa.o(i._printf_core)
    i._printf_post_padding                   0x080241b0   Section        0  printfa.o(i._printf_post_padding)
    _printf_post_padding                     0x080241b1   Thumb Code    36  printfa.o(i._printf_post_padding)
    i._printf_pre_padding                    0x080241d4   Section        0  printfa.o(i._printf_pre_padding)
    _printf_pre_padding                      0x080241d5   Thumb Code    46  printfa.o(i._printf_pre_padding)
    i._snputc                                0x08024202   Section        0  printfa.o(i._snputc)
    _snputc                                  0x08024203   Thumb Code    22  printfa.o(i._snputc)
    i.close                                  0x08024218   Section        0  socket.o(i.close)
    i.debug_printf                           0x080242b8   Section        0  com_debug.o(i.debug_printf)
    i.disconnect                             0x080242f8   Section        0  socket.o(i.disconnect)
    i.getSn_RX_RSR                           0x080243b4   Section        0  w5500.o(i.getSn_RX_RSR)
    i.getSn_TX_FSR                           0x08024420   Section        0  w5500.o(i.getSn_TX_FSR)
    i.listen                                 0x0802448c   Section        0  socket.o(i.listen)
    i.main                                   0x0802452c   Section        0  main.o(i.main)
    i.prvAddCurrentTaskToDelayedList         0x08024568   Section        0  tasks.o(i.prvAddCurrentTaskToDelayedList)
    prvAddCurrentTaskToDelayedList           0x08024569   Thumb Code   164  tasks.o(i.prvAddCurrentTaskToDelayedList)
    i.prvAddNewTaskToReadyList               0x08024628   Section        0  tasks.o(i.prvAddNewTaskToReadyList)
    prvAddNewTaskToReadyList                 0x08024629   Thumb Code   200  tasks.o(i.prvAddNewTaskToReadyList)
    i.prvCheckTasksWaitingTermination        0x0802470c   Section        0  tasks.o(i.prvCheckTasksWaitingTermination)
    prvCheckTasksWaitingTermination          0x0802470d   Thumb Code    60  tasks.o(i.prvCheckTasksWaitingTermination)
    i.prvCopyDataToQueue                     0x08024754   Section        0  queue.o(i.prvCopyDataToQueue)
    prvCopyDataToQueue                       0x08024755   Thumb Code   126  queue.o(i.prvCopyDataToQueue)
    i.prvDeleteTCB                           0x080247d2   Section        0  tasks.o(i.prvDeleteTCB)
    prvDeleteTCB                             0x080247d3   Thumb Code    18  tasks.o(i.prvDeleteTCB)
    i.prvGetDisinheritPriorityAfterTimeout   0x080247e4   Section        0  queue.o(i.prvGetDisinheritPriorityAfterTimeout)
    prvGetDisinheritPriorityAfterTimeout     0x080247e5   Thumb Code    20  queue.o(i.prvGetDisinheritPriorityAfterTimeout)
    i.prvHeapInit                            0x080247f8   Section        0  heap_4.o(i.prvHeapInit)
    prvHeapInit                              0x080247f9   Thumb Code    90  heap_4.o(i.prvHeapInit)
    i.prvIdleTask                            0x08024868   Section        0  tasks.o(i.prvIdleTask)
    prvIdleTask                              0x08024869   Thumb Code    32  tasks.o(i.prvIdleTask)
    i.prvInitialiseMutex                     0x08024890   Section        0  queue.o(i.prvInitialiseMutex)
    prvInitialiseMutex                       0x08024891   Thumb Code    30  queue.o(i.prvInitialiseMutex)
    i.prvInitialiseNewQueue                  0x080248ae   Section        0  queue.o(i.prvInitialiseNewQueue)
    prvInitialiseNewQueue                    0x080248af   Thumb Code    38  queue.o(i.prvInitialiseNewQueue)
    i.prvInitialiseNewTask                   0x080248d4   Section        0  tasks.o(i.prvInitialiseNewTask)
    prvInitialiseNewTask                     0x080248d5   Thumb Code   124  tasks.o(i.prvInitialiseNewTask)
    i.prvInitialiseTaskLists                 0x08024950   Section        0  tasks.o(i.prvInitialiseTaskLists)
    prvInitialiseTaskLists                   0x08024951   Thumb Code    70  tasks.o(i.prvInitialiseTaskLists)
    i.prvInsertBlockIntoFreeList             0x080249b8   Section        0  heap_4.o(i.prvInsertBlockIntoFreeList)
    prvInsertBlockIntoFreeList               0x080249b9   Thumb Code    96  heap_4.o(i.prvInsertBlockIntoFreeList)
    i.prvIsQueueEmpty                        0x08024a20   Section        0  queue.o(i.prvIsQueueEmpty)
    prvIsQueueEmpty                          0x08024a21   Thumb Code    26  queue.o(i.prvIsQueueEmpty)
    i.prvIsQueueFull                         0x08024a3a   Section        0  queue.o(i.prvIsQueueFull)
    prvIsQueueFull                           0x08024a3b   Thumb Code    30  queue.o(i.prvIsQueueFull)
    i.prvResetNextTaskUnblockTime            0x08024a58   Section        0  tasks.o(i.prvResetNextTaskUnblockTime)
    prvResetNextTaskUnblockTime              0x08024a59   Thumb Code    40  tasks.o(i.prvResetNextTaskUnblockTime)
    i.prvTaskExitError                       0x08024a88   Section        0  port.o(i.prvTaskExitError)
    prvTaskExitError                         0x08024a89   Thumb Code    22  port.o(i.prvTaskExitError)
    i.prvUnlockQueue                         0x08024a9e   Section        0  queue.o(i.prvUnlockQueue)
    prvUnlockQueue                           0x08024a9f   Thumb Code   126  queue.o(i.prvUnlockQueue)
    i.pvPortMalloc                           0x08024b1c   Section        0  heap_4.o(i.pvPortMalloc)
    i.pvTaskIncrementMutexHeldCount          0x08024c00   Section        0  tasks.o(i.pvTaskIncrementMutexHeldCount)
    i.pxPortInitialiseStack                  0x08024c20   Section        0  port.o(i.pxPortInitialiseStack)
    i.recv                                   0x08024c4c   Section        0  socket.o(i.recv)
    i.recvfrom                               0x08024d6c   Section        0  socket.o(i.recvfrom)
    i.reg_wizchip_cris_cbfunc                0x08025078   Section        0  wizchip_conf.o(i.reg_wizchip_cris_cbfunc)
    i.reg_wizchip_cs_cbfunc                  0x080250a0   Section        0  wizchip_conf.o(i.reg_wizchip_cs_cbfunc)
    i.reg_wizchip_spi_cbfunc                 0x080250c8   Section        0  wizchip_conf.o(i.reg_wizchip_spi_cbfunc)
    i.send                                   0x080250fc   Section        0  socket.o(i.send)
    i.sendto                                 0x0802527c   Section        0  socket.o(i.sendto)
    i.socket                                 0x08025488   Section        0  socket.o(i.socket)
    i.user_reg_function                      0x0802561c   Section        0  wizchip_conf.o(i.user_reg_function)
    i.uxListRemove                           0x08025650   Section        0  list.o(i.uxListRemove)
    i.vListInitialise                        0x08025678   Section        0  list.o(i.vListInitialise)
    i.vListInitialiseItem                    0x08025692   Section        0  list.o(i.vListInitialiseItem)
    i.vListInsert                            0x08025698   Section        0  list.o(i.vListInsert)
    i.vPortEnterCritical                     0x080256cc   Section        0  port.o(i.vPortEnterCritical)
    i.vPortExitCritical                      0x080256f0   Section        0  port.o(i.vPortExitCritical)
    i.vPortFree                              0x08025710   Section        0  heap_4.o(i.vPortFree)
    i.vPortSetupTimerInterrupt               0x0802575c   Section        0  port.o(i.vPortSetupTimerInterrupt)
    i.vTaskDelay                             0x08025774   Section        0  tasks.o(i.vTaskDelay)
    i.vTaskInternalSetTimeOutState           0x080257a8   Section        0  tasks.o(i.vTaskInternalSetTimeOutState)
    i.vTaskMissedYield                       0x080257c0   Section        0  tasks.o(i.vTaskMissedYield)
    i.vTaskPlaceOnEventList                  0x080257cc   Section        0  tasks.o(i.vTaskPlaceOnEventList)
    i.vTaskPriorityDisinheritAfterTimeout    0x080257ec   Section        0  tasks.o(i.vTaskPriorityDisinheritAfterTimeout)
    i.vTaskStartScheduler                    0x080258c0   Section        0  tasks.o(i.vTaskStartScheduler)
    i.vTaskSuspendAll                        0x0802592c   Section        0  tasks.o(i.vTaskSuspendAll)
    i.vTaskSwitchContext                     0x0802593c   Section        0  tasks.o(i.vTaskSwitchContext)
    i.wiz_recv_data                          0x0802599c   Section        0  w5500.o(i.wiz_recv_data)
    i.wiz_recv_ignore                        0x08025a20   Section        0  w5500.o(i.wiz_recv_ignore)
    i.wiz_send_data                          0x08025a86   Section        0  w5500.o(i.wiz_send_data)
    i.wizchip_bus_readdata                   0x08025b0a   Section        0  wizchip_conf.o(i.wizchip_bus_readdata)
    i.wizchip_bus_writedata                  0x08025b10   Section        0  wizchip_conf.o(i.wizchip_bus_writedata)
    i.wizchip_cris_enter                     0x08025b14   Section        0  wizchip_conf.o(i.wizchip_cris_enter)
    i.wizchip_cris_exit                      0x08025b16   Section        0  wizchip_conf.o(i.wizchip_cris_exit)
    i.wizchip_cs_deselect                    0x08025b18   Section        0  wizchip_conf.o(i.wizchip_cs_deselect)
    i.wizchip_cs_select                      0x08025b2c   Section        0  wizchip_conf.o(i.wizchip_cs_select)
    i.wizchip_getnetinfo                     0x08025b40   Section        0  wizchip_conf.o(i.wizchip_getnetinfo)
    i.wizchip_init                           0x08025b9c   Section        0  wizchip_conf.o(i.wizchip_init)
    i.wizchip_setnetinfo                     0x08025c2c   Section        0  wizchip_conf.o(i.wizchip_setnetinfo)
    i.wizchip_spi_readbyte                   0x08025c84   Section        0  wizchip_conf.o(i.wizchip_spi_readbyte)
    i.wizchip_spi_writebyte                  0x08025ca4   Section        0  wizchip_conf.o(i.wizchip_spi_writebyte)
    i.wizchip_sw_reset                       0x08025cbc   Section        0  wizchip_conf.o(i.wizchip_sw_reset)
    i.wizphy_getphylink                      0x08025d2e   Section        0  wizchip_conf.o(i.wizphy_getphylink)
    i.xPortStartScheduler                    0x08025d48   Section        0  port.o(i.xPortStartScheduler)
    i.xPortSysTickHandler                    0x08025d90   Section        0  port.o(i.xPortSysTickHandler)
    i.xQueueCreateMutex                      0x08025dc4   Section        0  queue.o(i.xQueueCreateMutex)
    i.xQueueGenericCreate                    0x08025de6   Section        0  queue.o(i.xQueueGenericCreate)
    i.xQueueGenericReset                     0x08025e34   Section        0  queue.o(i.xQueueGenericReset)
    i.xQueueGenericSend                      0x08025ed4   Section        0  queue.o(i.xQueueGenericSend)
    i.xQueueGiveMutexRecursive               0x08025fec   Section        0  queue.o(i.xQueueGiveMutexRecursive)
    i.xQueueSemaphoreTake                    0x0802601c   Section        0  queue.o(i.xQueueSemaphoreTake)
    i.xQueueTakeMutexRecursive               0x0802614c   Section        0  queue.o(i.xQueueTakeMutexRecursive)
    i.xTaskCheckForTimeOut                   0x08026184   Section        0  tasks.o(i.xTaskCheckForTimeOut)
    i.xTaskCreate                            0x080261e4   Section        0  tasks.o(i.xTaskCreate)
    i.xTaskDelayUntil                        0x0802624c   Section        0  tasks.o(i.xTaskDelayUntil)
    i.xTaskGetCurrentTaskHandle              0x080262c0   Section        0  tasks.o(i.xTaskGetCurrentTaskHandle)
    i.xTaskGetSchedulerState                 0x080262cc   Section        0  tasks.o(i.xTaskGetSchedulerState)
    i.xTaskGetTickCount                      0x080262ec   Section        0  tasks.o(i.xTaskGetTickCount)
    i.xTaskIncrementTick                     0x080262f8   Section        0  tasks.o(i.xTaskIncrementTick)
    i.xTaskPriorityDisinherit                0x08026488   Section        0  tasks.o(i.xTaskPriorityDisinherit)
    i.xTaskPriorityInherit                   0x08026534   Section        0  tasks.o(i.xTaskPriorityInherit)
    i.xTaskRemoveFromEventList               0x08026620   Section        0  tasks.o(i.xTaskRemoveFromEventList)
    i.xTaskResumeAll                         0x08026728   Section        0  tasks.o(i.xTaskResumeAll)
    .constdata                               0x08026884   Section       24  system_stm32f4xx.o(.constdata)
    .constdata                               0x0802689c   Section       16  app_network.o(.constdata)
    .constdata                               0x080268ac   Section       96  dri_cs5530.o(.constdata)
    ADC_CS_PINS                              0x080268ac   Data          96  dri_cs5530.o(.constdata)
    .constdata                               0x0802690c   Section      512  com_crc.o(.constdata)
    CRCTable                                 0x0802690c   Data         512  com_crc.o(.constdata)
    .data                                    0x20000000   Section        9  stm32f4xx_hal.o(.data)
    .data                                    0x2000000c   Section        4  system_stm32f4xx.o(.data)
    .data                                    0x20000010   Section       28  heap_4.o(.data)
    xStart                                   0x20000010   Data           8  heap_4.o(.data)
    pxEnd                                    0x20000018   Data           4  heap_4.o(.data)
    xFreeBytesRemaining                      0x2000001c   Data           4  heap_4.o(.data)
    xMinimumEverFreeBytesRemaining           0x20000020   Data           4  heap_4.o(.data)
    xNumberOfSuccessfulAllocations           0x20000024   Data           4  heap_4.o(.data)
    xNumberOfSuccessfulFrees                 0x20000028   Data           4  heap_4.o(.data)
    .data                                    0x2000002c   Section        4  port.o(.data)
    uxCriticalNesting                        0x2000002c   Data           4  port.o(.data)
    .data                                    0x20000030   Section       64  tasks.o(.data)
    pxDelayedTaskList                        0x20000034   Data           4  tasks.o(.data)
    pxOverflowDelayedTaskList                0x20000038   Data           4  tasks.o(.data)
    uxDeletedTasksWaitingCleanUp             0x2000003c   Data           4  tasks.o(.data)
    uxCurrentNumberOfTasks                   0x20000040   Data           4  tasks.o(.data)
    xTickCount                               0x20000044   Data           4  tasks.o(.data)
    uxTopReadyPriority                       0x20000048   Data           4  tasks.o(.data)
    xSchedulerRunning                        0x2000004c   Data           4  tasks.o(.data)
    xPendedTicks                             0x20000050   Data           4  tasks.o(.data)
    xYieldPending                            0x20000054   Data           4  tasks.o(.data)
    xNumOfOverflows                          0x20000058   Data           4  tasks.o(.data)
    uxTaskNumber                             0x2000005c   Data           4  tasks.o(.data)
    xNextTaskUnblockTime                     0x20000060   Data           4  tasks.o(.data)
    xIdleTaskHandle                          0x20000064   Data           4  tasks.o(.data)
    uxSchedulerSuspended                     0x2000006c   Data           4  tasks.o(.data)
    .data                                    0x20000070   Section       14  socket.o(.data)
    sock_any_port                            0x20000070   Data           2  socket.o(.data)
    sock_io_mode                             0x20000072   Data           2  socket.o(.data)
    sock_is_sending                          0x20000074   Data           2  socket.o(.data)
    .data                                    0x20000080   Section       49  wizchip_conf.o(.data)
    _DNS_                                    0x200000ac   Data           4  wizchip_conf.o(.data)
    _DHCP_                                   0x200000b0   Data           1  wizchip_conf.o(.data)
    .data                                    0x200000b4   Section       12  app_freertos.o(.data)
    .data                                    0x200000c0   Section        8  app_network.o(.data)
    g_W5500_Mutex                            0x200000c4   Data           4  app_network.o(.data)
    .data                                    0x200000c8   Section       12  app_commu.o(.data)
    remote_ip                                0x200000c8   Data           4  app_commu.o(.data)
    remote_port                              0x200000cc   Data           2  app_commu.o(.data)
    g_is_streaming                           0x200000ce   Data           1  app_commu.o(.data)
    g_time_tick                              0x200000d0   Data           4  app_commu.o(.data)
    .bss                                     0x200000d4   Section    32768  heap_4.o(.bss)
    ucHeap                                   0x200000d4   Data       32768  heap_4.o(.bss)
    .bss                                     0x200080d4   Section      200  tasks.o(.bss)
    pxReadyTasksLists                        0x200080d4   Data         100  tasks.o(.bss)
    xDelayedTaskList1                        0x20008138   Data          20  tasks.o(.bss)
    xDelayedTaskList2                        0x2000814c   Data          20  tasks.o(.bss)
    xPendingReadyList                        0x20008160   Data          20  tasks.o(.bss)
    xTasksWaitingTermination                 0x20008174   Data          20  tasks.o(.bss)
    xSuspendedTaskList                       0x20008188   Data          20  tasks.o(.bss)
    .bss                                     0x2000819c   Section       16  socket.o(.bss)
    sock_remained_size                       0x2000819c   Data          16  socket.o(.bss)
    .bss                                     0x200081ac   Section       40  can.o(.bss)
    .bss                                     0x200081d4   Section      176  spi.o(.bss)
    .bss                                     0x20008284   Section       72  usart.o(.bss)
    .bss                                     0x200082cc   Section       72  stm32f4xx_hal_timebase_tim.o(.bss)
    .bss                                     0x20008314   Section      192  app_freertos.o(.bss)
    .bss                                     0x200083d4   Section     2074  app_network.o(.bss)
    .bss                                     0x20008bee   Section     4096  app_commu.o(.bss)
    rx_buf                                   0x20008bee   Data        2048  app_commu.o(.bss)
    tx_buf                                   0x200093ee   Data        2048  app_commu.o(.bss)
    STACK                                    0x20009bf0   Section     4096  startup_stm32f407xx.o(STACK)

    Global Symbols

    Symbol Name                              Value     Ov Type        Size  Object(Section)

    BuildAttributes$$THM_ISAv4$E$P$D$K$B$S$7EM$VFPi3$EXTD16$VFPS$VFMA$PE$A:L22UL41UL21$X:L11$S22US41US21$IEEE1$IW$USESV6$~STKCKD$USESV7$~SHL$OSPACE$ROPI$EBA8$MICROLIB$REQ8$PRES8$EABIv2 0x00000000   Number         0  anon$$obj.o ABSOLUTE
    __ARM_use_no_argv                        0x00000000   Number         0  main.o ABSOLUTE
    _printf_a                                0x00000000   Number         0  stubs.o ABSOLUTE
    _printf_c                                0x00000000   Number         0  stubs.o ABSOLUTE
    _printf_charcount                        0x00000000   Number         0  stubs.o ABSOLUTE
    _printf_d                                0x00000000   Number         0  stubs.o ABSOLUTE
    _printf_e                                0x00000000   Number         0  stubs.o ABSOLUTE
    _printf_f                                0x00000000   Number         0  stubs.o ABSOLUTE
    _printf_flags                            0x00000000   Number         0  stubs.o ABSOLUTE
    _printf_fp_dec                           0x00000000   Number         0  stubs.o ABSOLUTE
    _printf_fp_hex                           0x00000000   Number         0  stubs.o ABSOLUTE
    _printf_g                                0x00000000   Number         0  stubs.o ABSOLUTE
    _printf_i                                0x00000000   Number         0  stubs.o ABSOLUTE
    _printf_int_dec                          0x00000000   Number         0  stubs.o ABSOLUTE
    _printf_l                                0x00000000   Number         0  stubs.o ABSOLUTE
    _printf_lc                               0x00000000   Number         0  stubs.o ABSOLUTE
    _printf_ll                               0x00000000   Number         0  stubs.o ABSOLUTE
    _printf_lld                              0x00000000   Number         0  stubs.o ABSOLUTE
    _printf_lli                              0x00000000   Number         0  stubs.o ABSOLUTE
    _printf_llo                              0x00000000   Number         0  stubs.o ABSOLUTE
    _printf_llu                              0x00000000   Number         0  stubs.o ABSOLUTE
    _printf_llx                              0x00000000   Number         0  stubs.o ABSOLUTE
    _printf_longlong_dec                     0x00000000   Number         0  stubs.o ABSOLUTE
    _printf_longlong_hex                     0x00000000   Number         0  stubs.o ABSOLUTE
    _printf_longlong_oct                     0x00000000   Number         0  stubs.o ABSOLUTE
    _printf_ls                               0x00000000   Number         0  stubs.o ABSOLUTE
    _printf_mbtowc                           0x00000000   Number         0  stubs.o ABSOLUTE
    _printf_n                                0x00000000   Number         0  stubs.o ABSOLUTE
    _printf_o                                0x00000000   Number         0  stubs.o ABSOLUTE
    _printf_p                                0x00000000   Number         0  stubs.o ABSOLUTE
    _printf_percent                          0x00000000   Number         0  stubs.o ABSOLUTE
    _printf_pre_padding                      0x00000000   Number         0  stubs.o ABSOLUTE
    _printf_return_value                     0x00000000   Number         0  stubs.o ABSOLUTE
    _printf_s                                0x00000000   Number         0  stubs.o ABSOLUTE
    _printf_sizespec                         0x00000000   Number         0  stubs.o ABSOLUTE
    _printf_str                              0x00000000   Number         0  stubs.o ABSOLUTE
    _printf_truncate_signed                  0x00000000   Number         0  stubs.o ABSOLUTE
    _printf_truncate_unsigned                0x00000000   Number         0  stubs.o ABSOLUTE
    _printf_u                                0x00000000   Number         0  stubs.o ABSOLUTE
    _printf_wc                               0x00000000   Number         0  stubs.o ABSOLUTE
    _printf_wctomb                           0x00000000   Number         0  stubs.o ABSOLUTE
    _printf_widthprec                        0x00000000   Number         0  stubs.o ABSOLUTE
    _printf_x                                0x00000000   Number         0  stubs.o ABSOLUTE
    __arm_fini_                               - Undefined Weak Reference
    __cpp_initialize__aeabi_                  - Undefined Weak Reference
    __cxa_finalize                            - Undefined Weak Reference
    __decompress                              - Undefined Weak Reference
    _clock_init                               - Undefined Weak Reference
    _microlib_exit                            - Undefined Weak Reference
    __Vectors_Size                           0x00000188   Number         0  startup_stm32f407xx.o ABSOLUTE
    __Vectors                                0x08020000   Data           4  startup_stm32f407xx.o(RESET)
    __Vectors_End                            0x08020188   Data           0  startup_stm32f407xx.o(RESET)
    __main                                   0x08020189   Thumb Code     0  entry.o(.ARM.Collect$$$$00000000)
    _main_stk                                0x08020189   Thumb Code     0  entry2.o(.ARM.Collect$$$$00000001)
    _main_scatterload                        0x0802018d   Thumb Code     0  entry5.o(.ARM.Collect$$$$00000004)
    __main_after_scatterload                 0x08020191   Thumb Code     0  entry5.o(.ARM.Collect$$$$00000004)
    _main_clock                              0x08020191   Thumb Code     0  entry7b.o(.ARM.Collect$$$$00000008)
    _main_cpp_init                           0x08020191   Thumb Code     0  entry8b.o(.ARM.Collect$$$$0000000A)
    _main_init                               0x08020191   Thumb Code     0  entry9a.o(.ARM.Collect$$$$0000000B)
    __rt_lib_shutdown_fini                   0x08020199   Thumb Code     0  entry12b.o(.ARM.Collect$$$$0000000E)
    __rt_final_cpp                           0x0802019d   Thumb Code     0  entry10a.o(.ARM.Collect$$$$0000000F)
    __rt_final_exit                          0x0802019d   Thumb Code     0  entry11a.o(.ARM.Collect$$$$00000011)
    SVC_Handler                              0x080201a1   Thumb Code    28  port.o(.emb_text)
    __asm___6_port_c_39a90d8d__prvStartFirstTask 0x080201c1   Thumb Code    36  port.o(.emb_text)
    __asm___6_port_c_39a90d8d__prvEnableVFP  0x080201e9   Thumb Code    16  port.o(.emb_text)
    PendSV_Handler                           0x080201fd   Thumb Code    88  port.o(.emb_text)
    vPortGetIPSR                             0x08020259   Thumb Code     6  port.o(.emb_text)
    Reset_Handler                            0x08020261   Thumb Code     8  startup_stm32f407xx.o(.text)
    ADC_IRQHandler                           0x0802027b   Thumb Code     0  startup_stm32f407xx.o(.text)
    CAN1_RX0_IRQHandler                      0x0802027b   Thumb Code     0  startup_stm32f407xx.o(.text)
    CAN1_RX1_IRQHandler                      0x0802027b   Thumb Code     0  startup_stm32f407xx.o(.text)
    CAN1_SCE_IRQHandler                      0x0802027b   Thumb Code     0  startup_stm32f407xx.o(.text)
    CAN1_TX_IRQHandler                       0x0802027b   Thumb Code     0  startup_stm32f407xx.o(.text)
    CAN2_RX0_IRQHandler                      0x0802027b   Thumb Code     0  startup_stm32f407xx.o(.text)
    CAN2_RX1_IRQHandler                      0x0802027b   Thumb Code     0  startup_stm32f407xx.o(.text)
    CAN2_SCE_IRQHandler                      0x0802027b   Thumb Code     0  startup_stm32f407xx.o(.text)
    CAN2_TX_IRQHandler                       0x0802027b   Thumb Code     0  startup_stm32f407xx.o(.text)
    DCMI_IRQHandler                          0x0802027b   Thumb Code     0  startup_stm32f407xx.o(.text)
    DMA1_Stream0_IRQHandler                  0x0802027b   Thumb Code     0  startup_stm32f407xx.o(.text)
    DMA1_Stream1_IRQHandler                  0x0802027b   Thumb Code     0  startup_stm32f407xx.o(.text)
    DMA1_Stream2_IRQHandler                  0x0802027b   Thumb Code     0  startup_stm32f407xx.o(.text)
    DMA1_Stream3_IRQHandler                  0x0802027b   Thumb Code     0  startup_stm32f407xx.o(.text)
    DMA1_Stream4_IRQHandler                  0x0802027b   Thumb Code     0  startup_stm32f407xx.o(.text)
    DMA1_Stream5_IRQHandler                  0x0802027b   Thumb Code     0  startup_stm32f407xx.o(.text)
    DMA1_Stream6_IRQHandler                  0x0802027b   Thumb Code     0  startup_stm32f407xx.o(.text)
    DMA1_Stream7_IRQHandler                  0x0802027b   Thumb Code     0  startup_stm32f407xx.o(.text)
    DMA2_Stream0_IRQHandler                  0x0802027b   Thumb Code     0  startup_stm32f407xx.o(.text)
    DMA2_Stream1_IRQHandler                  0x0802027b   Thumb Code     0  startup_stm32f407xx.o(.text)
    DMA2_Stream2_IRQHandler                  0x0802027b   Thumb Code     0  startup_stm32f407xx.o(.text)
    DMA2_Stream3_IRQHandler                  0x0802027b   Thumb Code     0  startup_stm32f407xx.o(.text)
    DMA2_Stream4_IRQHandler                  0x0802027b   Thumb Code     0  startup_stm32f407xx.o(.text)
    DMA2_Stream5_IRQHandler                  0x0802027b   Thumb Code     0  startup_stm32f407xx.o(.text)
    DMA2_Stream6_IRQHandler                  0x0802027b   Thumb Code     0  startup_stm32f407xx.o(.text)
    DMA2_Stream7_IRQHandler                  0x0802027b   Thumb Code     0  startup_stm32f407xx.o(.text)
    ETH_IRQHandler                           0x0802027b   Thumb Code     0  startup_stm32f407xx.o(.text)
    ETH_WKUP_IRQHandler                      0x0802027b   Thumb Code     0  startup_stm32f407xx.o(.text)
    EXTI0_IRQHandler                         0x0802027b   Thumb Code     0  startup_stm32f407xx.o(.text)
    EXTI15_10_IRQHandler                     0x0802027b   Thumb Code     0  startup_stm32f407xx.o(.text)
    EXTI1_IRQHandler                         0x0802027b   Thumb Code     0  startup_stm32f407xx.o(.text)
    EXTI2_IRQHandler                         0x0802027b   Thumb Code     0  startup_stm32f407xx.o(.text)
    EXTI3_IRQHandler                         0x0802027b   Thumb Code     0  startup_stm32f407xx.o(.text)
    EXTI4_IRQHandler                         0x0802027b   Thumb Code     0  startup_stm32f407xx.o(.text)
    EXTI9_5_IRQHandler                       0x0802027b   Thumb Code     0  startup_stm32f407xx.o(.text)
    FLASH_IRQHandler                         0x0802027b   Thumb Code     0  startup_stm32f407xx.o(.text)
    FMC_IRQHandler                           0x0802027b   Thumb Code     0  startup_stm32f407xx.o(.text)
    FPU_IRQHandler                           0x0802027b   Thumb Code     0  startup_stm32f407xx.o(.text)
    HASH_RNG_IRQHandler                      0x0802027b   Thumb Code     0  startup_stm32f407xx.o(.text)
    I2C1_ER_IRQHandler                       0x0802027b   Thumb Code     0  startup_stm32f407xx.o(.text)
    I2C1_EV_IRQHandler                       0x0802027b   Thumb Code     0  startup_stm32f407xx.o(.text)
    I2C2_ER_IRQHandler                       0x0802027b   Thumb Code     0  startup_stm32f407xx.o(.text)
    I2C2_EV_IRQHandler                       0x0802027b   Thumb Code     0  startup_stm32f407xx.o(.text)
    I2C3_ER_IRQHandler                       0x0802027b   Thumb Code     0  startup_stm32f407xx.o(.text)
    I2C3_EV_IRQHandler                       0x0802027b   Thumb Code     0  startup_stm32f407xx.o(.text)
    OTG_FS_IRQHandler                        0x0802027b   Thumb Code     0  startup_stm32f407xx.o(.text)
    OTG_FS_WKUP_IRQHandler                   0x0802027b   Thumb Code     0  startup_stm32f407xx.o(.text)
    OTG_HS_EP1_IN_IRQHandler                 0x0802027b   Thumb Code     0  startup_stm32f407xx.o(.text)
    OTG_HS_EP1_OUT_IRQHandler                0x0802027b   Thumb Code     0  startup_stm32f407xx.o(.text)
    OTG_HS_IRQHandler                        0x0802027b   Thumb Code     0  startup_stm32f407xx.o(.text)
    OTG_HS_WKUP_IRQHandler                   0x0802027b   Thumb Code     0  startup_stm32f407xx.o(.text)
    PVD_IRQHandler                           0x0802027b   Thumb Code     0  startup_stm32f407xx.o(.text)
    RCC_IRQHandler                           0x0802027b   Thumb Code     0  startup_stm32f407xx.o(.text)
    RTC_Alarm_IRQHandler                     0x0802027b   Thumb Code     0  startup_stm32f407xx.o(.text)
    RTC_WKUP_IRQHandler                      0x0802027b   Thumb Code     0  startup_stm32f407xx.o(.text)
    SDIO_IRQHandler                          0x0802027b   Thumb Code     0  startup_stm32f407xx.o(.text)
    SPI1_IRQHandler                          0x0802027b   Thumb Code     0  startup_stm32f407xx.o(.text)
    SPI2_IRQHandler                          0x0802027b   Thumb Code     0  startup_stm32f407xx.o(.text)
    SPI3_IRQHandler                          0x0802027b   Thumb Code     0  startup_stm32f407xx.o(.text)
    TAMP_STAMP_IRQHandler                    0x0802027b   Thumb Code     0  startup_stm32f407xx.o(.text)
    TIM1_BRK_TIM9_IRQHandler                 0x0802027b   Thumb Code     0  startup_stm32f407xx.o(.text)
    TIM1_CC_IRQHandler                       0x0802027b   Thumb Code     0  startup_stm32f407xx.o(.text)
    TIM1_TRG_COM_TIM11_IRQHandler            0x0802027b   Thumb Code     0  startup_stm32f407xx.o(.text)
    TIM2_IRQHandler                          0x0802027b   Thumb Code     0  startup_stm32f407xx.o(.text)
    TIM3_IRQHandler                          0x0802027b   Thumb Code     0  startup_stm32f407xx.o(.text)
    TIM4_IRQHandler                          0x0802027b   Thumb Code     0  startup_stm32f407xx.o(.text)
    TIM5_IRQHandler                          0x0802027b   Thumb Code     0  startup_stm32f407xx.o(.text)
    TIM6_DAC_IRQHandler                      0x0802027b   Thumb Code     0  startup_stm32f407xx.o(.text)
    TIM7_IRQHandler                          0x0802027b   Thumb Code     0  startup_stm32f407xx.o(.text)
    TIM8_BRK_TIM12_IRQHandler                0x0802027b   Thumb Code     0  startup_stm32f407xx.o(.text)
    TIM8_CC_IRQHandler                       0x0802027b   Thumb Code     0  startup_stm32f407xx.o(.text)
    TIM8_TRG_COM_TIM14_IRQHandler            0x0802027b   Thumb Code     0  startup_stm32f407xx.o(.text)
    TIM8_UP_TIM13_IRQHandler                 0x0802027b   Thumb Code     0  startup_stm32f407xx.o(.text)
    UART4_IRQHandler                         0x0802027b   Thumb Code     0  startup_stm32f407xx.o(.text)
    UART5_IRQHandler                         0x0802027b   Thumb Code     0  startup_stm32f407xx.o(.text)
    USART1_IRQHandler                        0x0802027b   Thumb Code     0  startup_stm32f407xx.o(.text)
    USART2_IRQHandler                        0x0802027b   Thumb Code     0  startup_stm32f407xx.o(.text)
    USART3_IRQHandler                        0x0802027b   Thumb Code     0  startup_stm32f407xx.o(.text)
    USART6_IRQHandler                        0x0802027b   Thumb Code     0  startup_stm32f407xx.o(.text)
    WWDG_IRQHandler                          0x0802027b   Thumb Code     0  startup_stm32f407xx.o(.text)
    __aeabi_uldivmod                         0x08020285   Thumb Code    98  uldiv.o(.text)
    __aeabi_memcpy                           0x080202e7   Thumb Code    36  memcpya.o(.text)
    __aeabi_memcpy4                          0x080202e7   Thumb Code     0  memcpya.o(.text)
    __aeabi_memcpy8                          0x080202e7   Thumb Code     0  memcpya.o(.text)
    __aeabi_memset                           0x0802030b   Thumb Code    14  memseta.o(.text)
    __aeabi_memset4                          0x0802030b   Thumb Code     0  memseta.o(.text)
    __aeabi_memset8                          0x0802030b   Thumb Code     0  memseta.o(.text)
    __aeabi_memclr                           0x08020319   Thumb Code     4  memseta.o(.text)
    __aeabi_memclr4                          0x08020319   Thumb Code     0  memseta.o(.text)
    __aeabi_memclr8                          0x08020319   Thumb Code     0  memseta.o(.text)
    _memset$wrapper                          0x0802031d   Thumb Code    18  memseta.o(.text)
    __aeabi_uidiv                            0x0802032f   Thumb Code     0  uidiv.o(.text)
    __aeabi_uidivmod                         0x0802032f   Thumb Code    44  uidiv.o(.text)
    __aeabi_llsl                             0x0802035b   Thumb Code    30  llshl.o(.text)
    _ll_shift_l                              0x0802035b   Thumb Code     0  llshl.o(.text)
    __aeabi_llsr                             0x08020379   Thumb Code    32  llushr.o(.text)
    _ll_ushift_r                             0x08020379   Thumb Code     0  llushr.o(.text)
    __I$use$fp                               0x08020399   Thumb Code     0  iusefp.o(.text)
    __aeabi_dadd                             0x08020399   Thumb Code   322  dadd.o(.text)
    __aeabi_dsub                             0x080204db   Thumb Code     6  dadd.o(.text)
    __aeabi_drsub                            0x080204e1   Thumb Code     6  dadd.o(.text)
    __aeabi_dmul                             0x080204e7   Thumb Code   228  dmul.o(.text)
    __aeabi_ddiv                             0x080205cb   Thumb Code   222  ddiv.o(.text)
    __aeabi_d2ulz                            0x080206a9   Thumb Code    48  dfixul.o(.text)
    __aeabi_cdrcmple                         0x080206d9   Thumb Code    48  cdrcmple.o(.text)
    __scatterload                            0x08020709   Thumb Code    28  init.o(.text)
    __scatterload_rt2                        0x08020709   Thumb Code     0  init.o(.text)
    __aeabi_lasr                             0x0802072d   Thumb Code    36  llsshr.o(.text)
    _ll_sshift_r                             0x0802072d   Thumb Code     0  llsshr.o(.text)
    _double_round                            0x08020751   Thumb Code    30  depilogue.o(.text)
    _double_epilogue                         0x0802076f   Thumb Code   156  depilogue.o(.text)
    ADC_Recover_Channel                      0x0802080b   Thumb Code    82  dri_cs5530.o(i.ADC_Recover_Channel)
    App_freeRTOS_Start                       0x080209c1   Thumb Code    68  app_freertos.o(i.App_freeRTOS_Start)
    BusFault_Handler                         0x08020a41   Thumb Code     4  stm32f4xx_it.o(i.BusFault_Handler)
    CS5530_Init_All                          0x08020a69   Thumb Code   126  dri_cs5530.o(i.CS5530_Init_All)
    CS5530_Read_Data                         0x08020c4d   Thumb Code   134  dri_cs5530.o(i.CS5530_Read_Data)
    CS5530_Reset_Serial                      0x08020cd9   Thumb Code    84  dri_cs5530.o(i.CS5530_Reset_Serial)
    CS5530_Start_Continuous                  0x08020dad   Thumb Code    32  dri_cs5530.o(i.CS5530_Start_Continuous)
    Com_CRC16_Calculate                      0x08020e05   Thumb Code    40  com_crc.o(i.Com_CRC16_Calculate)
    Commu_Init                               0x08020e31   Thumb Code     8  app_commu.o(i.Commu_Init)
    Commu_Send_RealTime_If_Active            0x08020ed9   Thumb Code   110  app_commu.o(i.Commu_Send_RealTime_If_Active)
    DebugMon_Handler                         0x08020f51   Thumb Code     2  stm32f4xx_it.o(i.DebugMon_Handler)
    Delay_Init                               0x08020f55   Thumb Code    30  com_util.o(i.Delay_Init)
    Error_Handler                            0x08020f7d   Thumb Code     6  main.o(i.Error_Handler)
    HAL_CAN_Init                             0x08020f83   Thumb Code   372  stm32f4xx_hal_can.o(i.HAL_CAN_Init)
    HAL_CAN_MspInit                          0x080210f9   Thumb Code   124  can.o(i.HAL_CAN_MspInit)
    HAL_GPIO_Init                            0x08021181   Thumb Code   454  stm32f4xx_hal_gpio.o(i.HAL_GPIO_Init)
    HAL_GPIO_ReadPin                         0x08021375   Thumb Code    16  stm32f4xx_hal_gpio.o(i.HAL_GPIO_ReadPin)
    HAL_GPIO_TogglePin                       0x08021385   Thumb Code    20  stm32f4xx_hal_gpio.o(i.HAL_GPIO_TogglePin)
    HAL_GPIO_WritePin                        0x08021399   Thumb Code    12  stm32f4xx_hal_gpio.o(i.HAL_GPIO_WritePin)
    HAL_GetTick                              0x080213a5   Thumb Code     6  stm32f4xx_hal.o(i.HAL_GetTick)
    HAL_IncTick                              0x080213b1   Thumb Code    16  stm32f4xx_hal.o(i.HAL_IncTick)
    HAL_Init                                 0x080213c9   Thumb Code    54  stm32f4xx_hal.o(i.HAL_Init)
    HAL_InitTick                             0x08021405   Thumb Code   140  stm32f4xx_hal_timebase_tim.o(i.HAL_InitTick)
    HAL_MspInit                              0x080214a5   Thumb Code    68  stm32f4xx_hal_msp.o(i.HAL_MspInit)
    HAL_NVIC_EnableIRQ                       0x080214ed   Thumb Code    40  stm32f4xx_hal_cortex.o(i.HAL_NVIC_EnableIRQ)
    HAL_NVIC_SetPriority                     0x08021515   Thumb Code   124  stm32f4xx_hal_cortex.o(i.HAL_NVIC_SetPriority)
    HAL_NVIC_SetPriorityGrouping             0x08021591   Thumb Code    32  stm32f4xx_hal_cortex.o(i.HAL_NVIC_SetPriorityGrouping)
    HAL_RCC_ClockConfig                      0x080215b9   Thumb Code   368  stm32f4xx_hal_rcc.o(i.HAL_RCC_ClockConfig)
    HAL_RCC_DeInit                           0x0802173d   Thumb Code   358  stm32f4xx_hal_rcc_ex.o(i.HAL_RCC_DeInit)
    HAL_RCC_GetClockConfig                   0x080218bd   Thumb Code    58  stm32f4xx_hal_rcc.o(i.HAL_RCC_GetClockConfig)
    HAL_RCC_GetHCLKFreq                      0x08021901   Thumb Code     6  stm32f4xx_hal_rcc.o(i.HAL_RCC_GetHCLKFreq)
    HAL_RCC_GetPCLK1Freq                     0x0802190d   Thumb Code    22  stm32f4xx_hal_rcc.o(i.HAL_RCC_GetPCLK1Freq)
    HAL_RCC_GetPCLK2Freq                     0x0802192d   Thumb Code    22  stm32f4xx_hal_rcc.o(i.HAL_RCC_GetPCLK2Freq)
    HAL_RCC_GetSysClockFreq                  0x0802194d   Thumb Code   162  stm32f4xx_hal_rcc.o(i.HAL_RCC_GetSysClockFreq)
    HAL_RCC_OscConfig                        0x080219fd   Thumb Code  1172  stm32f4xx_hal_rcc.o(i.HAL_RCC_OscConfig)
    HAL_SPI_Init                             0x08021e99   Thumb Code   200  stm32f4xx_hal_spi.o(i.HAL_SPI_Init)
    HAL_SPI_MspInit                          0x08021f61   Thumb Code   290  spi.o(i.HAL_SPI_MspInit)
    HAL_SPI_Receive                          0x08022099   Thumb Code   382  stm32f4xx_hal_spi.o(i.HAL_SPI_Receive)
    HAL_SPI_Transmit                         0x08022217   Thumb Code   444  stm32f4xx_hal_spi.o(i.HAL_SPI_Transmit)
    HAL_SPI_TransmitReceive                  0x080223d3   Thumb Code   576  stm32f4xx_hal_spi.o(i.HAL_SPI_TransmitReceive)
    HAL_TIMEx_BreakCallback                  0x08022613   Thumb Code     2  stm32f4xx_hal_tim_ex.o(i.HAL_TIMEx_BreakCallback)
    HAL_TIMEx_CommutCallback                 0x08022615   Thumb Code     2  stm32f4xx_hal_tim_ex.o(i.HAL_TIMEx_CommutCallback)
    HAL_TIM_Base_Init                        0x08022617   Thumb Code   102  stm32f4xx_hal_tim.o(i.HAL_TIM_Base_Init)
    HAL_TIM_Base_MspInit                     0x0802267d   Thumb Code     2  stm32f4xx_hal_tim.o(i.HAL_TIM_Base_MspInit)
    HAL_TIM_Base_Start_IT                    0x08022681   Thumb Code   138  stm32f4xx_hal_tim.o(i.HAL_TIM_Base_Start_IT)
    HAL_TIM_IC_CaptureCallback               0x08022729   Thumb Code     2  stm32f4xx_hal_tim.o(i.HAL_TIM_IC_CaptureCallback)
    HAL_TIM_IRQHandler                       0x0802272b   Thumb Code   364  stm32f4xx_hal_tim.o(i.HAL_TIM_IRQHandler)
    HAL_TIM_OC_DelayElapsedCallback          0x08022897   Thumb Code     2  stm32f4xx_hal_tim.o(i.HAL_TIM_OC_DelayElapsedCallback)
    HAL_TIM_PWM_PulseFinishedCallback        0x08022899   Thumb Code     2  stm32f4xx_hal_tim.o(i.HAL_TIM_PWM_PulseFinishedCallback)
    HAL_TIM_PeriodElapsedCallback            0x0802289d   Thumb Code    18  main.o(i.HAL_TIM_PeriodElapsedCallback)
    HAL_TIM_TriggerCallback                  0x080228b5   Thumb Code     2  stm32f4xx_hal_tim.o(i.HAL_TIM_TriggerCallback)
    HAL_UART_Init                            0x080228b7   Thumb Code   118  stm32f4xx_hal_uart.o(i.HAL_UART_Init)
    HAL_UART_MspInit                         0x0802292d   Thumb Code   122  usart.o(i.HAL_UART_MspInit)
    HardFault_Handler                        0x080229b5   Thumb Code     4  stm32f4xx_it.o(i.HardFault_Handler)
    MX_CAN1_Init                             0x080229b9   Thumb Code    48  can.o(i.MX_CAN1_Init)
    MX_GPIO_Init                             0x080229f1   Thumb Code   370  gpio.o(i.MX_GPIO_Init)
    MX_SPI2_Init                             0x08022b79   Thumb Code    60  spi.o(i.MX_SPI2_Init)
    MX_SPI3_Init                             0x08022bbd   Thumb Code    60  spi.o(i.MX_SPI3_Init)
    MX_USART2_UART_Init                      0x08022c01   Thumb Code    46  usart.o(i.MX_USART2_UART_Init)
    MemManage_Handler                        0x08022c39   Thumb Code     4  stm32f4xx_it.o(i.MemManage_Handler)
    NMI_Handler                              0x08022c3d   Thumb Code     4  stm32f4xx_it.o(i.NMI_Handler)
    Process_TCP_Server                       0x08022c41   Thumb Code   190  app_network.o(i.Process_TCP_Server)
    Process_UDP_Echo                         0x08022d11   Thumb Code   102  app_network.o(i.Process_UDP_Echo)
    SysTick_Handler                          0x08022fab   Thumb Code    16  stm32f4xx_it.o(i.SysTick_Handler)
    SystemClock_Config                       0x08022fbd   Thumb Code   172  main.o(i.SystemClock_Config)
    SystemInit                               0x08023071   Thumb Code    14  system_stm32f4xx.o(i.SystemInit)
    TIM1_UP_TIM10_IRQHandler                 0x08023085   Thumb Code    10  stm32f4xx_it.o(i.TIM1_UP_TIM10_IRQHandler)
    TIM_Base_SetConfig                       0x08023095   Thumb Code   186  stm32f4xx_hal_tim.o(i.TIM_Base_SetConfig)
    Task_ADC_Verify                          0x0802317d   Thumb Code   354  app_freertos.o(i.Task_ADC_Verify)
    Task_Debug_Server                        0x08023385   Thumb Code   104  app_freertos.o(i.Task_Debug_Server)
    Task_Network                             0x080233ed   Thumb Code   150  app_network.o(i.Task_Network)
    UsageFault_Handler                       0x080236b9   Thumb Code     4  stm32f4xx_it.o(i.UsageFault_Handler)
    W5500_Critical_Enter                     0x080236bd   Thumb Code    22  app_network.o(i.W5500_Critical_Enter)
    W5500_Critical_Exit                      0x080236d9   Thumb Code    18  app_network.o(i.W5500_Critical_Exit)
    WIZCHIP_READ                             0x080236f1   Thumb Code   112  w5500.o(i.WIZCHIP_READ)
    WIZCHIP_READ_BUF                         0x08023765   Thumb Code   136  w5500.o(i.WIZCHIP_READ_BUF)
    WIZCHIP_WRITE                            0x080237f1   Thumb Code   112  w5500.o(i.WIZCHIP_WRITE)
    WIZCHIP_WRITE_BUF                        0x08023865   Thumb Code   132  w5500.o(i.WIZCHIP_WRITE_BUF)
    __0vsnprintf                             0x080238ed   Thumb Code    46  printfa.o(i.__0vsnprintf)
    __1vsnprintf                             0x080238ed   Thumb Code     0  printfa.o(i.__0vsnprintf)
    __2vsnprintf                             0x080238ed   Thumb Code     0  printfa.o(i.__0vsnprintf)
    __c89vsnprintf                           0x080238ed   Thumb Code     0  printfa.o(i.__0vsnprintf)
    vsnprintf                                0x080238ed   Thumb Code     0  printfa.o(i.__0vsnprintf)
    __scatterload_copy                       0x08023959   Thumb Code    14  handlers.o(i.__scatterload_copy)
    __scatterload_null                       0x08023967   Thumb Code     2  handlers.o(i.__scatterload_null)
    __scatterload_zeroinit                   0x08023969   Thumb Code    14  handlers.o(i.__scatterload_zeroinit)
    close                                    0x08024219   Thumb Code   142  socket.o(i.close)
    debug_printf                             0x080242b9   Thumb Code    64  com_debug.o(i.debug_printf)
    disconnect                               0x080242f9   Thumb Code   180  socket.o(i.disconnect)
    getSn_RX_RSR                             0x080243b5   Thumb Code   108  w5500.o(i.getSn_RX_RSR)
    getSn_TX_FSR                             0x08024421   Thumb Code   108  w5500.o(i.getSn_TX_FSR)
    listen                                   0x0802448d   Thumb Code   158  socket.o(i.listen)
    main                                     0x0802452d   Thumb Code    52  main.o(i.main)
    pvPortMalloc                             0x08024b1d   Thumb Code   208  heap_4.o(i.pvPortMalloc)
    pvTaskIncrementMutexHeldCount            0x08024c01   Thumb Code    26  tasks.o(i.pvTaskIncrementMutexHeldCount)
    pxPortInitialiseStack                    0x08024c21   Thumb Code    38  port.o(i.pxPortInitialiseStack)
    recv                                     0x08024c4d   Thumb Code   282  socket.o(i.recv)
    recvfrom                                 0x08024d6d   Thumb Code   768  socket.o(i.recvfrom)
    reg_wizchip_cris_cbfunc                  0x08025079   Thumb Code    26  wizchip_conf.o(i.reg_wizchip_cris_cbfunc)
    reg_wizchip_cs_cbfunc                    0x080250a1   Thumb Code    26  wizchip_conf.o(i.reg_wizchip_cs_cbfunc)
    reg_wizchip_spi_cbfunc                   0x080250c9   Thumb Code    40  wizchip_conf.o(i.reg_wizchip_spi_cbfunc)
    send                                     0x080250fd   Thumb Code   374  socket.o(i.send)
    sendto                                   0x0802527d   Thumb Code   518  socket.o(i.sendto)
    socket                                   0x08025489   Thumb Code   384  socket.o(i.socket)
    user_reg_function                        0x0802561d   Thumb Code    28  wizchip_conf.o(i.user_reg_function)
    uxListRemove                             0x08025651   Thumb Code    40  list.o(i.uxListRemove)
    vListInitialise                          0x08025679   Thumb Code    26  list.o(i.vListInitialise)
    vListInitialiseItem                      0x08025693   Thumb Code     6  list.o(i.vListInitialiseItem)
    vListInsert                              0x08025699   Thumb Code    52  list.o(i.vListInsert)
    vPortEnterCritical                       0x080256cd   Thumb Code    30  port.o(i.vPortEnterCritical)
    vPortExitCritical                        0x080256f1   Thumb Code    28  port.o(i.vPortExitCritical)
    vPortFree                                0x08025711   Thumb Code    68  heap_4.o(i.vPortFree)
    vPortSetupTimerInterrupt                 0x0802575d   Thumb Code    20  port.o(i.vPortSetupTimerInterrupt)
    vTaskDelay                               0x08025775   Thumb Code    46  tasks.o(i.vTaskDelay)
    vTaskInternalSetTimeOutState             0x080257a9   Thumb Code    14  tasks.o(i.vTaskInternalSetTimeOutState)
    vTaskMissedYield                         0x080257c1   Thumb Code     8  tasks.o(i.vTaskMissedYield)
    vTaskPlaceOnEventList                    0x080257cd   Thumb Code    28  tasks.o(i.vTaskPlaceOnEventList)
    vTaskPriorityDisinheritAfterTimeout      0x080257ed   Thumb Code   204  tasks.o(i.vTaskPriorityDisinheritAfterTimeout)
    vTaskStartScheduler                      0x080258c1   Thumb Code    76  tasks.o(i.vTaskStartScheduler)
    vTaskSuspendAll                          0x0802592d   Thumb Code    12  tasks.o(i.vTaskSuspendAll)
    vTaskSwitchContext                       0x0802593d   Thumb Code    76  tasks.o(i.vTaskSwitchContext)
    wiz_recv_data                            0x0802599d   Thumb Code   132  w5500.o(i.wiz_recv_data)
    wiz_recv_ignore                          0x08025a21   Thumb Code   102  w5500.o(i.wiz_recv_ignore)
    wiz_send_data                            0x08025a87   Thumb Code   132  w5500.o(i.wiz_send_data)
    wizchip_bus_readdata                     0x08025b0b   Thumb Code     6  wizchip_conf.o(i.wizchip_bus_readdata)
    wizchip_bus_writedata                    0x08025b11   Thumb Code     4  wizchip_conf.o(i.wizchip_bus_writedata)
    wizchip_cris_enter                       0x08025b15   Thumb Code     2  wizchip_conf.o(i.wizchip_cris_enter)
    wizchip_cris_exit                        0x08025b17   Thumb Code     2  wizchip_conf.o(i.wizchip_cris_exit)
    wizchip_cs_deselect                      0x08025b19   Thumb Code    14  wizchip_conf.o(i.wizchip_cs_deselect)
    wizchip_cs_select                        0x08025b2d   Thumb Code    14  wizchip_conf.o(i.wizchip_cs_select)
    wizchip_getnetinfo                       0x08025b41   Thumb Code    82  wizchip_conf.o(i.wizchip_getnetinfo)
    wizchip_init                             0x08025b9d   Thumb Code   144  wizchip_conf.o(i.wizchip_init)
    wizchip_setnetinfo                       0x08025c2d   Thumb Code    80  wizchip_conf.o(i.wizchip_setnetinfo)
    wizchip_spi_readbyte                     0x08025c85   Thumb Code    26  wizchip_conf.o(i.wizchip_spi_readbyte)
    wizchip_spi_writebyte                    0x08025ca5   Thumb Code    18  wizchip_conf.o(i.wizchip_spi_writebyte)
    wizchip_sw_reset                         0x08025cbd   Thumb Code   114  wizchip_conf.o(i.wizchip_sw_reset)
    wizphy_getphylink                        0x08025d2f   Thumb Code    24  wizchip_conf.o(i.wizphy_getphylink)
    xPortStartScheduler                      0x08025d49   Thumb Code    58  port.o(i.xPortStartScheduler)
    xPortSysTickHandler                      0x08025d91   Thumb Code    46  port.o(i.xPortSysTickHandler)
    xQueueCreateMutex                        0x08025dc5   Thumb Code    34  queue.o(i.xQueueCreateMutex)
    xQueueGenericCreate                      0x08025de7   Thumb Code    76  queue.o(i.xQueueGenericCreate)
    xQueueGenericReset                       0x08025e35   Thumb Code   156  queue.o(i.xQueueGenericReset)
    xQueueGenericSend                        0x08025ed5   Thumb Code   276  queue.o(i.xQueueGenericSend)
    xQueueGiveMutexRecursive                 0x08025fed   Thumb Code    48  queue.o(i.xQueueGiveMutexRecursive)
    xQueueSemaphoreTake                      0x0802601d   Thumb Code   300  queue.o(i.xQueueSemaphoreTake)
    xQueueTakeMutexRecursive                 0x0802614d   Thumb Code    54  queue.o(i.xQueueTakeMutexRecursive)
    xTaskCheckForTimeOut                     0x08026185   Thumb Code    88  tasks.o(i.xTaskCheckForTimeOut)
    xTaskCreate                              0x080261e5   Thumb Code   104  tasks.o(i.xTaskCreate)
    xTaskDelayUntil                          0x0802624d   Thumb Code   108  tasks.o(i.xTaskDelayUntil)
    xTaskGetCurrentTaskHandle                0x080262c1   Thumb Code     6  tasks.o(i.xTaskGetCurrentTaskHandle)
    xTaskGetSchedulerState                   0x080262cd   Thumb Code    24  tasks.o(i.xTaskGetSchedulerState)
    xTaskGetTickCount                        0x080262ed   Thumb Code     6  tasks.o(i.xTaskGetTickCount)
    xTaskIncrementTick                       0x080262f9   Thumb Code   356  tasks.o(i.xTaskIncrementTick)
    xTaskPriorityDisinherit                  0x08026489   Thumb Code   162  tasks.o(i.xTaskPriorityDisinherit)
    xTaskPriorityInherit                     0x08026535   Thumb Code   224  tasks.o(i.xTaskPriorityInherit)
    xTaskRemoveFromEventList                 0x08026621   Thumb Code   240  tasks.o(i.xTaskRemoveFromEventList)
    xTaskResumeAll                           0x08026729   Thumb Code   310  tasks.o(i.xTaskResumeAll)
    AHBPrescTable                            0x08026884   Data          16  system_stm32f4xx.o(.constdata)
    APBPrescTable                            0x08026894   Data           8  system_stm32f4xx.o(.constdata)
    Region$$Table$$Base                      0x08026b0c   Number         0  anon$$obj.o(Region$$Table)
    Region$$Table$$Limit                     0x08026b2c   Number         0  anon$$obj.o(Region$$Table)
    uwTick                                   0x20000000   Data           4  stm32f4xx_hal.o(.data)
    uwTickPrio                               0x20000004   Data           4  stm32f4xx_hal.o(.data)
    uwTickFreq                               0x20000008   Data           1  stm32f4xx_hal.o(.data)
    SystemCoreClock                          0x2000000c   Data           4  system_stm32f4xx.o(.data)
    pxCurrentTCB                             0x20000030   Data           4  tasks.o(.data)
    uxTopUsedPriority                        0x20000068   Data           4  tasks.o(.data)
    sock_pack_info                           0x20000076   Data           8  socket.o(.data)
    WIZCHIP                                  0x20000080   Data          44  wizchip_conf.o(.data)
    TASK_NETWORK_handle                      0x200000b4   Data           4  app_freertos.o(.data)
    TASK_DEBUG_handle                        0x200000b8   Data           4  app_freertos.o(.data)
    TASK_ADC_VERIFY_handle                   0x200000bc   Data           4  app_freertos.o(.data)
    g_runtime_data                           0x200000c0   Data           2  app_network.o(.data)
    hcan1                                    0x200081ac   Data          40  can.o(.bss)
    hspi2                                    0x200081d4   Data          88  spi.o(.bss)
    hspi3                                    0x2000822c   Data          88  spi.o(.bss)
    huart2                                   0x20008284   Data          72  usart.o(.bss)
    htim1                                    0x200082cc   Data          72  stm32f4xx_hal_timebase_tim.o(.bss)
    AdcHealth                                0x20008314   Data         192  app_freertos.o(.bss)
    g_net_config                             0x200083d4   Data          26  app_network.o(.bss)
    g_eth_rx_buf                             0x200083ee   Data        2048  app_network.o(.bss)
    __initial_sp                             0x2000abf0   Data           0  startup_stm32f407xx.o(STACK)



==============================================================================

Memory Map of the image

  Image Entry point : 0x08020189

  Load Region LR_IROM1 (Base: 0x08020000, Size: 0x00006c00, Max: 0x00060000, ABSOLUTE)

    Execution Region ER_IROM1 (Exec base: 0x08020000, Load base: 0x08020000, Size: 0x00006b2c, Max: 0x00060000, ABSOLUTE)

    Exec Addr    Load Addr    Size         Type   Attr      Idx    E Section Name        Object

    0x08020000   0x08020000   0x00000188   Data   RO            3    RESET               startup_stm32f407xx.o
    0x08020188   0x08020188   0x00000000   Code   RO         6077  * .ARM.Collect$$$$00000000  mc_w.l(entry.o)
    0x08020188   0x08020188   0x00000004   Code   RO         6397    .ARM.Collect$$$$00000001  mc_w.l(entry2.o)
    0x0802018c   0x0802018c   0x00000004   Code   RO         6400    .ARM.Collect$$$$00000004  mc_w.l(entry5.o)
    0x08020190   0x08020190   0x00000000   Code   RO         6402    .ARM.Collect$$$$00000008  mc_w.l(entry7b.o)
    0x08020190   0x08020190   0x00000000   Code   RO         6404    .ARM.Collect$$$$0000000A  mc_w.l(entry8b.o)
    0x08020190   0x08020190   0x00000008   Code   RO         6405    .ARM.Collect$$$$0000000B  mc_w.l(entry9a.o)
    0x08020198   0x08020198   0x00000004   Code   RO         6412    .ARM.Collect$$$$0000000E  mc_w.l(entry12b.o)
    0x0802019c   0x0802019c   0x00000000   Code   RO         6407    .ARM.Collect$$$$0000000F  mc_w.l(entry10a.o)
    0x0802019c   0x0802019c   0x00000000   Code   RO         6409    .ARM.Collect$$$$00000011  mc_w.l(entry11a.o)
    0x0802019c   0x0802019c   0x00000004   Code   RO         6398    .ARM.Collect$$$$00002712  mc_w.l(entry2.o)
    0x080201a0   0x080201a0   0x000000be   Code   RO         3345    .emb_text           port.o
    0x0802025e   0x0802025e   0x00000002   PAD
    0x08020260   0x08020260   0x00000024   Code   RO            4    .text               startup_stm32f407xx.o
    0x08020284   0x08020284   0x00000062   Code   RO         6080    .text               mc_w.l(uldiv.o)
    0x080202e6   0x080202e6   0x00000024   Code   RO         6082    .text               mc_w.l(memcpya.o)
    0x0802030a   0x0802030a   0x00000024   Code   RO         6084    .text               mc_w.l(memseta.o)
    0x0802032e   0x0802032e   0x0000002c   Code   RO         6416    .text               mc_w.l(uidiv.o)
    0x0802035a   0x0802035a   0x0000001e   Code   RO         6418    .text               mc_w.l(llshl.o)
    0x08020378   0x08020378   0x00000020   Code   RO         6420    .text               mc_w.l(llushr.o)
    0x08020398   0x08020398   0x00000000   Code   RO         6424    .text               mc_w.l(iusefp.o)
    0x08020398   0x08020398   0x0000014e   Code   RO         6425    .text               mf_w.l(dadd.o)
    0x080204e6   0x080204e6   0x000000e4   Code   RO         6427    .text               mf_w.l(dmul.o)
    0x080205ca   0x080205ca   0x000000de   Code   RO         6429    .text               mf_w.l(ddiv.o)
    0x080206a8   0x080206a8   0x00000030   Code   RO         6431    .text               mf_w.l(dfixul.o)
    0x080206d8   0x080206d8   0x00000030   Code   RO         6433    .text               mf_w.l(cdrcmple.o)
    0x08020708   0x08020708   0x00000024   Code   RO         6435    .text               mc_w.l(init.o)
    0x0802072c   0x0802072c   0x00000024   Code   RO         6438    .text               mc_w.l(llsshr.o)
    0x08020750   0x08020750   0x000000ba   Code   RO         6441    .text               mf_w.l(depilogue.o)
    0x0802080a   0x0802080a   0x00000052   Code   RO         5879    i.ADC_Recover_Channel  dri_cs5530.o
    0x0802085c   0x0802085c   0x000000a0   Code   RO         5603    i.App_Load_Net_Config  app_network.o
    0x080208fc   0x080208fc   0x000000c4   Code   RO         5604    i.App_W5500_Init    app_network.o
    0x080209c0   0x080209c0   0x00000080   Code   RO         5560    i.App_freeRTOS_Start  app_freertos.o
    0x08020a40   0x08020a40   0x00000004   Code   RO         5427    i.BusFault_Handler  stm32f4xx_it.o
    0x08020a44   0x08020a44   0x00000024   Code   RO         5880    i.CS5530_Deselect   dri_cs5530.o
    0x08020a68   0x08020a68   0x000001a0   Code   RO         5881    i.CS5530_Init_All   dri_cs5530.o
    0x08020c08   0x08020c08   0x00000042   Code   RO         5882    i.CS5530_Read_Config  dri_cs5530.o
    0x08020c4a   0x08020c4a   0x00000002   PAD
    0x08020c4c   0x08020c4c   0x0000008c   Code   RO         5883    i.CS5530_Read_Data  dri_cs5530.o
    0x08020cd8   0x08020cd8   0x000000b0   Code   RO         5884    i.CS5530_Reset_Serial  dri_cs5530.o
    0x08020d88   0x08020d88   0x00000024   Code   RO         5885    i.CS5530_Select     dri_cs5530.o
    0x08020dac   0x08020dac   0x00000020   Code   RO         5886    i.CS5530_Start_Continuous  dri_cs5530.o
    0x08020dcc   0x08020dcc   0x00000036   Code   RO         5887    i.CS5530_Write_Config  dri_cs5530.o
    0x08020e02   0x08020e02   0x00000002   PAD
    0x08020e04   0x08020e04   0x0000002c   Code   RO         6060    i.Com_CRC16_Calculate  com_crc.o
    0x08020e30   0x08020e30   0x0000000c   Code   RO         5681    i.Commu_Init        app_commu.o
    0x08020e3c   0x08020e3c   0x0000009c   Code   RO         5682    i.Commu_Reply_Packet  app_commu.o
    0x08020ed8   0x08020ed8   0x00000078   Code   RO         5683    i.Commu_Send_RealTime_If_Active  app_commu.o
    0x08020f50   0x08020f50   0x00000002   Code   RO         5428    i.DebugMon_Handler  stm32f4xx_it.o
    0x08020f52   0x08020f52   0x00000002   PAD
    0x08020f54   0x08020f54   0x00000028   Code   RO         6012    i.Delay_Init        com_util.o
    0x08020f7c   0x08020f7c   0x00000006   Code   RO         5175    i.Error_Handler     main.o
    0x08020f82   0x08020f82   0x00000174   Code   RO           27    i.HAL_CAN_Init      stm32f4xx_hal_can.o
    0x080210f6   0x080210f6   0x00000002   PAD
    0x080210f8   0x080210f8   0x00000088   Code   RO         5296    i.HAL_CAN_MspInit   can.o
    0x08021180   0x08021180   0x000001f4   Code   RO          747    i.HAL_GPIO_Init     stm32f4xx_hal_gpio.o
    0x08021374   0x08021374   0x00000010   Code   RO          749    i.HAL_GPIO_ReadPin  stm32f4xx_hal_gpio.o
    0x08021384   0x08021384   0x00000014   Code   RO          750    i.HAL_GPIO_TogglePin  stm32f4xx_hal_gpio.o
    0x08021398   0x08021398   0x0000000c   Code   RO          751    i.HAL_GPIO_WritePin  stm32f4xx_hal_gpio.o
    0x080213a4   0x080213a4   0x0000000c   Code   RO         1290    i.HAL_GetTick       stm32f4xx_hal.o
    0x080213b0   0x080213b0   0x00000018   Code   RO         1296    i.HAL_IncTick       stm32f4xx_hal.o
    0x080213c8   0x080213c8   0x0000003c   Code   RO         1297    i.HAL_Init          stm32f4xx_hal.o
    0x08021404   0x08021404   0x000000a0   Code   RO         5521    i.HAL_InitTick      stm32f4xx_hal_timebase_tim.o
    0x080214a4   0x080214a4   0x00000048   Code   RO         5497    i.HAL_MspInit       stm32f4xx_hal_msp.o
    0x080214ec   0x080214ec   0x00000028   Code   RO         1137    i.HAL_NVIC_EnableIRQ  stm32f4xx_hal_cortex.o
    0x08021514   0x08021514   0x0000007c   Code   RO         1143    i.HAL_NVIC_SetPriority  stm32f4xx_hal_cortex.o
    0x08021590   0x08021590   0x00000028   Code   RO         1144    i.HAL_NVIC_SetPriorityGrouping  stm32f4xx_hal_cortex.o
    0x080215b8   0x080215b8   0x00000184   Code   RO          348    i.HAL_RCC_ClockConfig  stm32f4xx_hal_rcc.o
    0x0802173c   0x0802173c   0x00000180   Code   RO          454    i.HAL_RCC_DeInit    stm32f4xx_hal_rcc_ex.o
    0x080218bc   0x080218bc   0x00000044   Code   RO          352    i.HAL_RCC_GetClockConfig  stm32f4xx_hal_rcc.o
    0x08021900   0x08021900   0x0000000c   Code   RO          353    i.HAL_RCC_GetHCLKFreq  stm32f4xx_hal_rcc.o
    0x0802190c   0x0802190c   0x00000020   Code   RO          355    i.HAL_RCC_GetPCLK1Freq  stm32f4xx_hal_rcc.o
    0x0802192c   0x0802192c   0x00000020   Code   RO          356    i.HAL_RCC_GetPCLK2Freq  stm32f4xx_hal_rcc.o
    0x0802194c   0x0802194c   0x000000b0   Code   RO          357    i.HAL_RCC_GetSysClockFreq  stm32f4xx_hal_rcc.o
    0x080219fc   0x080219fc   0x0000049c   Code   RO          360    i.HAL_RCC_OscConfig  stm32f4xx_hal_rcc.o
    0x08021e98   0x08021e98   0x000000c8   Code   RO         1546    i.HAL_SPI_Init      stm32f4xx_hal_spi.o
    0x08021f60   0x08021f60   0x00000138   Code   RO         5338    i.HAL_SPI_MspInit   spi.o
    0x08022098   0x08022098   0x0000017e   Code   RO         1549    i.HAL_SPI_Receive   stm32f4xx_hal_spi.o
    0x08022216   0x08022216   0x000001bc   Code   RO         1554    i.HAL_SPI_Transmit  stm32f4xx_hal_spi.o
    0x080223d2   0x080223d2   0x00000240   Code   RO         1555    i.HAL_SPI_TransmitReceive  stm32f4xx_hal_spi.o
    0x08022612   0x08022612   0x00000002   Code   RO         2574    i.HAL_TIMEx_BreakCallback  stm32f4xx_hal_tim_ex.o
    0x08022614   0x08022614   0x00000002   Code   RO         2575    i.HAL_TIMEx_CommutCallback  stm32f4xx_hal_tim_ex.o
    0x08022616   0x08022616   0x00000066   Code   RO         1859    i.HAL_TIM_Base_Init  stm32f4xx_hal_tim.o
    0x0802267c   0x0802267c   0x00000002   Code   RO         1861    i.HAL_TIM_Base_MspInit  stm32f4xx_hal_tim.o
    0x0802267e   0x0802267e   0x00000002   PAD
    0x08022680   0x08022680   0x000000a8   Code   RO         1864    i.HAL_TIM_Base_Start_IT  stm32f4xx_hal_tim.o
    0x08022728   0x08022728   0x00000002   Code   RO         1893    i.HAL_TIM_IC_CaptureCallback  stm32f4xx_hal_tim.o
    0x0802272a   0x0802272a   0x0000016c   Code   RO         1907    i.HAL_TIM_IRQHandler  stm32f4xx_hal_tim.o
    0x08022896   0x08022896   0x00000002   Code   RO         1910    i.HAL_TIM_OC_DelayElapsedCallback  stm32f4xx_hal_tim.o
    0x08022898   0x08022898   0x00000002   Code   RO         1937    i.HAL_TIM_PWM_PulseFinishedCallback  stm32f4xx_hal_tim.o
    0x0802289a   0x0802289a   0x00000002   PAD
    0x0802289c   0x0802289c   0x00000018   Code   RO         5176    i.HAL_TIM_PeriodElapsedCallback  main.o
    0x080228b4   0x080228b4   0x00000002   Code   RO         1950    i.HAL_TIM_TriggerCallback  stm32f4xx_hal_tim.o
    0x080228b6   0x080228b6   0x00000076   Code   RO         2871    i.HAL_UART_Init     stm32f4xx_hal_uart.o
    0x0802292c   0x0802292c   0x00000088   Code   RO         5386    i.HAL_UART_MspInit  usart.o
    0x080229b4   0x080229b4   0x00000004   Code   RO         5429    i.HardFault_Handler  stm32f4xx_it.o
    0x080229b8   0x080229b8   0x00000038   Code   RO         5297    i.MX_CAN1_Init      can.o
    0x080229f0   0x080229f0   0x00000188   Code   RO         5271    i.MX_GPIO_Init      gpio.o
    0x08022b78   0x08022b78   0x00000044   Code   RO         5339    i.MX_SPI2_Init      spi.o
    0x08022bbc   0x08022bbc   0x00000044   Code   RO         5340    i.MX_SPI3_Init      spi.o
    0x08022c00   0x08022c00   0x00000038   Code   RO         5387    i.MX_USART2_UART_Init  usart.o
    0x08022c38   0x08022c38   0x00000004   Code   RO         5430    i.MemManage_Handler  stm32f4xx_it.o
    0x08022c3c   0x08022c3c   0x00000004   Code   RO         5431    i.NMI_Handler       stm32f4xx_it.o
    0x08022c40   0x08022c40   0x000000d0   Code   RO         5605    i.Process_TCP_Server  app_network.o
    0x08022d10   0x08022d10   0x0000006c   Code   RO         5606    i.Process_UDP_Echo  app_network.o
    0x08022d7c   0x08022d7c   0x00000094   Code   RO         1583    i.SPI_EndRxTransaction  stm32f4xx_hal_spi.o
    0x08022e10   0x08022e10   0x00000088   Code   RO         1584    i.SPI_EndRxTxTransaction  stm32f4xx_hal_spi.o
    0x08022e98   0x08022e98   0x00000028   Code   RO         5888    i.SPI_Exchange      dri_cs5530.o
    0x08022ec0   0x08022ec0   0x000000d8   Code   RO         1589    i.SPI_WaitFlagStateUntilTimeout  stm32f4xx_hal_spi.o
    0x08022f98   0x08022f98   0x00000012   Code   RO         5889    i.Soft_Delay        dri_cs5530.o
    0x08022faa   0x08022faa   0x00000010   Code   RO         5432    i.SysTick_Handler   stm32f4xx_it.o
    0x08022fba   0x08022fba   0x00000002   PAD
    0x08022fbc   0x08022fbc   0x000000b4   Code   RO         5177    i.SystemClock_Config  main.o
    0x08023070   0x08023070   0x00000014   Code   RO         3215    i.SystemInit        system_stm32f4xx.o
    0x08023084   0x08023084   0x00000010   Code   RO         5433    i.TIM1_UP_TIM10_IRQHandler  stm32f4xx_it.o
    0x08023094   0x08023094   0x000000e8   Code   RO         1952    i.TIM_Base_SetConfig  stm32f4xx_hal_tim.o
    0x0802317c   0x0802317c   0x00000208   Code   RO         5561    i.Task_ADC_Verify   app_freertos.o
    0x08023384   0x08023384   0x00000068   Code   RO         5562    i.Task_Debug_Server  app_freertos.o
    0x080233ec   0x080233ec   0x000000a0   Code   RO         5607    i.Task_Network      app_network.o
    0x0802348c   0x0802348c   0x0000022c   Code   RO         2898    i.UART_SetConfig    stm32f4xx_hal_uart.o
    0x080236b8   0x080236b8   0x00000004   Code   RO         5434    i.UsageFault_Handler  stm32f4xx_it.o
    0x080236bc   0x080236bc   0x0000001c   Code   RO         5608    i.W5500_Critical_Enter  app_network.o
    0x080236d8   0x080236d8   0x00000018   Code   RO         5609    i.W5500_Critical_Exit  app_network.o
    0x080236f0   0x080236f0   0x00000074   Code   RO         4750    i.WIZCHIP_READ      w5500.o
    0x08023764   0x08023764   0x0000008c   Code   RO         4751    i.WIZCHIP_READ_BUF  w5500.o
    0x080237f0   0x080237f0   0x00000074   Code   RO         4752    i.WIZCHIP_WRITE     w5500.o
    0x08023864   0x08023864   0x00000088   Code   RO         4753    i.WIZCHIP_WRITE_BUF  w5500.o
    0x080238ec   0x080238ec   0x00000034   Code   RO         6346    i.__0vsnprintf      mc_w.l(printfa.o)
    0x08023920   0x08023920   0x00000010   Code   RO         1150    i.__NVIC_GetPriorityGrouping  stm32f4xx_hal_cortex.o
    0x08023930   0x08023930   0x00000028   Code   RO         1151    i.__NVIC_SetPriority  stm32f4xx_hal_cortex.o
    0x08023958   0x08023958   0x0000000e   Code   RO         6445    i.__scatterload_copy  mc_w.l(handlers.o)
    0x08023966   0x08023966   0x00000002   Code   RO         6446    i.__scatterload_null  mc_w.l(handlers.o)
    0x08023968   0x08023968   0x0000000e   Code   RO         6447    i.__scatterload_zeroinit  mc_w.l(handlers.o)
    0x08023976   0x08023976   0x00000002   PAD
    0x08023978   0x08023978   0x00000184   Code   RO         6348    i._fp_digits        mc_w.l(printfa.o)
    0x08023afc   0x08023afc   0x000006b4   Code   RO         6349    i._printf_core      mc_w.l(printfa.o)
    0x080241b0   0x080241b0   0x00000024   Code   RO         6350    i._printf_post_padding  mc_w.l(printfa.o)
    0x080241d4   0x080241d4   0x0000002e   Code   RO         6351    i._printf_pre_padding  mc_w.l(printfa.o)
    0x08024202   0x08024202   0x00000016   Code   RO         6352    i._snputc           mc_w.l(printfa.o)
    0x08024218   0x08024218   0x000000a0   Code   RO         4825    i.close             socket.o
    0x080242b8   0x080242b8   0x00000040   Code   RO         5962    i.debug_printf      com_debug.o
    0x080242f8   0x080242f8   0x000000bc   Code   RO         4828    i.disconnect        socket.o
    0x080243b4   0x080243b4   0x0000006c   Code   RO         4754    i.getSn_RX_RSR      w5500.o
    0x08024420   0x08024420   0x0000006c   Code   RO         4755    i.getSn_TX_FSR      w5500.o
    0x0802448c   0x0802448c   0x0000009e   Code   RO         4830    i.listen            socket.o
    0x0802452a   0x0802452a   0x00000002   PAD
    0x0802452c   0x0802452c   0x0000003c   Code   RO         5178    i.main              main.o
    0x08024568   0x08024568   0x000000c0   Code   RO         3861    i.prvAddCurrentTaskToDelayedList  tasks.o
    0x08024628   0x08024628   0x000000e4   Code   RO         3862    i.prvAddNewTaskToReadyList  tasks.o
    0x0802470c   0x0802470c   0x00000048   Code   RO         3863    i.prvCheckTasksWaitingTermination  tasks.o
    0x08024754   0x08024754   0x0000007e   Code   RO         3551    i.prvCopyDataToQueue  queue.o
    0x080247d2   0x080247d2   0x00000012   Code   RO         3864    i.prvDeleteTCB      tasks.o
    0x080247e4   0x080247e4   0x00000014   Code   RO         3552    i.prvGetDisinheritPriorityAfterTimeout  queue.o
    0x080247f8   0x080247f8   0x00000070   Code   RO         3248    i.prvHeapInit       heap_4.o
    0x08024868   0x08024868   0x00000028   Code   RO         3865    i.prvIdleTask       tasks.o
    0x08024890   0x08024890   0x0000001e   Code   RO         3553    i.prvInitialiseMutex  queue.o
    0x080248ae   0x080248ae   0x00000026   Code   RO         3554    i.prvInitialiseNewQueue  queue.o
    0x080248d4   0x080248d4   0x0000007c   Code   RO         3866    i.prvInitialiseNewTask  tasks.o
    0x08024950   0x08024950   0x00000068   Code   RO         3867    i.prvInitialiseTaskLists  tasks.o
    0x080249b8   0x080249b8   0x00000068   Code   RO         3249    i.prvInsertBlockIntoFreeList  heap_4.o
    0x08024a20   0x08024a20   0x0000001a   Code   RO         3555    i.prvIsQueueEmpty   queue.o
    0x08024a3a   0x08024a3a   0x0000001e   Code   RO         3556    i.prvIsQueueFull    queue.o
    0x08024a58   0x08024a58   0x00000030   Code   RO         3868    i.prvResetNextTaskUnblockTime  tasks.o
    0x08024a88   0x08024a88   0x00000016   Code   RO         3346    i.prvTaskExitError  port.o
    0x08024a9e   0x08024a9e   0x0000007e   Code   RO         3557    i.prvUnlockQueue    queue.o
    0x08024b1c   0x08024b1c   0x000000e4   Code   RO         3251    i.pvPortMalloc      heap_4.o
    0x08024c00   0x08024c00   0x00000020   Code   RO         3870    i.pvTaskIncrementMutexHeldCount  tasks.o
    0x08024c20   0x08024c20   0x0000002c   Code   RO         3347    i.pxPortInitialiseStack  port.o
    0x08024c4c   0x08024c4c   0x00000120   Code   RO         4831    i.recv              socket.o
    0x08024d6c   0x08024d6c   0x0000030c   Code   RO         4832    i.recvfrom          socket.o
    0x08025078   0x08025078   0x00000028   Code   RO         4932    i.reg_wizchip_cris_cbfunc  wizchip_conf.o
    0x080250a0   0x080250a0   0x00000028   Code   RO         4933    i.reg_wizchip_cs_cbfunc  wizchip_conf.o
    0x080250c8   0x080250c8   0x00000034   Code   RO         4934    i.reg_wizchip_spi_cbfunc  wizchip_conf.o
    0x080250fc   0x080250fc   0x00000180   Code   RO         4833    i.send              socket.o
    0x0802527c   0x0802527c   0x0000020c   Code   RO         4834    i.sendto            socket.o
    0x08025488   0x08025488   0x00000194   Code   RO         4836    i.socket            socket.o
    0x0802561c   0x0802561c   0x00000034   Code   RO         4936    i.user_reg_function  wizchip_conf.o
    0x08025650   0x08025650   0x00000028   Code   RO         3514    i.uxListRemove      list.o
    0x08025678   0x08025678   0x0000001a   Code   RO         3515    i.vListInitialise   list.o
    0x08025692   0x08025692   0x00000006   Code   RO         3516    i.vListInitialiseItem  list.o
    0x08025698   0x08025698   0x00000034   Code   RO         3517    i.vListInsert       list.o
    0x080256cc   0x080256cc   0x00000024   Code   RO         3349    i.vPortEnterCritical  port.o
    0x080256f0   0x080256f0   0x00000020   Code   RO         3350    i.vPortExitCritical  port.o
    0x08025710   0x08025710   0x0000004c   Code   RO         3252    i.vPortFree         heap_4.o
    0x0802575c   0x0802575c   0x00000018   Code   RO         3351    i.vPortSetupTimerInterrupt  port.o
    0x08025774   0x08025774   0x00000034   Code   RO         3877    i.vTaskDelay        tasks.o
    0x080257a8   0x080257a8   0x00000018   Code   RO         3881    i.vTaskInternalSetTimeOutState  tasks.o
    0x080257c0   0x080257c0   0x0000000c   Code   RO         3882    i.vTaskMissedYield  tasks.o
    0x080257cc   0x080257cc   0x00000020   Code   RO         3883    i.vTaskPlaceOnEventList  tasks.o
    0x080257ec   0x080257ec   0x000000d4   Code   RO         3885    i.vTaskPriorityDisinheritAfterTimeout  tasks.o
    0x080258c0   0x080258c0   0x0000006c   Code   RO         3890    i.vTaskStartScheduler  tasks.o
    0x0802592c   0x0802592c   0x00000010   Code   RO         3892    i.vTaskSuspendAll   tasks.o
    0x0802593c   0x0802593c   0x00000060   Code   RO         3893    i.vTaskSwitchContext  tasks.o
    0x0802599c   0x0802599c   0x00000084   Code   RO         4756    i.wiz_recv_data     w5500.o
    0x08025a20   0x08025a20   0x00000066   Code   RO         4757    i.wiz_recv_ignore   w5500.o
    0x08025a86   0x08025a86   0x00000084   Code   RO         4758    i.wiz_send_data     w5500.o
    0x08025b0a   0x08025b0a   0x00000006   Code   RO         4937    i.wizchip_bus_readdata  wizchip_conf.o
    0x08025b10   0x08025b10   0x00000004   Code   RO         4938    i.wizchip_bus_writedata  wizchip_conf.o
    0x08025b14   0x08025b14   0x00000002   Code   RO         4940    i.wizchip_cris_enter  wizchip_conf.o
    0x08025b16   0x08025b16   0x00000002   Code   RO         4941    i.wizchip_cris_exit  wizchip_conf.o
    0x08025b18   0x08025b18   0x00000014   Code   RO         4942    i.wizchip_cs_deselect  wizchip_conf.o
    0x08025b2c   0x08025b2c   0x00000014   Code   RO         4943    i.wizchip_cs_select  wizchip_conf.o
    0x08025b40   0x08025b40   0x0000005c   Code   RO         4946    i.wizchip_getnetinfo  wizchip_conf.o
    0x08025b9c   0x08025b9c   0x00000090   Code   RO         4949    i.wizchip_init      wizchip_conf.o
    0x08025c2c   0x08025c2c   0x00000058   Code   RO         4951    i.wizchip_setnetinfo  wizchip_conf.o
    0x08025c84   0x08025c84   0x00000020   Code   RO         4955    i.wizchip_spi_readbyte  wizchip_conf.o
    0x08025ca4   0x08025ca4   0x00000018   Code   RO         4957    i.wizchip_spi_writebyte  wizchip_conf.o
    0x08025cbc   0x08025cbc   0x00000072   Code   RO         4958    i.wizchip_sw_reset  wizchip_conf.o
    0x08025d2e   0x08025d2e   0x00000018   Code   RO         4960    i.wizphy_getphylink  wizchip_conf.o
    0x08025d46   0x08025d46   0x00000002   PAD
    0x08025d48   0x08025d48   0x00000048   Code   RO         3352    i.xPortStartScheduler  port.o
    0x08025d90   0x08025d90   0x00000034   Code   RO         3353    i.xPortSysTickHandler  port.o
    0x08025dc4   0x08025dc4   0x00000022   Code   RO         3563    i.xQueueCreateMutex  queue.o
    0x08025de6   0x08025de6   0x0000004c   Code   RO         3564    i.xQueueGenericCreate  queue.o
    0x08025e32   0x08025e32   0x00000002   PAD
    0x08025e34   0x08025e34   0x000000a0   Code   RO         3565    i.xQueueGenericReset  queue.o
    0x08025ed4   0x08025ed4   0x00000118   Code   RO         3566    i.xQueueGenericSend  queue.o
    0x08025fec   0x08025fec   0x00000030   Code   RO         3569    i.xQueueGiveMutexRecursive  queue.o
    0x0802601c   0x0802601c   0x00000130   Code   RO         3576    i.xQueueSemaphoreTake  queue.o
    0x0802614c   0x0802614c   0x00000036   Code   RO         3577    i.xQueueTakeMutexRecursive  queue.o
    0x08026182   0x08026182   0x00000002   PAD
    0x08026184   0x08026184   0x00000060   Code   RO         3895    i.xTaskCheckForTimeOut  tasks.o
    0x080261e4   0x080261e4   0x00000068   Code   RO         3896    i.xTaskCreate       tasks.o
    0x0802624c   0x0802624c   0x00000074   Code   RO         3897    i.xTaskDelayUntil   tasks.o
    0x080262c0   0x080262c0   0x0000000c   Code   RO         3902    i.xTaskGetCurrentTaskHandle  tasks.o
    0x080262cc   0x080262cc   0x00000020   Code   RO         3903    i.xTaskGetSchedulerState  tasks.o
    0x080262ec   0x080262ec   0x0000000c   Code   RO         3904    i.xTaskGetTickCount  tasks.o
    0x080262f8   0x080262f8   0x00000190   Code   RO         3906    i.xTaskIncrementTick  tasks.o
    0x08026488   0x08026488   0x000000ac   Code   RO         3907    i.xTaskPriorityDisinherit  tasks.o
    0x08026534   0x08026534   0x000000ec   Code   RO         3908    i.xTaskPriorityInherit  tasks.o
    0x08026620   0x08026620   0x00000108   Code   RO         3909    i.xTaskRemoveFromEventList  tasks.o
    0x08026728   0x08026728   0x0000015c   Code   RO         3910    i.xTaskResumeAll    tasks.o
    0x08026884   0x08026884   0x00000018   Data   RO         3216    .constdata          system_stm32f4xx.o
    0x0802689c   0x0802689c   0x00000010   Data   RO         5611    .constdata          app_network.o
    0x080268ac   0x080268ac   0x00000060   Data   RO         5890    .constdata          dri_cs5530.o
    0x0802690c   0x0802690c   0x00000200   Data   RO         6061    .constdata          com_crc.o
    0x08026b0c   0x08026b0c   0x00000020   Data   RO         6443    Region$$Table       anon$$obj.o


    Execution Region RW_IRAM1 (Exec base: 0x20000000, Load base: 0x08026b2c, Size: 0x0000abf0, Max: 0x00020000, ABSOLUTE)

    Exec Addr    Load Addr    Size         Type   Attr      Idx    E Section Name        Object

    0x20000000   0x08026b2c   0x00000009   Data   RW         1304    .data               stm32f4xx_hal.o
    0x20000009   0x08026b35   0x00000003   PAD
    0x2000000c   0x08026b38   0x00000004   Data   RW         3217    .data               system_stm32f4xx.o
    0x20000010   0x08026b3c   0x0000001c   Data   RW         3258    .data               heap_4.o
    0x2000002c   0x08026b58   0x00000004   Data   RW         3354    .data               port.o
    0x20000030   0x08026b5c   0x00000040   Data   RW         3913    .data               tasks.o
    0x20000070   0x08026b9c   0x0000000e   Data   RW         4838    .data               socket.o
    0x2000007e   0x08026baa   0x00000002   PAD
    0x20000080   0x08026bac   0x00000031   Data   RW         4966    .data               wizchip_conf.o
    0x200000b1   0x08026bdd   0x00000003   PAD
    0x200000b4   0x08026be0   0x0000000c   Data   RW         5564    .data               app_freertos.o
    0x200000c0   0x08026bec   0x00000008   Data   RW         5612    .data               app_network.o
    0x200000c8   0x08026bf4   0x0000000c   Data   RW         5693    .data               app_commu.o
    0x200000d4        -       0x00008000   Zero   RW         3257    .bss                heap_4.o
    0x200080d4        -       0x000000c8   Zero   RW         3912    .bss                tasks.o
    0x2000819c        -       0x00000010   Zero   RW         4837    .bss                socket.o
    0x200081ac        -       0x00000028   Zero   RW         5298    .bss                can.o
    0x200081d4        -       0x000000b0   Zero   RW         5341    .bss                spi.o
    0x20008284        -       0x00000048   Zero   RW         5388    .bss                usart.o
    0x200082cc        -       0x00000048   Zero   RW         5524    .bss                stm32f4xx_hal_timebase_tim.o
    0x20008314        -       0x000000c0   Zero   RW         5563    .bss                app_freertos.o
    0x200083d4        -       0x0000081a   Zero   RW         5610    .bss                app_network.o
    0x20008bee        -       0x00001000   Zero   RW         5692    .bss                app_commu.o
    0x20009bee   0x08026c00   0x00000002   PAD
    0x20009bf0        -       0x00001000   Zero   RW            1    STACK               startup_stm32f407xx.o


==============================================================================

Image component sizes


      Code (inc. data)   RO Data    RW Data    ZI Data      Debug   Object Name

       288         28          0         12       4096       2637   app_commu.o
       752        226          0         12        192       2796   app_freertos.o
       884        100         16          8       2074       9179   app_network.o
       192         20          0          0         40       1601   can.o
        44          4        512          0          0       1074   com_crc.o
        64          0          0          0          0       1223   com_debug.o
        40         10          0          0          0        433   com_util.o
      1096        404         96          0          0       6787   dri_cs5530.o
         0          0          0          0          0      11972   event_groups.o
       392         22          0          0          0       1107   gpio.o
       520         58          0         28      32768      21067   heap_4.o
       124          0          0          0          0       2569   list.o
       270         22          0          0          0       6577   main.o
       472         56          0          4          0       9272   port.o
      1352         12          0          0          0      14415   queue.o
      2886         80          0         14         16       7914   socket.o
       448         38          0          0        176       2326   spi.o
        36          8        392          0       4096        820   startup_stm32f407xx.o
        96         20          0          9          0       7990   stm32f4xx_hal.o
       372          0          0          0          0     709075   stm32f4xx_hal_can.o
       260         22          0          0          0      33470   stm32f4xx_hal_cortex.o
       548         46          0          0          0       3360   stm32f4xx_hal_gpio.o
        72          4          0          0          0        830   stm32f4xx_hal_msp.o
      1888         94          0          0          0       6153   stm32f4xx_hal_rcc.o
       384         26          0          0          0        849   stm32f4xx_hal_rcc_ex.o
      2102         14          0          0          0       7858   stm32f4xx_hal_spi.o
       876         76          0          0          0       6482   stm32f4xx_hal_tim.o
         4          0          0          0          0       1557   stm32f4xx_hal_tim_ex.o
       160         20          0          0         72       1387   stm32f4xx_hal_timebase_tim.o
       674         10          0          0          0       1828   stm32f4xx_hal_uart.o
        54          6          0          0          0       3706   stm32f4xx_it.o
        20          6         24          4          0       1087   system_stm32f4xx.o
      3202        376          0         64        200      34305   tasks.o
         0          0          0          0          0       2228   timers.o
       192         24          0          0         72       1638   usart.o
      1090         16          0          0          0       6502   w5500.o
       756        106          0         49          0      12894   wizchip_conf.o

    ----------------------------------------------------------------------
     22634       1954       1072        212      43804     946968   Object Totals
         0          0         32          0          0          0   (incl. Generated)
        24          0          0          8          2          0   (incl. Padding)

    ----------------------------------------------------------------------

      Code (inc. data)   RO Data    RW Data    ZI Data      Debug   Library Member Name

         0          0          0          0          0          0   entry.o
         0          0          0          0          0          0   entry10a.o
         0          0          0          0          0          0   entry11a.o
         4          0          0          0          0          0   entry12b.o
         8          4          0          0          0          0   entry2.o
         4          0          0          0          0          0   entry5.o
         0          0          0          0          0          0   entry7b.o
         0          0          0          0          0          0   entry8b.o
         8          4          0          0          0          0   entry9a.o
        30          0          0          0          0          0   handlers.o
        36          8          0          0          0         68   init.o
         0          0          0          0          0          0   iusefp.o
        30          0          0          0          0         68   llshl.o
        36          0          0          0          0         68   llsshr.o
        32          0          0          0          0         68   llushr.o
        36          0          0          0          0         68   memcpya.o
        36          0          0          0          0        108   memseta.o
      2260         86          0          0          0        528   printfa.o
        44          0          0          0          0         80   uidiv.o
        98          0          0          0          0         92   uldiv.o
        48          0          0          0          0         68   cdrcmple.o
       334          0          0          0          0        148   dadd.o
       222          0          0          0          0        100   ddiv.o
       186          0          0          0          0        176   depilogue.o
        48          0          0          0          0         68   dfixul.o
       228          0          0          0          0         96   dmul.o

    ----------------------------------------------------------------------
      3730        102          0          0          0       1804   Library Totals
         2          0          0          0          0          0   (incl. Padding)

    ----------------------------------------------------------------------

      Code (inc. data)   RO Data    RW Data    ZI Data      Debug   Library Name

      2662        102          0          0          0       1148   mc_w.l
      1066          0          0          0          0        656   mf_w.l

    ----------------------------------------------------------------------
      3730        102          0          0          0       1804   Library Totals

    ----------------------------------------------------------------------

==============================================================================


      Code (inc. data)   RO Data    RW Data    ZI Data      Debug   

     26364       2056       1072        212      43804     930440   Grand Totals
     26364       2056       1072        212      43804     930440   ELF Image Totals
     26364       2056       1072        212          0          0   ROM Totals

==============================================================================

    Total RO  Size (Code + RO Data)                27436 (  26.79kB)
    Total RW  Size (RW Data + ZI Data)             44016 (  42.98kB)
    Total ROM Size (Code + RO Data + RW Data)      27648 (  27.00kB)

==============================================================================

