Component: ARM Compiler 5.06 update 7 (build 960) Tool: armlink [4d3601]

==============================================================================

Section Cross References

    startup_stm32f407xx.o(RESET) refers to startup_stm32f407xx.o(STACK) for __initial_sp
    startup_stm32f407xx.o(RESET) refers to startup_stm32f407xx.o(.text) for Reset_Handler
    startup_stm32f407xx.o(RESET) refers to stm32f4xx_it.o(i.NMI_Handler) for NMI_Handler
    startup_stm32f407xx.o(RESET) refers to stm32f4xx_it.o(i.HardFault_Handler) for HardFault_Handler
    startup_stm32f407xx.o(RESET) refers to stm32f4xx_it.o(i.MemManage_Handler) for MemManage_Handler
    startup_stm32f407xx.o(RESET) refers to stm32f4xx_it.o(i.BusFault_Handler) for BusFault_Handler
    startup_stm32f407xx.o(RESET) refers to stm32f4xx_it.o(i.UsageFault_Handler) for UsageFault_Handler
    startup_stm32f407xx.o(RESET) refers to port.o(.emb_text) for SVC_Handler
    startup_stm32f407xx.o(RESET) refers to stm32f4xx_it.o(i.DebugMon_Handler) for DebugMon_Handler
    startup_stm32f407xx.o(RESET) refers to stm32f4xx_it.o(i.SysTick_Handler) for SysTick_Handler
    startup_stm32f407xx.o(RESET) refers to stm32f4xx_it.o(i.TIM1_UP_TIM10_IRQHandler) for TIM1_UP_TIM10_IRQHandler
    startup_stm32f407xx.o(RESET) refers to stm32f4xx_it.o(i.TIM2_IRQHandler) for TIM2_IRQHandler
    startup_stm32f407xx.o(.text) refers to system_stm32f4xx.o(i.SystemInit) for SystemInit
    startup_stm32f407xx.o(.text) refers to entry.o(.ARM.Collect$$$$00000000) for __main
    stm32f4xx_hal_can.o(i.HAL_CAN_DeInit) refers to stm32f4xx_hal_can.o(i.HAL_CAN_Stop) for HAL_CAN_Stop
    stm32f4xx_hal_can.o(i.HAL_CAN_DeInit) refers to can.o(i.HAL_CAN_MspDeInit) for HAL_CAN_MspDeInit
    stm32f4xx_hal_can.o(i.HAL_CAN_IRQHandler) refers to stm32f4xx_hal_can.o(i.HAL_CAN_TxMailbox0CompleteCallback) for HAL_CAN_TxMailbox0CompleteCallback
    stm32f4xx_hal_can.o(i.HAL_CAN_IRQHandler) refers to stm32f4xx_hal_can.o(i.HAL_CAN_TxMailbox0AbortCallback) for HAL_CAN_TxMailbox0AbortCallback
    stm32f4xx_hal_can.o(i.HAL_CAN_IRQHandler) refers to stm32f4xx_hal_can.o(i.HAL_CAN_TxMailbox1CompleteCallback) for HAL_CAN_TxMailbox1CompleteCallback
    stm32f4xx_hal_can.o(i.HAL_CAN_IRQHandler) refers to stm32f4xx_hal_can.o(i.HAL_CAN_TxMailbox1AbortCallback) for HAL_CAN_TxMailbox1AbortCallback
    stm32f4xx_hal_can.o(i.HAL_CAN_IRQHandler) refers to stm32f4xx_hal_can.o(i.HAL_CAN_TxMailbox2CompleteCallback) for HAL_CAN_TxMailbox2CompleteCallback
    stm32f4xx_hal_can.o(i.HAL_CAN_IRQHandler) refers to stm32f4xx_hal_can.o(i.HAL_CAN_TxMailbox2AbortCallback) for HAL_CAN_TxMailbox2AbortCallback
    stm32f4xx_hal_can.o(i.HAL_CAN_IRQHandler) refers to stm32f4xx_hal_can.o(i.HAL_CAN_RxFifo0FullCallback) for HAL_CAN_RxFifo0FullCallback
    stm32f4xx_hal_can.o(i.HAL_CAN_IRQHandler) refers to stm32f4xx_hal_can.o(i.HAL_CAN_RxFifo0MsgPendingCallback) for HAL_CAN_RxFifo0MsgPendingCallback
    stm32f4xx_hal_can.o(i.HAL_CAN_IRQHandler) refers to stm32f4xx_hal_can.o(i.HAL_CAN_RxFifo1FullCallback) for HAL_CAN_RxFifo1FullCallback
    stm32f4xx_hal_can.o(i.HAL_CAN_IRQHandler) refers to stm32f4xx_hal_can.o(i.HAL_CAN_RxFifo1MsgPendingCallback) for HAL_CAN_RxFifo1MsgPendingCallback
    stm32f4xx_hal_can.o(i.HAL_CAN_IRQHandler) refers to stm32f4xx_hal_can.o(i.HAL_CAN_SleepCallback) for HAL_CAN_SleepCallback
    stm32f4xx_hal_can.o(i.HAL_CAN_IRQHandler) refers to stm32f4xx_hal_can.o(i.HAL_CAN_WakeUpFromRxMsgCallback) for HAL_CAN_WakeUpFromRxMsgCallback
    stm32f4xx_hal_can.o(i.HAL_CAN_IRQHandler) refers to stm32f4xx_hal_can.o(i.HAL_CAN_ErrorCallback) for HAL_CAN_ErrorCallback
    stm32f4xx_hal_can.o(i.HAL_CAN_Init) refers to can.o(i.HAL_CAN_MspInit) for HAL_CAN_MspInit
    stm32f4xx_hal_can.o(i.HAL_CAN_Init) refers to stm32f4xx_hal.o(i.HAL_GetTick) for HAL_GetTick
    stm32f4xx_hal_can.o(i.HAL_CAN_Start) refers to stm32f4xx_hal.o(i.HAL_GetTick) for HAL_GetTick
    stm32f4xx_hal_can.o(i.HAL_CAN_Stop) refers to stm32f4xx_hal.o(i.HAL_GetTick) for HAL_GetTick
    stm32f4xx_hal_rcc.o(i.HAL_RCC_ClockConfig) refers to stm32f4xx_hal.o(i.HAL_GetTick) for HAL_GetTick
    stm32f4xx_hal_rcc.o(i.HAL_RCC_ClockConfig) refers to stm32f4xx_hal_rcc.o(i.HAL_RCC_GetSysClockFreq) for HAL_RCC_GetSysClockFreq
    stm32f4xx_hal_rcc.o(i.HAL_RCC_ClockConfig) refers to stm32f4xx_hal_timebase_tim.o(i.HAL_InitTick) for HAL_InitTick
    stm32f4xx_hal_rcc.o(i.HAL_RCC_ClockConfig) refers to system_stm32f4xx.o(.constdata) for AHBPrescTable
    stm32f4xx_hal_rcc.o(i.HAL_RCC_ClockConfig) refers to system_stm32f4xx.o(.data) for SystemCoreClock
    stm32f4xx_hal_rcc.o(i.HAL_RCC_ClockConfig) refers to stm32f4xx_hal.o(.data) for uwTickPrio
    stm32f4xx_hal_rcc.o(i.HAL_RCC_GetHCLKFreq) refers to system_stm32f4xx.o(.data) for SystemCoreClock
    stm32f4xx_hal_rcc.o(i.HAL_RCC_GetPCLK1Freq) refers to stm32f4xx_hal_rcc.o(i.HAL_RCC_GetHCLKFreq) for HAL_RCC_GetHCLKFreq
    stm32f4xx_hal_rcc.o(i.HAL_RCC_GetPCLK1Freq) refers to system_stm32f4xx.o(.constdata) for APBPrescTable
[...]
    ADC_CS_PINS                              0x080277d8   Data          96  dri_cs5530.o(.constdata)
    .data                                    0x20000000   Section        9  stm32f4xx_hal.o(.data)
    .data                                    0x2000000c   Section        4  system_stm32f4xx.o(.data)
    .data                                    0x20000010   Section       28  heap_4.o(.data)
    xStart                                   0x20000010   Data           8  heap_4.o(.data)
    pxEnd                                    0x20000018   Data           4  heap_4.o(.data)
    xFreeBytesRemaining                      0x2000001c   Data           4  heap_4.o(.data)
    xMinimumEverFreeBytesRemaining           0x20000020   Data           4  heap_4.o(.data)
    xNumberOfSuccessfulAllocations           0x20000024   Data           4  heap_4.o(.data)
    xNumberOfSuccessfulFrees                 0x20000028   Data           4  heap_4.o(.data)
    .data                                    0x2000002c   Section        4  port.o(.data)
    uxCriticalNesting                        0x2000002c   Data           4  port.o(.data)
    .data                                    0x20000030   Section       64  tasks.o(.data)
    pxDelayedTaskList                        0x20000034   Data           4  tasks.o(.data)
    pxOverflowDelayedTaskList                0x20000038   Data           4  tasks.o(.data)
    uxDeletedTasksWaitingCleanUp             0x2000003c   Data           4  tasks.o(.data)
    uxCurrentNumberOfTasks                   0x20000040   Data           4  tasks.o(.data)
    xTickCount                               0x20000044   Data           4  tasks.o(.data)
    uxTopReadyPriority                       0x20000048   Data           4  tasks.o(.data)
    xSchedulerRunning                        0x2000004c   Data           4  tasks.o(.data)
    xPendedTicks                             0x20000050   Data           4  tasks.o(.data)
    xYieldPending                            0x20000054   Data           4  tasks.o(.data)
    xNumOfOverflows                          0x20000058   Data           4  tasks.o(.data)
    uxTaskNumber                             0x2000005c   Data           4  tasks.o(.data)
    xNextTaskUnblockTime                     0x20000060   Data           4  tasks.o(.data)
    xIdleTaskHandle                          0x20000064   Data           4  tasks.o(.data)
    uxSchedulerSuspended                     0x2000006c   Data           4  tasks.o(.data)
    .data                                    0x20000070   Section        2  mbfuncother.o(.data)
    usMBSlaveIDLen                           0x20000070   Data           2  mbfuncother.o(.data)
    .data                                    0x20000074   Section        4  portevent.o(.data)
    xMBEventQueue                            0x20000074   Data           4  portevent.o(.data)
    .data                                    0x20000078   Section      181  mb.o(.data)
    ucMBAddress                              0x20000078   Data           1  mb.o(.data)
    eMBCurrentMode                           0x20000079   Data           1  mb.o(.data)
    eMBState                                 0x2000007a   Data           1  mb.o(.data)
    peMBFrameSendCur                         0x2000007c   Data           4  mb.o(.data)
    pvMBFrameStartCur                        0x20000080   Data           4  mb.o(.data)
    pvMBFrameStopCur                         0x20000084   Data           4  mb.o(.data)
    peMBFrameReceiveCur                      0x20000088   Data           4  mb.o(.data)
    pvMBFrameCloseCur                        0x2000008c   Data           4  mb.o(.data)
    xFuncHandlers                            0x200000a4   Data         128  mb.o(.data)
    ucMBFrame                                0x20000124   Data           4  mb.o(.data)
    ucRcvAddress                             0x20000128   Data           1  mb.o(.data)
    ucFunctionCode                           0x20000129   Data           1  mb.o(.data)
    usLength                                 0x2000012a   Data           2  mb.o(.data)
    eException                               0x2000012c   Data           1  mb.o(.data)
    .data                                    0x2000012e   Section        4  porttcp.o(.data)
    s_rxLen                                  0x2000012e   Data           2  porttcp.o(.data)
    s_lastFrameLen                           0x20000130   Data           2  porttcp.o(.data)
    .data                                    0x20000132   Section       14  socket.o(.data)
    sock_any_port                            0x20000132   Data           2  socket.o(.data)
    sock_io_mode                             0x20000134   Data           2  socket.o(.data)
    sock_is_sending                          0x20000136   Data           2  socket.o(.data)
    .data                                    0x20000140   Section       49  wizchip_conf.o(.data)
    _DNS_                                    0x2000016c   Data           4  wizchip_conf.o(.data)
    _DHCP_                                   0x20000170   Data           1  wizchip_conf.o(.data)
    .data                                    0x20000174   Section       21  int_eth.o(.data)
    g_W5500_Mutex                            0x20000184   Data           4  int_eth.o(.data)
    .data                                    0x2000018c   Section       24  app_freertos.o(.data)
    disconnect_start_tick                    0x2000019c   Data           4  app_freertos.o(.data)
    init_enter_tick                          0x200001a0   Data           4  app_freertos.o(.data)
    .data                                    0x200001a4   Section        1  app_led.o(.data)
    .bss                                     0x200001a8   Section    32768  heap_4.o(.bss)
    ucHeap                                   0x200001a8   Data       32768  heap_4.o(.bss)
    .bss                                     0x200081a8   Section      200  tasks.o(.bss)
    pxReadyTasksLists                        0x200081a8   Data         100  tasks.o(.bss)
    xDelayedTaskList1                        0x2000820c   Data          20  tasks.o(.bss)
    xDelayedTaskList2                        0x20008220   Data          20  tasks.o(.bss)
    xPendingReadyList                        0x20008234   Data          20  tasks.o(.bss)
    xTasksWaitingTermination                 0x20008248   Data          20  tasks.o(.bss)
    xSuspendedTaskList                       0x2000825c   Data          20  tasks.o(.bss)
    .bss                                     0x20008270   Section       32  mbfuncother.o(.bss)
    ucMBSlaveID                              0x20008270   Data          32  mbfuncother.o(.bss)
    .bss                                     0x20008290   Section     1024  porttcp.o(.bss)
    s_rxBuf                                  0x20008290   Data        1024  porttcp.o(.bss)
    .bss                                     0x20008690   Section       16  socket.o(.bss)
    sock_remained_size                       0x20008690   Data          16  socket.o(.bss)
    .bss                                     0x200086a0   Section       23  int_eth.o(.bss)
    .bss                                     0x200086b8   Section       40  can.o(.bss)
    .bss                                     0x200086e0   Section      176  spi.o(.bss)
    .bss                                     0x20008790   Section       72  tim.o(.bss)
    .bss                                     0x200087d8   Section       72  usart.o(.bss)
    .bss                                     0x20008820   Section       72  stm32f4xx_hal_timebase_tim.o(.bss)
    .bss                                     0x20008868   Section      240  app_freertos.o(.bss)
    .bss                                     0x20008958   Section      200  modbus_app.o(.bss)
    STACK                                    0x20008a20   Section     4096  startup_stm32f407xx.o(STACK)

    Global Symbols

    Symbol Name                              Value     Ov Type        Size  Object(Section)

    BuildAttributes$$THM_ISAv4$E$P$D$K$B$S$7EM$VFPi3$EXTD16$VFPS$VFMA$PE$A:L22UL41UL21$X:L11$S22US41US21$IEEE1$IW$USESV6$~STKCKD$USESV7$~SHL$OSPACE$ROPI$EBA8$MICROLIB$REQ8$PRES8$EABIv2 0x00000000   Number         0  anon$$obj.o ABSOLUTE
    __ARM_use_no_argv                        0x00000000   Number         0  main.o ABSOLUTE
    _printf_a                                0x00000000   Number         0  stubs.o ABSOLUTE
    _printf_c                                0x00000000   Number         0  stubs.o ABSOLUTE
    _printf_charcount                        0x00000000   Number         0  stubs.o ABSOLUTE
    _printf_d                                0x00000000   Number         0  stubs.o ABSOLUTE
    _printf_e                                0x00000000   Number         0  stubs.o ABSOLUTE
    _printf_f                                0x00000000   Number         0  stubs.o ABSOLUTE
    _printf_flags                            0x00000000   Number         0  stubs.o ABSOLUTE
    _printf_fp_dec                           0x00000000   Number         0  stubs.o ABSOLUTE
    _printf_fp_hex                           0x00000000   Number         0  stubs.o ABSOLUTE
    _printf_g                                0x00000000   Number         0  stubs.o ABSOLUTE
    _printf_i                                0x00000000   Number         0  stubs.o ABSOLUTE
    _printf_int_dec                          0x00000000   Number         0  stubs.o ABSOLUTE
    _printf_l                                0x00000000   Number         0  stubs.o ABSOLUTE
    _printf_lc                               0x00000000   Number         0  stubs.o ABSOLUTE
    _printf_ll                               0x00000000   Number         0  stubs.o ABSOLUTE
    _printf_lld                              0x00000000   Number         0  stubs.o ABSOLUTE
    _printf_lli                              0x00000000   Number         0  stubs.o ABSOLUTE
    _printf_llo                              0x00000000   Number         0  stubs.o ABSOLUTE
    _printf_llu                              0x00000000   Number         0  stubs.o ABSOLUTE
    _printf_llx                              0x00000000   Number         0  stubs.o ABSOLUTE
    _printf_longlong_dec                     0x00000000   Number         0  stubs.o ABSOLUTE
    _printf_longlong_hex                     0x00000000   Number         0  stubs.o ABSOLUTE
    _printf_longlong_oct                     0x00000000   Number         0  stubs.o ABSOLUTE
    _printf_ls                               0x00000000   Number         0  stubs.o ABSOLUTE
    _printf_mbtowc                           0x00000000   Number         0  stubs.o ABSOLUTE
    _printf_n                                0x00000000   Number         0  stubs.o ABSOLUTE
    _printf_o                                0x00000000   Number         0  stubs.o ABSOLUTE
    _printf_p                                0x00000000   Number         0  stubs.o ABSOLUTE
    _printf_percent                          0x00000000   Number         0  stubs.o ABSOLUTE
    _printf_pre_padding                      0x00000000   Number         0  stubs.o ABSOLUTE
    _printf_return_value                     0x00000000   Number         0  stubs.o ABSOLUTE
    _printf_s                                0x00000000   Number         0  stubs.o ABSOLUTE
    _printf_sizespec                         0x00000000   Number         0  stubs.o ABSOLUTE
    _printf_str                              0x00000000   Number         0  stubs.o ABSOLUTE
    _printf_truncate_signed                  0x00000000   Number         0  stubs.o ABSOLUTE
    _printf_truncate_unsigned                0x00000000   Number         0  stubs.o ABSOLUTE
    _printf_u                                0x00000000   Number         0  stubs.o ABSOLUTE
    _printf_wc                               0x00000000   Number         0  stubs.o ABSOLUTE
    _printf_wctomb                           0x00000000   Number         0  stubs.o ABSOLUTE
    _printf_widthprec                        0x00000000   Number         0  stubs.o ABSOLUTE
    _printf_x                                0x00000000   Number         0  stubs.o ABSOLUTE
    __arm_fini_                               - Undefined Weak Reference
    __cpp_initialize__aeabi_                  - Undefined Weak Reference
    __cxa_finalize                            - Undefined Weak Reference
    _clock_init                               - Undefined Weak Reference
    _microlib_exit                            - Undefined Weak Reference
    __Vectors_Size                           0x00000188   Number         0  startup_stm32f407xx.o ABSOLUTE
    __Vectors                                0x08020000   Data           4  startup_stm32f407xx.o(RESET)
    __Vectors_End                            0x08020188   Data           0  startup_stm32f407xx.o(RESET)
    __main                                   0x08020189   Thumb Code     0  entry.o(.ARM.Collect$$$$00000000)
    _main_stk                                0x08020189   Thumb Code     0  entry2.o(.ARM.Collect$$$$00000001)
    _main_scatterload                        0x0802018d   Thumb Code     0  entry5.o(.ARM.Collect$$$$00000004)
    __main_after_scatterload                 0x08020191   Thumb Code     0  entry5.o(.ARM.Collect$$$$00000004)
    _main_clock                              0x08020191   Thumb Code     0  entry7b.o(.ARM.Collect$$$$00000008)
    _main_cpp_init                           0x08020191   Thumb Code     0  entry8b.o(.ARM.Collect$$$$0000000A)
    _main_init                               0x08020191   Thumb Code     0  entry9a.o(.ARM.Collect$$$$0000000B)
    __rt_lib_shutdown_fini                   0x08020199   Thumb Code     0  entry12b.o(.ARM.Collect$$$$0000000E)
    __rt_final_cpp                           0x0802019d   Thumb Code     0  entry10a.o(.ARM.Collect$$$$0000000F)
    __rt_final_exit                          0x0802019d   Thumb Code     0  entry11a.o(.ARM.Collect$$$$00000011)
    SVC_Handler                              0x080201a1   Thumb Code    28  port.o(.emb_text)
    __asm___6_port_c_39a90d8d__prvStartFirstTask 0x080201c1   Thumb Code    36  port.o(.emb_text)
    __asm___6_port_c_39a90d8d__prvEnableVFP  0x080201e9   Thumb Code    16  port.o(.emb_text)
    PendSV_Handler                           0x080201fd   Thumb Code    88  port.o(.emb_text)
    vPortGetIPSR                             0x08020259   Thumb Code     6  port.o(.emb_text)
    Reset_Handler                            0x08020261   Thumb Code     8  startup_stm32f407xx.o(.text)
    ADC_IRQHandler                           0x0802027b   Thumb Code     0  startup_stm32f407xx.o(.text)
    CAN1_RX0_IRQHandler                      0x0802027b   Thumb Code     0  startup_stm32f407xx.o(.text)
    CAN1_RX1_IRQHandler                      0x0802027b   Thumb Code     0  startup_stm32f407xx.o(.text)
    CAN1_SCE_IRQHandler                      0x0802027b   Thumb Code     0  startup_stm32f407xx.o(.text)
    CAN1_TX_IRQHandler                       0x0802027b   Thumb Code     0  startup_stm32f407xx.o(.text)
    CAN2_RX0_IRQHandler                      0x0802027b   Thumb Code     0  startup_stm32f407xx.o(.text)
    CAN2_RX1_IRQHandler                      0x0802027b   Thumb Code     0  startup_stm32f407xx.o(.text)
    CAN2_SCE_IRQHandler                      0x0802027b   Thumb Code     0  startup_stm32f407xx.o(.text)
    CAN2_TX_IRQHandler                       0x0802027b   Thumb Code     0  startup_stm32f407xx.o(.text)
    DCMI_IRQHandler                          0x0802027b   Thumb Code     0  startup_stm32f407xx.o(.text)
    DMA1_Stream0_IRQHandler                  0x0802027b   Thumb Code     0  startup_stm32f407xx.o(.text)
    DMA1_Stream1_IRQHandler                  0x0802027b   Thumb Code     0  startup_stm32f407xx.o(.text)
    DMA1_Stream2_IRQHandler                  0x0802027b   Thumb Code     0  startup_stm32f407xx.o(.text)
    DMA1_Stream3_IRQHandler                  0x0802027b   Thumb Code     0  startup_stm32f407xx.o(.text)
    DMA1_Stream4_IRQHandler                  0x0802027b   Thumb Code     0  startup_stm32f407xx.o(.text)
    DMA1_Stream5_IRQHandler                  0x0802027b   Thumb Code     0  startup_stm32f407xx.o(.text)
    DMA1_Stream6_IRQHandler                  0x0802027b   Thumb Code     0  startup_stm32f407xx.o(.text)
    DMA1_Stream7_IRQHandler                  0x0802027b   Thumb Code     0  startup_stm32f407xx.o(.text)
    DMA2_Stream0_IRQHandler                  0x0802027b   Thumb Code     0  startup_stm32f407xx.o(.text)
    DMA2_Stream1_IRQHandler                  0x0802027b   Thumb Code     0  startup_stm32f407xx.o(.text)
    DMA2_Stream2_IRQHandler                  0x0802027b   Thumb Code     0  startup_stm32f407xx.o(.text)
    DMA2_Stream3_IRQHandler                  0x0802027b   Thumb Code     0  startup_stm32f407xx.o(.text)
    DMA2_Stream4_IRQHandler                  0x0802027b   Thumb Code     0  startup_stm32f407xx.o(.text)
    DMA2_Stream5_IRQHandler                  0x0802027b   Thumb Code     0  startup_stm32f407xx.o(.text)
    DMA2_Stream6_IRQHandler                  0x0802027b   Thumb Code     0  startup_stm32f407xx.o(.text)
    DMA2_Stream7_IRQHandler                  0x0802027b   Thumb Code     0  startup_stm32f407xx.o(.text)
    ETH_IRQHandler                           0x0802027b   Thumb Code     0  startup_stm32f407xx.o(.text)
    ETH_WKUP_IRQHandler                      0x0802027b   Thumb Code     0  startup_stm32f407xx.o(.text)
    EXTI0_IRQHandler                         0x0802027b   Thumb Code     0  startup_stm32f407xx.o(.text)
    EXTI15_10_IRQHandler                     0x0802027b   Thumb Code     0  startup_stm32f407xx.o(.text)
    EXTI1_IRQHandler                         0x0802027b   Thumb Code     0  startup_stm32f407xx.o(.text)
    EXTI2_IRQHandler                         0x0802027b   Thumb Code     0  startup_stm32f407xx.o(.text)
    EXTI3_IRQHandler                         0x0802027b   Thumb Code     0  startup_stm32f407xx.o(.text)
    EXTI4_IRQHandler                         0x0802027b   Thumb Code     0  startup_stm32f407xx.o(.text)
    EXTI9_5_IRQHandler                       0x0802027b   Thumb Code     0  startup_stm32f407xx.o(.text)
    FLASH_IRQHandler                         0x0802027b   Thumb Code     0  startup_stm32f407xx.o(.text)
    FMC_IRQHandler                           0x0802027b   Thumb Code     0  startup_stm32f407xx.o(.text)
    FPU_IRQHandler                           0x0802027b   Thumb Code     0  startup_stm32f407xx.o(.text)
    HASH_RNG_IRQHandler                      0x0802027b   Thumb Code     0  startup_stm32f407xx.o(.text)
    I2C1_ER_IRQHandler                       0x0802027b   Thumb Code     0  startup_stm32f407xx.o(.text)
    I2C1_EV_IRQHandler                       0x0802027b   Thumb Code     0  startup_stm32f407xx.o(.text)
    I2C2_ER_IRQHandler                       0x0802027b   Thumb Code     0  startup_stm32f407xx.o(.text)
    I2C2_EV_IRQHandler                       0x0802027b   Thumb Code     0  startup_stm32f407xx.o(.text)
    I2C3_ER_IRQHandler                       0x0802027b   Thumb Code     0  startup_stm32f407xx.o(.text)
    I2C3_EV_IRQHandler                       0x0802027b   Thumb Code     0  startup_stm32f407xx.o(.text)
    OTG_FS_IRQHandler                        0x0802027b   Thumb Code     0  startup_stm32f407xx.o(.text)
    OTG_FS_WKUP_IRQHandler                   0x0802027b   Thumb Code     0  startup_stm32f407xx.o(.text)
    OTG_HS_EP1_IN_IRQHandler                 0x0802027b   Thumb Code     0  startup_stm32f407xx.o(.text)
    OTG_HS_EP1_OUT_IRQHandler                0x0802027b   Thumb Code     0  startup_stm32f407xx.o(.text)
    OTG_HS_IRQHandler                        0x0802027b   Thumb Code     0  startup_stm32f407xx.o(.text)
    OTG_HS_WKUP_IRQHandler                   0x0802027b   Thumb Code     0  startup_stm32f407xx.o(.text)
    PVD_IRQHandler                           0x0802027b   Thumb Code     0  startup_stm32f407xx.o(.text)
    RCC_IRQHandler                           0x0802027b   Thumb Code     0  startup_stm32f407xx.o(.text)
    RTC_Alarm_IRQHandler                     0x0802027b   Thumb Code     0  startup_stm32f407xx.o(.text)
    RTC_WKUP_IRQHandler                      0x0802027b   Thumb Code     0  startup_stm32f407xx.o(.text)
    SDIO_IRQHandler                          0x0802027b   Thumb Code     0  startup_stm32f407xx.o(.text)
    SPI1_IRQHandler                          0x0802027b   Thumb Code     0  startup_stm32f407xx.o(.text)
    SPI2_IRQHandler                          0x0802027b   Thumb Code     0  startup_stm32f407xx.o(.text)
    SPI3_IRQHandler                          0x0802027b   Thumb Code     0  startup_stm32f407xx.o(.text)
    TAMP_STAMP_IRQHandler                    0x0802027b   Thumb Code     0  startup_stm32f407xx.o(.text)
    TIM1_BRK_TIM9_IRQHandler                 0x0802027b   Thumb Code     0  startup_stm32f407xx.o(.text)
    TIM1_CC_IRQHandler                       0x0802027b   Thumb Code     0  startup_stm32f407xx.o(.text)
    TIM1_TRG_COM_TIM11_IRQHandler            0x0802027b   Thumb Code     0  startup_stm32f407xx.o(.text)
    TIM3_IRQHandler                          0x0802027b   Thumb Code     0  startup_stm32f407xx.o(.text)
    TIM4_IRQHandler                          0x0802027b   Thumb Code     0  startup_stm32f407xx.o(.text)
    TIM5_IRQHandler                          0x0802027b   Thumb Code     0  startup_stm32f407xx.o(.text)
    TIM6_DAC_IRQHandler                      0x0802027b   Thumb Code     0  startup_stm32f407xx.o(.text)
    TIM7_IRQHandler                          0x0802027b   Thumb Code     0  startup_stm32f407xx.o(.text)
    TIM8_BRK_TIM12_IRQHandler                0x0802027b   Thumb Code     0  startup_stm32f407xx.o(.text)
    TIM8_CC_IRQHandler                       0x0802027b   Thumb Code     0  startup_stm32f407xx.o(.text)
    TIM8_TRG_COM_TIM14_IRQHandler            0x0802027b   Thumb Code     0  startup_stm32f407xx.o(.text)
    TIM8_UP_TIM13_IRQHandler                 0x0802027b   Thumb Code     0  startup_stm32f407xx.o(.text)
    UART4_IRQHandler                         0x0802027b   Thumb Code     0  startup_stm32f407xx.o(.text)
    UART5_IRQHandler                         0x0802027b   Thumb Code     0  startup_stm32f407xx.o(.text)
    USART1_IRQHandler                        0x0802027b   Thumb Code     0  startup_stm32f407xx.o(.text)
    USART2_IRQHandler                        0x0802027b   Thumb Code     0  startup_stm32f407xx.o(.text)
    USART3_IRQHandler                        0x0802027b   Thumb Code     0  startup_stm32f407xx.o(.text)
    USART6_IRQHandler                        0x0802027b   Thumb Code     0  startup_stm32f407xx.o(.text)
    WWDG_IRQHandler                          0x0802027b   Thumb Code     0  startup_stm32f407xx.o(.text)
    __aeabi_uldivmod                         0x08020285   Thumb Code    98  uldiv.o(.text)
    ___aeabi_memcpy4$move                    0x080202e7   Thumb Code     0  memmovea.o(.text)
    ___aeabi_memcpy8$move                    0x080202e7   Thumb Code     0  memmovea.o(.text)
    __aeabi_memcpy                           0x080202e7   Thumb Code    64  memmovea.o(.text)
    __aeabi_memmove                          0x080202e7   Thumb Code     0  memmovea.o(.text)
    __aeabi_memmove4                         0x080202e7   Thumb Code     0  memmovea.o(.text)
    __aeabi_memmove8                         0x080202e7   Thumb Code     0  memmovea.o(.text)
    __aeabi_memset                           0x08020327   Thumb Code    14  memseta.o(.text)
    __aeabi_memset4                          0x08020327   Thumb Code     0  memseta.o(.text)
    __aeabi_memset8                          0x08020327   Thumb Code     0  memseta.o(.text)
    __aeabi_memclr                           0x08020335   Thumb Code     4  memseta.o(.text)
    __aeabi_memclr4                          0x08020335   Thumb Code     0  memseta.o(.text)
    __aeabi_memclr8                          0x08020335   Thumb Code     0  memseta.o(.text)
    _memset$wrapper                          0x08020339   Thumb Code    18  memseta.o(.text)
    __aeabi_uidiv                            0x0802034b   Thumb Code     0  uidiv.o(.text)
    __aeabi_uidivmod                         0x0802034b   Thumb Code    44  uidiv.o(.text)
    __aeabi_llsl                             0x08020377   Thumb Code    30  llshl.o(.text)
    _ll_shift_l                              0x08020377   Thumb Code     0  llshl.o(.text)
    __aeabi_llsr                             0x08020395   Thumb Code    32  llushr.o(.text)
    _ll_ushift_r                             0x08020395   Thumb Code     0  llushr.o(.text)
    __I$use$fp                               0x080203b5   Thumb Code     0  iusefp.o(.text)
    __aeabi_dadd                             0x080203b5   Thumb Code   322  dadd.o(.text)
    __aeabi_dsub                             0x080204f7   Thumb Code     6  dadd.o(.text)
    __aeabi_drsub                            0x080204fd   Thumb Code     6  dadd.o(.text)
    __aeabi_dmul                             0x08020503   Thumb Code   228  dmul.o(.text)
    __aeabi_ddiv                             0x080205e7   Thumb Code   222  ddiv.o(.text)
    __aeabi_d2ulz                            0x080206c5   Thumb Code    48  dfixul.o(.text)
    __aeabi_cdrcmple                         0x080206f5   Thumb Code    48  cdrcmple.o(.text)
    __scatterload                            0x08020725   Thumb Code    28  init.o(.text)
    __scatterload_rt2                        0x08020725   Thumb Code     0  init.o(.text)
    __aeabi_lasr                             0x08020749   Thumb Code    36  llsshr.o(.text)
    _ll_sshift_r                             0x08020749   Thumb Code     0  llsshr.o(.text)
    _double_round                            0x0802076d   Thumb Code    30  depilogue.o(.text)
    _double_epilogue                         0x0802078b   Thumb Code   156  depilogue.o(.text)
    __decompress                             0x08020827   Thumb Code     0  __dczerorl2.o(.text)
    __decompress1                            0x08020827   Thumb Code    86  __dczerorl2.o(.text)
    ADC_Recover_Channel                      0x0802087d   Thumb Code    84  dri_cs5530.o(i.ADC_Recover_Channel)
    App_freeRTOS_Start                       0x080208d1   Thumb Code    88  app_freertos.o(i.App_freeRTOS_Start)
    BusFault_Handler                         0x0802097d   Thumb Code     4  stm32f4xx_it.o(i.BusFault_Handler)
    CS5530_Init_All                          0x080209a5   Thumb Code   126  dri_cs5530.o(i.CS5530_Init_All)
    CS5530_Read_Data                         0x08020b89   Thumb Code   134  dri_cs5530.o(i.CS5530_Read_Data)
    CS5530_Reset_Serial                      0x08020c15   Thumb Code    84  dri_cs5530.o(i.CS5530_Reset_Serial)
    CS5530_Start_Continuous                  0x08020ce9   Thumb Code    32  dri_cs5530.o(i.CS5530_Start_Continuous)
    DebugMon_Handler                         0x08020d3f   Thumb Code     2  stm32f4xx_it.o(i.DebugMon_Handler)
    Delay_Init                               0x08020d41   Thumb Code    30  com_util.o(i.Delay_Init)
    Error_Handler                            0x08020d69   Thumb Code     6  main.o(i.Error_Handler)
    HAL_CAN_Init                             0x08020d6f   Thumb Code   372  stm32f4xx_hal_can.o(i.HAL_CAN_Init)
    HAL_CAN_MspInit                          0x08020ee5   Thumb Code   124  can.o(i.HAL_CAN_MspInit)
    HAL_Delay                                0x08020f6d   Thumb Code    36  stm32f4xx_hal.o(i.HAL_Delay)
    HAL_GPIO_Init                            0x08020f95   Thumb Code   454  stm32f4xx_hal_gpio.o(i.HAL_GPIO_Init)
    HAL_GPIO_ReadPin                         0x08021189   Thumb Code    16  stm32f4xx_hal_gpio.o(i.HAL_GPIO_ReadPin)
    HAL_GPIO_WritePin                        0x08021199   Thumb Code    12  stm32f4xx_hal_gpio.o(i.HAL_GPIO_WritePin)
    HAL_GetTick                              0x080211a5   Thumb Code     6  stm32f4xx_hal.o(i.HAL_GetTick)
    HAL_IncTick                              0x080211b1   Thumb Code    16  stm32f4xx_hal.o(i.HAL_IncTick)
    HAL_Init                                 0x080211c9   Thumb Code    54  stm32f4xx_hal.o(i.HAL_Init)
    HAL_InitTick                             0x08021205   Thumb Code   140  stm32f4xx_hal_timebase_tim.o(i.HAL_InitTick)
    HAL_MspInit                              0x080212a5   Thumb Code    68  stm32f4xx_hal_msp.o(i.HAL_MspInit)
    HAL_NVIC_EnableIRQ                       0x080212ed   Thumb Code    40  stm32f4xx_hal_cortex.o(i.HAL_NVIC_EnableIRQ)
    HAL_NVIC_SetPriority                     0x08021315   Thumb Code   124  stm32f4xx_hal_cortex.o(i.HAL_NVIC_SetPriority)
    HAL_NVIC_SetPriorityGrouping             0x08021391   Thumb Code    32  stm32f4xx_hal_cortex.o(i.HAL_NVIC_SetPriorityGrouping)
    HAL_RCC_ClockConfig                      0x080213b9   Thumb Code   368  stm32f4xx_hal_rcc.o(i.HAL_RCC_ClockConfig)
    HAL_RCC_DeInit                           0x0802153d   Thumb Code   358  stm32f4xx_hal_rcc_ex.o(i.HAL_RCC_DeInit)
    HAL_RCC_GetClockConfig                   0x080216bd   Thumb Code    58  stm32f4xx_hal_rcc.o(i.HAL_RCC_GetClockConfig)
    HAL_RCC_GetHCLKFreq                      0x08021701   Thumb Code     6  stm32f4xx_hal_rcc.o(i.HAL_RCC_GetHCLKFreq)
    HAL_RCC_GetPCLK1Freq                     0x0802170d   Thumb Code    22  stm32f4xx_hal_rcc.o(i.HAL_RCC_GetPCLK1Freq)
    HAL_RCC_GetPCLK2Freq                     0x0802172d   Thumb Code    22  stm32f4xx_hal_rcc.o(i.HAL_RCC_GetPCLK2Freq)
    HAL_RCC_GetSysClockFreq                  0x0802174d   Thumb Code   162  stm32f4xx_hal_rcc.o(i.HAL_RCC_GetSysClockFreq)
    HAL_RCC_OscConfig                        0x080217fd   Thumb Code  1172  stm32f4xx_hal_rcc.o(i.HAL_RCC_OscConfig)
    HAL_SPI_Init                             0x08021c99   Thumb Code   200  stm32f4xx_hal_spi.o(i.HAL_SPI_Init)
    HAL_SPI_MspInit                          0x08021d61   Thumb Code   290  spi.o(i.HAL_SPI_MspInit)
    HAL_SPI_Receive                          0x08021e99   Thumb Code   382  stm32f4xx_hal_spi.o(i.HAL_SPI_Receive)
    HAL_SPI_Transmit                         0x08022017   Thumb Code   444  stm32f4xx_hal_spi.o(i.HAL_SPI_Transmit)
    HAL_SPI_TransmitReceive                  0x080221d3   Thumb Code   576  stm32f4xx_hal_spi.o(i.HAL_SPI_TransmitReceive)
    HAL_TIMEx_BreakCallback                  0x08022413   Thumb Code     2  stm32f4xx_hal_tim_ex.o(i.HAL_TIMEx_BreakCallback)
    HAL_TIMEx_CommutCallback                 0x08022415   Thumb Code     2  stm32f4xx_hal_tim_ex.o(i.HAL_TIMEx_CommutCallback)
    HAL_TIMEx_MasterConfigSynchronization    0x08022419   Thumb Code   150  stm32f4xx_hal_tim_ex.o(i.HAL_TIMEx_MasterConfigSynchronization)
    HAL_TIM_Base_Init                        0x080224cd   Thumb Code   102  stm32f4xx_hal_tim.o(i.HAL_TIM_Base_Init)
    HAL_TIM_Base_MspInit                     0x08022535   Thumb Code    62  tim.o(i.HAL_TIM_Base_MspInit)
    HAL_TIM_Base_Start_IT                    0x08022579   Thumb Code   138  stm32f4xx_hal_tim.o(i.HAL_TIM_Base_Start_IT)
    HAL_TIM_ConfigClockSource                0x08022621   Thumb Code   268  stm32f4xx_hal_tim.o(i.HAL_TIM_ConfigClockSource)
    HAL_TIM_IC_CaptureCallback               0x0802272d   Thumb Code     2  stm32f4xx_hal_tim.o(i.HAL_TIM_IC_CaptureCallback)
    HAL_TIM_IRQHandler                       0x0802272f   Thumb Code   364  stm32f4xx_hal_tim.o(i.HAL_TIM_IRQHandler)
    HAL_TIM_OC_DelayElapsedCallback          0x0802289b   Thumb Code     2  stm32f4xx_hal_tim.o(i.HAL_TIM_OC_DelayElapsedCallback)
    HAL_TIM_PWM_PulseFinishedCallback        0x0802289d   Thumb Code     2  stm32f4xx_hal_tim.o(i.HAL_TIM_PWM_PulseFinishedCallback)
    HAL_TIM_PeriodElapsedCallback            0x080228a1   Thumb Code    32  main.o(i.HAL_TIM_PeriodElapsedCallback)
    HAL_TIM_TriggerCallback                  0x080228c9   Thumb Code     2  stm32f4xx_hal_tim.o(i.HAL_TIM_TriggerCallback)
    HAL_UART_Init                            0x080228cb   Thumb Code   118  stm32f4xx_hal_uart.o(i.HAL_UART_Init)
    HAL_UART_MspInit                         0x08022941   Thumb Code   122  usart.o(i.HAL_UART_MspInit)
    HardFault_Handler                        0x080229c9   Thumb Code     4  stm32f4xx_it.o(i.HardFault_Handler)
    Int_EEPROM_Init                          0x080229cd   Thumb Code    12  int_eeprom.o(i.Int_EEPROM_Init)
    Int_EEPROM_ReadBuffer                    0x080229d9   Thumb Code    30  int_eeprom.o(i.Int_EEPROM_ReadBuffer)
    Int_ETH_ApplyNetInfo                     0x080229f9   Thumb Code    48  int_eth.o(i.Int_ETH_ApplyNetInfo)
    Int_ETH_Init                             0x08022a31   Thumb Code   190  int_eth.o(i.Int_ETH_Init)
    MBTCP_PortBufferedLen                    0x08022b6d   Thumb Code     6  porttcp.o(i.MBTCP_PortBufferedLen)
    MBTCP_PortResetRx                        0x08022b79   Thumb Code    22  porttcp.o(i.MBTCP_PortResetRx)
    MX_CAN1_Init                             0x08022b99   Thumb Code    48  can.o(i.MX_CAN1_Init)
    MX_GPIO_Init                             0x08022bd1   Thumb Code   370  gpio.o(i.MX_GPIO_Init)
    MX_SPI2_Init                             0x08022d59   Thumb Code    60  spi.o(i.MX_SPI2_Init)
    MX_SPI3_Init                             0x08022d9d   Thumb Code    60  spi.o(i.MX_SPI3_Init)
    MX_TIM2_Init                             0x08022de1   Thumb Code   102  tim.o(i.MX_TIM2_Init)
    MX_USART2_UART_Init                      0x08022e4d   Thumb Code    46  usart.o(i.MX_USART2_UART_Init)
    MemManage_Handler                        0x08022e85   Thumb Code     4  stm32f4xx_it.o(i.MemManage_Handler)
    NMI_Handler                              0x08022e89   Thumb Code     4  stm32f4xx_it.o(i.NMI_Handler)
    NetConfig_GetEffectiveNetInfo            0x08022f95   Thumb Code   158  net_config.o(i.NetConfig_GetEffectiveNetInfo)
    NetConfig_LoadFromEEPROM                 0x08023039   Thumb Code    68  net_config.o(i.NetConfig_LoadFromEEPROM)
    SysTick_Handler                          0x080232af   Thumb Code    16  stm32f4xx_it.o(i.SysTick_Handler)
    SystemClock_Config                       0x080232c1   Thumb Code   172  main.o(i.SystemClock_Config)
    SystemInit                               0x08023375   Thumb Code    14  system_stm32f4xx.o(i.SystemInit)
    TIM1_UP_TIM10_IRQHandler                 0x08023389   Thumb Code    10  stm32f4xx_it.o(i.TIM1_UP_TIM10_IRQHandler)
    TIM2_IRQHandler                          0x08023399   Thumb Code    10  stm32f4xx_it.o(i.TIM2_IRQHandler)
    TIM_Base_SetConfig                       0x080233a9   Thumb Code   186  stm32f4xx_hal_tim.o(i.TIM_Base_SetConfig)
    TIM_ETR_SetConfig                        0x08023491   Thumb Code    22  stm32f4xx_hal_tim.o(i.TIM_ETR_SetConfig)
    Task_ADC_Verify                          0x08023509   Thumb Code   306  app_freertos.o(i.Task_ADC_Verify)
    Task_LED_Entry                           0x0802364d   Thumb Code   120  app_led.o(i.Task_LED_Entry)
    Task_Modbus_TCP                          0x080236c9   Thumb Code    52  app_freertos.o(i.Task_Modbus_TCP)
    Task_W5500_Manager                       0x08023701   Thumb Code   438  app_freertos.o(i.Task_W5500_Manager)
    UsageFault_Handler                       0x08023af9   Thumb Code     4  stm32f4xx_it.o(i.UsageFault_Handler)
    W5500_Critical_Enter                     0x08023afd   Thumb Code    22  int_eth.o(i.W5500_Critical_Enter)
    W5500_Critical_Exit                      0x08023b19   Thumb Code    18  int_eth.o(i.W5500_Critical_Exit)
    WIZCHIP_READ                             0x08023b31   Thumb Code   112  w5500.o(i.WIZCHIP_READ)
    WIZCHIP_READ_BUF                         0x08023ba5   Thumb Code   136  w5500.o(i.WIZCHIP_READ_BUF)
    WIZCHIP_WRITE                            0x08023c31   Thumb Code   112  w5500.o(i.WIZCHIP_WRITE)
    WIZCHIP_WRITE_BUF                        0x08023ca5   Thumb Code   132  w5500.o(i.WIZCHIP_WRITE_BUF)
    __0vsnprintf                             0x08023d2d   Thumb Code    46  printfa.o(i.__0vsnprintf)
    __1vsnprintf                             0x08023d2d   Thumb Code     0  printfa.o(i.__0vsnprintf)
    __2vsnprintf                             0x08023d2d   Thumb Code     0  printfa.o(i.__0vsnprintf)
    __c89vsnprintf                           0x08023d2d   Thumb Code     0  printfa.o(i.__0vsnprintf)
    vsnprintf                                0x08023d2d   Thumb Code     0  printfa.o(i.__0vsnprintf)
    __scatterload_copy                       0x08023d99   Thumb Code    14  handlers.o(i.__scatterload_copy)
    __scatterload_null                       0x08023da7   Thumb Code     2  handlers.o(i.__scatterload_null)
    __scatterload_zeroinit                   0x08023da9   Thumb Code    14  handlers.o(i.__scatterload_zeroinit)
    bsp_InitI2C                              0x08024659   Thumb Code    78  dri_i2c.o(i.bsp_InitI2C)
    close                                    0x080246b1   Thumb Code   142  socket.o(i.close)
    debug_printf                             0x08024751   Thumb Code    64  com_debug.o(i.debug_printf)
    disconnect                               0x08024791   Thumb Code   180  socket.o(i.disconnect)
    eMBEnable                                0x0802484d   Thumb Code    32  mb.o(i.eMBEnable)
    eMBFuncReadCoils                         0x08024875   Thumb Code   174  mbfunccoils.o(i.eMBFuncReadCoils)
    eMBFuncReadDiscreteInputs                0x08024923   Thumb Code   172  mbfuncdisc.o(i.eMBFuncReadDiscreteInputs)
    eMBFuncReadHoldingRegister               0x080249cf   Thumb Code   140  mbfuncholding.o(i.eMBFuncReadHoldingRegister)
    eMBFuncReadInputRegister                 0x08024a5b   Thumb Code   140  mbfuncinput.o(i.eMBFuncReadInputRegister)
    eMBFuncReadWriteMultipleHoldingRegister  0x08024ae7   Thumb Code   212  mbfuncholding.o(i.eMBFuncReadWriteMultipleHoldingRegister)
    eMBFuncReportSlaveID                     0x08024bbd   Thumb Code    30  mbfuncother.o(i.eMBFuncReportSlaveID)
    eMBFuncWriteCoil                         0x08024be5   Thumb Code   112  mbfunccoils.o(i.eMBFuncWriteCoil)
    eMBFuncWriteHoldingRegister              0x08024c55   Thumb Code    66  mbfuncholding.o(i.eMBFuncWriteHoldingRegister)
    eMBFuncWriteMultipleCoils                0x08024c97   Thumb Code   144  mbfunccoils.o(i.eMBFuncWriteMultipleCoils)
    eMBFuncWriteMultipleHoldingRegister      0x08024d27   Thumb Code   110  mbfuncholding.o(i.eMBFuncWriteMultipleHoldingRegister)
    eMBPoll                                  0x08024d95   Thumb Code   268  mb.o(i.eMBPoll)
    eMBRegCoilsCB                            0x08024ecd   Thumb Code     8  modbus_app.o(i.eMBRegCoilsCB)
    eMBRegDiscreteCB                         0x08024ed5   Thumb Code     6  modbus_app.o(i.eMBRegDiscreteCB)
    eMBRegHoldingCB                          0x08024edd   Thumb Code   318  modbus_app.o(i.eMBRegHoldingCB)
    eMBRegInputCB                            0x08025025   Thumb Code    76  modbus_app.o(i.eMBRegInputCB)
    eMBTCPDoInit                             0x08025075   Thumb Code    20  mbtcp.o(i.eMBTCPDoInit)
    eMBTCPInit                               0x08025089   Thumb Code    86  mb.o(i.eMBTCPInit)
    eMBTCPReceive                            0x08025111   Thumb Code    72  mbtcp.o(i.eMBTCPReceive)
    eMBTCPSend                               0x08025159   Thumb Code    48  mbtcp.o(i.eMBTCPSend)
    eMBTCPStart                              0x08025189   Thumb Code     2  mbtcp.o(i.eMBTCPStart)
    eMBTCPStop                               0x0802518b   Thumb Code     8  mbtcp.o(i.eMBTCPStop)
    ee_CheckOk                               0x08025193   Thumb Code    22  int_eeprom.o(i.ee_CheckOk)
    ee_ReadBytes                             0x080251a9   Thumb Code   126  int_eeprom.o(i.ee_ReadBytes)
    getSn_RX_RSR                             0x08025227   Thumb Code   108  w5500.o(i.getSn_RX_RSR)
    getSn_TX_FSR                             0x08025293   Thumb Code   108  w5500.o(i.getSn_TX_FSR)
    i2c_Ack                                  0x08025301   Thumb Code    60  dri_i2c.o(i.i2c_Ack)
    i2c_CheckDevice                          0x08025341   Thumb Code    58  dri_i2c.o(i.i2c_CheckDevice)
    i2c_NAck                                 0x08025391   Thumb Code    48  dri_i2c.o(i.i2c_NAck)
    i2c_ReadByte                             0x080253c5   Thumb Code    72  dri_i2c.o(i.i2c_ReadByte)
    i2c_SendByte                             0x08025411   Thumb Code   100  dri_i2c.o(i.i2c_SendByte)
    i2c_Start                                0x08025479   Thumb Code    60  dri_i2c.o(i.i2c_Start)
    i2c_Stop                                 0x080254b9   Thumb Code    44  dri_i2c.o(i.i2c_Stop)
    i2c_WaitAck                              0x080254e9   Thumb Code    70  dri_i2c.o(i.i2c_WaitAck)
    listen                                   0x08025535   Thumb Code   158  socket.o(i.listen)
    main                                     0x080255d5   Thumb Code    56  main.o(i.main)
    prveMBError2Exception                    0x08025c3d   Thumb Code    34  mbutils.o(i.prveMBError2Exception)
    pvPortMalloc                             0x08025c61   Thumb Code   208  heap_4.o(i.pvPortMalloc)
    pvTaskIncrementMutexHeldCount            0x08025d45   Thumb Code    26  tasks.o(i.pvTaskIncrementMutexHeldCount)
    pxPortInitialiseStack                    0x08025d65   Thumb Code    38  port.o(i.pxPortInitialiseStack)
    recv                                     0x08025d91   Thumb Code   282  socket.o(i.recv)
    reg_wizchip_cris_cbfunc                  0x08025eb1   Thumb Code    26  wizchip_conf.o(i.reg_wizchip_cris_cbfunc)
    reg_wizchip_cs_cbfunc                    0x08025ed9   Thumb Code    26  wizchip_conf.o(i.reg_wizchip_cs_cbfunc)
    reg_wizchip_spi_cbfunc                   0x08025f01   Thumb Code    40  wizchip_conf.o(i.reg_wizchip_spi_cbfunc)
    send                                     0x08025f35   Thumb Code   374  socket.o(i.send)
    socket                                   0x080260b5   Thumb Code   384  socket.o(i.socket)
    user_reg_function                        0x08026249   Thumb Code    28  wizchip_conf.o(i.user_reg_function)
    uxListRemove                             0x0802627d   Thumb Code    40  list.o(i.uxListRemove)
    vListInitialise                          0x080262a5   Thumb Code    26  list.o(i.vListInitialise)
    vListInitialiseItem                      0x080262bf   Thumb Code     6  list.o(i.vListInitialiseItem)
    vListInsert                              0x080262c5   Thumb Code    52  list.o(i.vListInsert)
    vMBTCPPortDisable                        0x080262f9   Thumb Code     2  porttcp.o(i.vMBTCPPortDisable)
    vPortEnterCritical                       0x080262fd   Thumb Code    30  port.o(i.vPortEnterCritical)
    vPortExitCritical                        0x08026321   Thumb Code    28  port.o(i.vPortExitCritical)
    vPortFree                                0x08026341   Thumb Code    68  heap_4.o(i.vPortFree)
    vPortSetupTimerInterrupt                 0x0802638d   Thumb Code    20  port.o(i.vPortSetupTimerInterrupt)
    vTaskDelay                               0x080263a5   Thumb Code    46  tasks.o(i.vTaskDelay)
    vTaskInternalSetTimeOutState             0x080263d9   Thumb Code    14  tasks.o(i.vTaskInternalSetTimeOutState)
    vTaskMissedYield                         0x080263f1   Thumb Code     8  tasks.o(i.vTaskMissedYield)
    vTaskPlaceOnEventList                    0x080263fd   Thumb Code    28  tasks.o(i.vTaskPlaceOnEventList)
    vTaskPriorityDisinheritAfterTimeout      0x0802641d   Thumb Code   204  tasks.o(i.vTaskPriorityDisinheritAfterTimeout)
    vTaskStartScheduler                      0x080264f1   Thumb Code    76  tasks.o(i.vTaskStartScheduler)
    vTaskSuspendAll                          0x0802655d   Thumb Code    12  tasks.o(i.vTaskSuspendAll)
    vTaskSwitchContext                       0x0802656d   Thumb Code    76  tasks.o(i.vTaskSwitchContext)
    wiz_recv_data                            0x080266dd   Thumb Code   132  w5500.o(i.wiz_recv_data)
    wiz_send_data                            0x08026761   Thumb Code   132  w5500.o(i.wiz_send_data)
    wizchip_bus_readdata                     0x080267e5   Thumb Code     6  wizchip_conf.o(i.wizchip_bus_readdata)
    wizchip_bus_writedata                    0x080267eb   Thumb Code     4  wizchip_conf.o(i.wizchip_bus_writedata)
    wizchip_cris_enter                       0x080267ef   Thumb Code     2  wizchip_conf.o(i.wizchip_cris_enter)
    wizchip_cris_exit                        0x080267f1   Thumb Code     2  wizchip_conf.o(i.wizchip_cris_exit)
    wizchip_cs_deselect                      0x080267f5   Thumb Code    14  wizchip_conf.o(i.wizchip_cs_deselect)
    wizchip_cs_select                        0x08026809   Thumb Code    14  wizchip_conf.o(i.wizchip_cs_select)
    wizchip_getnetinfo                       0x0802681d   Thumb Code    82  wizchip_conf.o(i.wizchip_getnetinfo)
    wizchip_init                             0x08026879   Thumb Code   144  wizchip_conf.o(i.wizchip_init)
    wizchip_setnetinfo                       0x08026909   Thumb Code    80  wizchip_conf.o(i.wizchip_setnetinfo)
    wizchip_spi_readbyte                     0x08026961   Thumb Code    26  wizchip_conf.o(i.wizchip_spi_readbyte)
    wizchip_spi_writebyte                    0x08026981   Thumb Code    18  wizchip_conf.o(i.wizchip_spi_writebyte)
    wizchip_sw_reset                         0x08026999   Thumb Code   114  wizchip_conf.o(i.wizchip_sw_reset)
    xMBPortEventGet                          0x08026a0d   Thumb Code    28  portevent.o(i.xMBPortEventGet)
    xMBPortEventInit                         0x08026a2d   Thumb Code    30  portevent.o(i.xMBPortEventInit)
    xMBPortEventPost                         0x08026a51   Thumb Code    26  portevent.o(i.xMBPortEventPost)
    xMBTCPPortGetRequest                     0x08026a71   Thumb Code    82  porttcp.o(i.xMBTCPPortGetRequest)
    xMBTCPPortInit                           0x08026acd   Thumb Code    12  porttcp.o(i.xMBTCPPortInit)
    xMBTCPPortSendResponse                   0x08026ad9   Thumb Code   154  porttcp.o(i.xMBTCPPortSendResponse)
    xPortStartScheduler                      0x08026b81   Thumb Code    58  port.o(i.xPortStartScheduler)
    xPortSysTickHandler                      0x08026bc9   Thumb Code    46  port.o(i.xPortSysTickHandler)
    xQueueCreateMutex                        0x08026bfd   Thumb Code    34  queue.o(i.xQueueCreateMutex)
    xQueueGenericCreate                      0x08026c1f   Thumb Code    76  queue.o(i.xQueueGenericCreate)
    xQueueGenericReset                       0x08026c6d   Thumb Code   156  queue.o(i.xQueueGenericReset)
    xQueueGenericSend                        0x08026d0d   Thumb Code   276  queue.o(i.xQueueGenericSend)
    xQueueGiveMutexRecursive                 0x08026e25   Thumb Code    48  queue.o(i.xQueueGiveMutexRecursive)
    xQueueReceive                            0x08026e55   Thumb Code   256  queue.o(i.xQueueReceive)
    xQueueSemaphoreTake                      0x08026f59   Thumb Code   300  queue.o(i.xQueueSemaphoreTake)
    xQueueTakeMutexRecursive                 0x08027089   Thumb Code    54  queue.o(i.xQueueTakeMutexRecursive)
    xTaskCheckForTimeOut                     0x080270c1   Thumb Code    88  tasks.o(i.xTaskCheckForTimeOut)
    xTaskCreate                              0x08027121   Thumb Code   104  tasks.o(i.xTaskCreate)
    xTaskDelayUntil                          0x08027189   Thumb Code   108  tasks.o(i.xTaskDelayUntil)
    xTaskGetCurrentTaskHandle                0x080271fd   Thumb Code     6  tasks.o(i.xTaskGetCurrentTaskHandle)
    xTaskGetSchedulerState                   0x08027209   Thumb Code    24  tasks.o(i.xTaskGetSchedulerState)
    xTaskGetTickCount                        0x08027229   Thumb Code     6  tasks.o(i.xTaskGetTickCount)
    xTaskIncrementTick                       0x08027235   Thumb Code   356  tasks.o(i.xTaskIncrementTick)
    xTaskPriorityDisinherit                  0x080273c5   Thumb Code   162  tasks.o(i.xTaskPriorityDisinherit)
    xTaskPriorityInherit                     0x08027471   Thumb Code   224  tasks.o(i.xTaskPriorityInherit)
    xTaskRemoveFromEventList                 0x0802755d   Thumb Code   240  tasks.o(i.xTaskRemoveFromEventList)
    xTaskResumeAll                           0x08027665   Thumb Code   310  tasks.o(i.xTaskResumeAll)
    AHBPrescTable                            0x080277c0   Data          16  system_stm32f4xx.o(.constdata)
    APBPrescTable                            0x080277d0   Data           8  system_stm32f4xx.o(.constdata)
    Region$$Table$$Base                      0x08027838   Number         0  anon$$obj.o(Region$$Table)
    Region$$Table$$Limit                     0x08027858   Number         0  anon$$obj.o(Region$$Table)
    uwTick                                   0x20000000   Data           4  stm32f4xx_hal.o(.data)
    uwTickPrio                               0x20000004   Data           4  stm32f4xx_hal.o(.data)
    uwTickFreq                               0x20000008   Data           1  stm32f4xx_hal.o(.data)
    SystemCoreClock                          0x2000000c   Data           4  system_stm32f4xx.o(.data)
    pxCurrentTCB                             0x20000030   Data           4  tasks.o(.data)
    uxTopUsedPriority                        0x20000068   Data           4  tasks.o(.data)
    pxMBFrameCBByteReceived                  0x20000090   Data           4  mb.o(.data)
    pxMBFrameCBTransmitterEmpty              0x20000094   Data           4  mb.o(.data)
    pxMBPortCBTimerExpired                   0x20000098   Data           4  mb.o(.data)
    pxMBFrameCBReceiveFSMCur                 0x2000009c   Data           4  mb.o(.data)
    pxMBFrameCBTransmitFSMCur                0x200000a0   Data           4  mb.o(.data)
    sock_pack_info                           0x20000138   Data           8  socket.o(.data)
    WIZCHIP                                  0x20000140   Data          44  wizchip_conf.o(.data)
    gar                                      0x20000174   Data           4  int_eth.o(.data)
    subr                                     0x20000178   Data           4  int_eth.o(.data)
    mac                                      0x2000017c   Data           6  int_eth.o(.data)
    g_modbus_tcp_port                        0x20000182   Data           2  int_eth.o(.data)
    g_apply_net_change_flag                  0x20000188   Data           1  int_eth.o(.data)
    TASK_ADC_VERIFY_handle                   0x2000018c   Data           4  app_freertos.o(.data)
    TASK_MODBUS_handle                       0x20000190   Data           4  app_freertos.o(.data)
    TASK_W5500_handle                        0x20000194   Data           4  app_freertos.o(.data)
    TASK_LED_handle                          0x20000198   Data           4  app_freertos.o(.data)
    g_system_state                           0x200001a4   Data           1  app_led.o(.data)
    g_net_info_cache                         0x200086a0   Data          23  int_eth.o(.bss)
    hcan1                                    0x200086b8   Data          40  can.o(.bss)
    hspi2                                    0x200086e0   Data          88  spi.o(.bss)
    hspi3                                    0x20008738   Data          88  spi.o(.bss)
    htim2                                    0x20008790   Data          72  tim.o(.bss)
    huart2                                   0x200087d8   Data          72  usart.o(.bss)
    htim1                                    0x20008820   Data          72  stm32f4xx_hal_timebase_tim.o(.bss)
    g_adc_buffer                             0x20008868   Data          48  app_freertos.o(.bss)
    AdcHealth                                0x20008898   Data         192  app_freertos.o(.bss)
    usRegHoldingBuf                          0x20008958   Data         200  modbus_app.o(.bss)
    __initial_sp                             0x20009a20   Data           0  startup_stm32f407xx.o(STACK)



==============================================================================

Memory Map of the image

  Image Entry point : 0x08020189

  Load Region LR_IROM1 (Base: 0x08020000, Size: 0x00007a00, Max: 0x00060000, ABSOLUTE, COMPRESSED[0x000078dc])

    Execution Region ER_IROM1 (Exec base: 0x08020000, Load base: 0x08020000, Size: 0x00007858, Max: 0x00060000, ABSOLUTE)

    Exec Addr    Load Addr    Size         Type   Attr      Idx    E Section Name        Object

    0x08020000   0x08020000   0x00000188   Data   RO            3    RESET               startup_stm32f407xx.o
    0x08020188   0x08020188   0x00000000   Code   RO         6679  * .ARM.Collect$$$$00000000  mc_w.l(entry.o)
    0x08020188   0x08020188   0x00000004   Code   RO         7003    .ARM.Collect$$$$00000001  mc_w.l(entry2.o)
    0x0802018c   0x0802018c   0x00000004   Code   RO         7006    .ARM.Collect$$$$00000004  mc_w.l(entry5.o)
    0x08020190   0x08020190   0x00000000   Code   RO         7008    .ARM.Collect$$$$00000008  mc_w.l(entry7b.o)
    0x08020190   0x08020190   0x00000000   Code   RO         7010    .ARM.Collect$$$$0000000A  mc_w.l(entry8b.o)
    0x08020190   0x08020190   0x00000008   Code   RO         7011    .ARM.Collect$$$$0000000B  mc_w.l(entry9a.o)
    0x08020198   0x08020198   0x00000004   Code   RO         7018    .ARM.Collect$$$$0000000E  mc_w.l(entry12b.o)
    0x0802019c   0x0802019c   0x00000000   Code   RO         7013    .ARM.Collect$$$$0000000F  mc_w.l(entry10a.o)
    0x0802019c   0x0802019c   0x00000000   Code   RO         7015    .ARM.Collect$$$$00000011  mc_w.l(entry11a.o)
    0x0802019c   0x0802019c   0x00000004   Code   RO         7004    .ARM.Collect$$$$00002712  mc_w.l(entry2.o)
    0x080201a0   0x080201a0   0x000000be   Code   RO         3345    .emb_text           port.o
    0x0802025e   0x0802025e   0x00000002   PAD
    0x08020260   0x08020260   0x00000024   Code   RO            4    .text               startup_stm32f407xx.o
    0x08020284   0x08020284   0x00000062   Code   RO         6682    .text               mc_w.l(uldiv.o)
    0x080202e6   0x080202e6   0x00000040   Code   RO         6686    .text               mc_w.l(memmovea.o)
    0x08020326   0x08020326   0x00000024   Code   RO         6688    .text               mc_w.l(memseta.o)
    0x0802034a   0x0802034a   0x0000002c   Code   RO         7022    .text               mc_w.l(uidiv.o)
    0x08020376   0x08020376   0x0000001e   Code   RO         7024    .text               mc_w.l(llshl.o)
    0x08020394   0x08020394   0x00000020   Code   RO         7026    .text               mc_w.l(llushr.o)
    0x080203b4   0x080203b4   0x00000000   Code   RO         7030    .text               mc_w.l(iusefp.o)
    0x080203b4   0x080203b4   0x0000014e   Code   RO         7031    .text               mf_w.l(dadd.o)
    0x08020502   0x08020502   0x000000e4   Code   RO         7033    .text               mf_w.l(dmul.o)
    0x080205e6   0x080205e6   0x000000de   Code   RO         7035    .text               mf_w.l(ddiv.o)
    0x080206c4   0x080206c4   0x00000030   Code   RO         7037    .text               mf_w.l(dfixul.o)
    0x080206f4   0x080206f4   0x00000030   Code   RO         7039    .text               mf_w.l(cdrcmple.o)
    0x08020724   0x08020724   0x00000024   Code   RO         7041    .text               mc_w.l(init.o)
    0x08020748   0x08020748   0x00000024   Code   RO         7044    .text               mc_w.l(llsshr.o)
    0x0802076c   0x0802076c   0x000000ba   Code   RO         7047    .text               mf_w.l(depilogue.o)
    0x08020826   0x08020826   0x00000056   Code   RO         7057    .text               mc_w.l(__dczerorl2.o)
    0x0802087c   0x0802087c   0x00000054   Code   RO         6444    i.ADC_Recover_Channel  dri_cs5530.o
    0x080208d0   0x080208d0   0x000000ac   Code   RO         6163    i.App_freeRTOS_Start  app_freertos.o
    0x0802097c   0x0802097c   0x00000004   Code   RO         6024    i.BusFault_Handler  stm32f4xx_it.o
    0x08020980   0x08020980   0x00000024   Code   RO         6445    i.CS5530_Deselect   dri_cs5530.o
    0x080209a4   0x080209a4   0x000001a0   Code   RO         6446    i.CS5530_Init_All   dri_cs5530.o
    0x08020b44   0x08020b44   0x00000042   Code   RO         6447    i.CS5530_Read_Config  dri_cs5530.o
    0x08020b86   0x08020b86   0x00000002   PAD
    0x08020b88   0x08020b88   0x0000008c   Code   RO         6448    i.CS5530_Read_Data  dri_cs5530.o
    0x08020c14   0x08020c14   0x000000b0   Code   RO         6449    i.CS5530_Reset_Serial  dri_cs5530.o
    0x08020cc4   0x08020cc4   0x00000024   Code   RO         6450    i.CS5530_Select     dri_cs5530.o
    0x08020ce8   0x08020ce8   0x00000020   Code   RO         6451    i.CS5530_Start_Continuous  dri_cs5530.o
    0x08020d08   0x08020d08   0x00000036   Code   RO         6452    i.CS5530_Write_Config  dri_cs5530.o
    0x08020d3e   0x08020d3e   0x00000002   Code   RO         6025    i.DebugMon_Handler  stm32f4xx_it.o
    0x08020d40   0x08020d40   0x00000028   Code   RO         6571    i.Delay_Init        com_util.o
    0x08020d68   0x08020d68   0x00000006   Code   RO         5729    i.Error_Handler     main.o
    0x08020d6e   0x08020d6e   0x00000174   Code   RO           27    i.HAL_CAN_Init      stm32f4xx_hal_can.o
    0x08020ee2   0x08020ee2   0x00000002   PAD
    0x08020ee4   0x08020ee4   0x00000088   Code   RO         5851    i.HAL_CAN_MspInit   can.o
    0x08020f6c   0x08020f6c   0x00000028   Code   RO         1284    i.HAL_Delay         stm32f4xx_hal.o
    0x08020f94   0x08020f94   0x000001f4   Code   RO          747    i.HAL_GPIO_Init     stm32f4xx_hal_gpio.o
    0x08021188   0x08021188   0x00000010   Code   RO          749    i.HAL_GPIO_ReadPin  stm32f4xx_hal_gpio.o
    0x08021198   0x08021198   0x0000000c   Code   RO          751    i.HAL_GPIO_WritePin  stm32f4xx_hal_gpio.o
    0x080211a4   0x080211a4   0x0000000c   Code   RO         1290    i.HAL_GetTick       stm32f4xx_hal.o
    0x080211b0   0x080211b0   0x00000018   Code   RO         1296    i.HAL_IncTick       stm32f4xx_hal.o
    0x080211c8   0x080211c8   0x0000003c   Code   RO         1297    i.HAL_Init          stm32f4xx_hal.o
    0x08021204   0x08021204   0x000000a0   Code   RO         6124    i.HAL_InitTick      stm32f4xx_hal_timebase_tim.o
    0x080212a4   0x080212a4   0x00000048   Code   RO         6100    i.HAL_MspInit       stm32f4xx_hal_msp.o
    0x080212ec   0x080212ec   0x00000028   Code   RO         1137    i.HAL_NVIC_EnableIRQ  stm32f4xx_hal_cortex.o
    0x08021314   0x08021314   0x0000007c   Code   RO         1143    i.HAL_NVIC_SetPriority  stm32f4xx_hal_cortex.o
    0x08021390   0x08021390   0x00000028   Code   RO         1144    i.HAL_NVIC_SetPriorityGrouping  stm32f4xx_hal_cortex.o
    0x080213b8   0x080213b8   0x00000184   Code   RO          348    i.HAL_RCC_ClockConfig  stm32f4xx_hal_rcc.o
    0x0802153c   0x0802153c   0x00000180   Code   RO          454    i.HAL_RCC_DeInit    stm32f4xx_hal_rcc_ex.o
    0x080216bc   0x080216bc   0x00000044   Code   RO          352    i.HAL_RCC_GetClockConfig  stm32f4xx_hal_rcc.o
    0x08021700   0x08021700   0x0000000c   Code   RO          353    i.HAL_RCC_GetHCLKFreq  stm32f4xx_hal_rcc.o
    0x0802170c   0x0802170c   0x00000020   Code   RO          355    i.HAL_RCC_GetPCLK1Freq  stm32f4xx_hal_rcc.o
    0x0802172c   0x0802172c   0x00000020   Code   RO          356    i.HAL_RCC_GetPCLK2Freq  stm32f4xx_hal_rcc.o
    0x0802174c   0x0802174c   0x000000b0   Code   RO          357    i.HAL_RCC_GetSysClockFreq  stm32f4xx_hal_rcc.o
    0x080217fc   0x080217fc   0x0000049c   Code   RO          360    i.HAL_RCC_OscConfig  stm32f4xx_hal_rcc.o
    0x08021c98   0x08021c98   0x000000c8   Code   RO         1546    i.HAL_SPI_Init      stm32f4xx_hal_spi.o
    0x08021d60   0x08021d60   0x00000138   Code   RO         5893    i.HAL_SPI_MspInit   spi.o
    0x08021e98   0x08021e98   0x0000017e   Code   RO         1549    i.HAL_SPI_Receive   stm32f4xx_hal_spi.o
    0x08022016   0x08022016   0x000001bc   Code   RO         1554    i.HAL_SPI_Transmit  stm32f4xx_hal_spi.o
    0x080221d2   0x080221d2   0x00000240   Code   RO         1555    i.HAL_SPI_TransmitReceive  stm32f4xx_hal_spi.o
    0x08022412   0x08022412   0x00000002   Code   RO         2574    i.HAL_TIMEx_BreakCallback  stm32f4xx_hal_tim_ex.o
    0x08022414   0x08022414   0x00000002   Code   RO         2575    i.HAL_TIMEx_CommutCallback  stm32f4xx_hal_tim_ex.o
    0x08022416   0x08022416   0x00000002   PAD
    0x08022418   0x08022418   0x000000b4   Code   RO         2593    i.HAL_TIMEx_MasterConfigSynchronization  stm32f4xx_hal_tim_ex.o
    0x080224cc   0x080224cc   0x00000066   Code   RO         1859    i.HAL_TIM_Base_Init  stm32f4xx_hal_tim.o
    0x08022532   0x08022532   0x00000002   PAD
    0x08022534   0x08022534   0x00000044   Code   RO         5941    i.HAL_TIM_Base_MspInit  tim.o
    0x08022578   0x08022578   0x000000a8   Code   RO         1864    i.HAL_TIM_Base_Start_IT  stm32f4xx_hal_tim.o
    0x08022620   0x08022620   0x0000010c   Code   RO         1868    i.HAL_TIM_ConfigClockSource  stm32f4xx_hal_tim.o
    0x0802272c   0x0802272c   0x00000002   Code   RO         1893    i.HAL_TIM_IC_CaptureCallback  stm32f4xx_hal_tim.o
    0x0802272e   0x0802272e   0x0000016c   Code   RO         1907    i.HAL_TIM_IRQHandler  stm32f4xx_hal_tim.o
    0x0802289a   0x0802289a   0x00000002   Code   RO         1910    i.HAL_TIM_OC_DelayElapsedCallback  stm32f4xx_hal_tim.o
    0x0802289c   0x0802289c   0x00000002   Code   RO         1937    i.HAL_TIM_PWM_PulseFinishedCallback  stm32f4xx_hal_tim.o
    0x0802289e   0x0802289e   0x00000002   PAD
    0x080228a0   0x080228a0   0x00000028   Code   RO         5730    i.HAL_TIM_PeriodElapsedCallback  main.o
    0x080228c8   0x080228c8   0x00000002   Code   RO         1950    i.HAL_TIM_TriggerCallback  stm32f4xx_hal_tim.o
    0x080228ca   0x080228ca   0x00000076   Code   RO         2871    i.HAL_UART_Init     stm32f4xx_hal_uart.o
    0x08022940   0x08022940   0x00000088   Code   RO         5983    i.HAL_UART_MspInit  usart.o
    0x080229c8   0x080229c8   0x00000004   Code   RO         6026    i.HardFault_Handler  stm32f4xx_it.o
    0x080229cc   0x080229cc   0x0000000c   Code   RO         6307    i.Int_EEPROM_Init   int_eeprom.o
    0x080229d8   0x080229d8   0x0000001e   Code   RO         6308    i.Int_EEPROM_ReadBuffer  int_eeprom.o
    0x080229f6   0x080229f6   0x00000002   PAD
    0x080229f8   0x080229f8   0x00000038   Code   RO         5671    i.Int_ETH_ApplyNetInfo  int_eth.o
    0x08022a30   0x08022a30   0x000000e0   Code   RO         5672    i.Int_ETH_Init      int_eth.o
    0x08022b10   0x08022b10   0x00000028   Code   RO         5673    i.Int_ETH_Reset     int_eth.o
    0x08022b38   0x08022b38   0x00000034   Code   RO         6219    i.LED_Set           app_led.o
    0x08022b6c   0x08022b6c   0x0000000c   Code   RO         5194    i.MBTCP_PortBufferedLen  porttcp.o
    0x08022b78   0x08022b78   0x00000020   Code   RO         5195    i.MBTCP_PortResetRx  porttcp.o
    0x08022b98   0x08022b98   0x00000038   Code   RO         5852    i.MX_CAN1_Init      can.o
    0x08022bd0   0x08022bd0   0x00000188   Code   RO         5826    i.MX_GPIO_Init      gpio.o
    0x08022d58   0x08022d58   0x00000044   Code   RO         5894    i.MX_SPI2_Init      spi.o
    0x08022d9c   0x08022d9c   0x00000044   Code   RO         5895    i.MX_SPI3_Init      spi.o
    0x08022de0   0x08022de0   0x0000006c   Code   RO         5942    i.MX_TIM2_Init      tim.o
    0x08022e4c   0x08022e4c   0x00000038   Code   RO         5984    i.MX_USART2_UART_Init  usart.o
    0x08022e84   0x08022e84   0x00000004   Code   RO         6027    i.MemManage_Handler  stm32f4xx_it.o
    0x08022e88   0x08022e88   0x00000004   Code   RO         6028    i.NMI_Handler       stm32f4xx_it.o
    0x08022e8c   0x08022e8c   0x00000046   Code   RO         6622    i.NetConfig_CalcCRC  net_config.o
    0x08022ed2   0x08022ed2   0x00000002   PAD
    0x08022ed4   0x08022ed4   0x00000050   Code   RO         6623    i.NetConfig_FillDefault  net_config.o
    0x08022f24   0x08022f24   0x00000070   Code   RO         6624    i.NetConfig_FillDefaultNetInfo  net_config.o
    0x08022f94   0x08022f94   0x000000a4   Code   RO         6625    i.NetConfig_GetEffectiveNetInfo  net_config.o
    0x08023038   0x08023038   0x00000048   Code   RO         6626    i.NetConfig_LoadFromEEPROM  net_config.o
    0x08023080   0x08023080   0x00000094   Code   RO         1583    i.SPI_EndRxTransaction  stm32f4xx_hal_spi.o
    0x08023114   0x08023114   0x00000088   Code   RO         1584    i.SPI_EndRxTxTransaction  stm32f4xx_hal_spi.o
    0x0802319c   0x0802319c   0x00000028   Code   RO         6453    i.SPI_Exchange      dri_cs5530.o
    0x080231c4   0x080231c4   0x000000d8   Code   RO         1589    i.SPI_WaitFlagStateUntilTimeout  stm32f4xx_hal_spi.o
    0x0802329c   0x0802329c   0x00000012   Code   RO         6454    i.Soft_Delay        dri_cs5530.o
    0x080232ae   0x080232ae   0x00000010   Code   RO         6029    i.SysTick_Handler   stm32f4xx_it.o
    0x080232be   0x080232be   0x00000002   PAD
    0x080232c0   0x080232c0   0x000000b4   Code   RO         5731    i.SystemClock_Config  main.o
    0x08023374   0x08023374   0x00000014   Code   RO         3215    i.SystemInit        system_stm32f4xx.o
    0x08023388   0x08023388   0x00000010   Code   RO         6030    i.TIM1_UP_TIM10_IRQHandler  stm32f4xx_it.o
    0x08023398   0x08023398   0x00000010   Code   RO         6031    i.TIM2_IRQHandler   stm32f4xx_it.o
    0x080233a8   0x080233a8   0x000000e8   Code   RO         1952    i.TIM_Base_SetConfig  stm32f4xx_hal_tim.o
    0x08023490   0x08023490   0x00000016   Code   RO         1963    i.TIM_ETR_SetConfig  stm32f4xx_hal_tim.o
    0x080234a6   0x080234a6   0x00000012   Code   RO         1964    i.TIM_ITRx_SetConfig  stm32f4xx_hal_tim.o
    0x080234b8   0x080234b8   0x00000026   Code   RO         1970    i.TIM_TI1_ConfigInputStage  stm32f4xx_hal_tim.o
    0x080234de   0x080234de   0x00000028   Code   RO         1972    i.TIM_TI2_ConfigInputStage  stm32f4xx_hal_tim.o
    0x08023506   0x08023506   0x00000002   PAD
    0x08023508   0x08023508   0x00000144   Code   RO         6164    i.Task_ADC_Verify   app_freertos.o
    0x0802364c   0x0802364c   0x0000007c   Code   RO         6220    i.Task_LED_Entry    app_led.o
    0x080236c8   0x080236c8   0x00000038   Code   RO         6165    i.Task_Modbus_TCP   app_freertos.o
    0x08023700   0x08023700   0x000001cc   Code   RO         6166    i.Task_W5500_Manager  app_freertos.o
    0x080238cc   0x080238cc   0x0000022c   Code   RO         2898    i.UART_SetConfig    stm32f4xx_hal_uart.o
    0x08023af8   0x08023af8   0x00000004   Code   RO         6032    i.UsageFault_Handler  stm32f4xx_it.o
    0x08023afc   0x08023afc   0x0000001c   Code   RO         5674    i.W5500_Critical_Enter  int_eth.o
    0x08023b18   0x08023b18   0x00000018   Code   RO         5675    i.W5500_Critical_Exit  int_eth.o
    0x08023b30   0x08023b30   0x00000074   Code   RO         4750    i.WIZCHIP_READ      w5500.o
    0x08023ba4   0x08023ba4   0x0000008c   Code   RO         4751    i.WIZCHIP_READ_BUF  w5500.o
    0x08023c30   0x08023c30   0x00000074   Code   RO         4752    i.WIZCHIP_WRITE     w5500.o
    0x08023ca4   0x08023ca4   0x00000088   Code   RO         4753    i.WIZCHIP_WRITE_BUF  w5500.o
    0x08023d2c   0x08023d2c   0x00000034   Code   RO         6952    i.__0vsnprintf      mc_w.l(printfa.o)
    0x08023d60   0x08023d60   0x00000010   Code   RO         1150    i.__NVIC_GetPriorityGrouping  stm32f4xx_hal_cortex.o
    0x08023d70   0x08023d70   0x00000028   Code   RO         1151    i.__NVIC_SetPriority  stm32f4xx_hal_cortex.o
    0x08023d98   0x08023d98   0x0000000e   Code   RO         7051    i.__scatterload_copy  mc_w.l(handlers.o)
    0x08023da6   0x08023da6   0x00000002   Code   RO         7052    i.__scatterload_null  mc_w.l(handlers.o)
    0x08023da8   0x08023da8   0x0000000e   Code   RO         7053    i.__scatterload_zeroinit  mc_w.l(handlers.o)
    0x08023db6   0x08023db6   0x00000002   PAD
    0x08023db8   0x08023db8   0x00000184   Code   RO         6954    i._fp_digits        mc_w.l(printfa.o)
    0x08023f3c   0x08023f3c   0x000006b4   Code   RO         6955    i._printf_core      mc_w.l(printfa.o)
    0x080245f0   0x080245f0   0x00000024   Code   RO         6956    i._printf_post_padding  mc_w.l(printfa.o)
    0x08024614   0x08024614   0x0000002e   Code   RO         6957    i._printf_pre_padding  mc_w.l(printfa.o)
    0x08024642   0x08024642   0x00000016   Code   RO         6958    i._snputc           mc_w.l(printfa.o)
    0x08024658   0x08024658   0x00000058   Code   RO         6364    i.bsp_InitI2C       dri_i2c.o
    0x080246b0   0x080246b0   0x000000a0   Code   RO         5321    i.close             socket.o
    0x08024750   0x08024750   0x00000040   Code   RO         6527    i.debug_printf      com_debug.o
    0x08024790   0x08024790   0x000000bc   Code   RO         5324    i.disconnect        socket.o
    0x0802484c   0x0802484c   0x00000028   Code   RO         5133    i.eMBEnable         mb.o
    0x08024874   0x08024874   0x000000ae   Code   RO         4822    i.eMBFuncReadCoils  mbfunccoils.o
    0x08024922   0x08024922   0x000000ac   Code   RO         4875    i.eMBFuncReadDiscreteInputs  mbfuncdisc.o
    0x080249ce   0x080249ce   0x0000008c   Code   RO         4887    i.eMBFuncReadHoldingRegister  mbfuncholding.o
    0x08024a5a   0x08024a5a   0x0000008c   Code   RO         4917    i.eMBFuncReadInputRegister  mbfuncinput.o
    0x08024ae6   0x08024ae6   0x000000d4   Code   RO         4888    i.eMBFuncReadWriteMultipleHoldingRegister  mbfuncholding.o
    0x08024bba   0x08024bba   0x00000002   PAD
    0x08024bbc   0x08024bbc   0x00000028   Code   RO         4929    i.eMBFuncReportSlaveID  mbfuncother.o
    0x08024be4   0x08024be4   0x00000070   Code   RO         4823    i.eMBFuncWriteCoil  mbfunccoils.o
    0x08024c54   0x08024c54   0x00000042   Code   RO         4889    i.eMBFuncWriteHoldingRegister  mbfuncholding.o
    0x08024c96   0x08024c96   0x00000090   Code   RO         4824    i.eMBFuncWriteMultipleCoils  mbfunccoils.o
    0x08024d26   0x08024d26   0x0000006e   Code   RO         4890    i.eMBFuncWriteMultipleHoldingRegister  mbfuncholding.o
    0x08024d94   0x08024d94   0x00000138   Code   RO         5135    i.eMBPoll           mb.o
    0x08024ecc   0x08024ecc   0x00000008   Code   RO         6255    i.eMBRegCoilsCB     modbus_app.o
    0x08024ed4   0x08024ed4   0x00000006   Code   RO         6256    i.eMBRegDiscreteCB  modbus_app.o
    0x08024eda   0x08024eda   0x00000002   PAD
    0x08024edc   0x08024edc   0x00000148   Code   RO         6257    i.eMBRegHoldingCB   modbus_app.o
    0x08025024   0x08025024   0x00000050   Code   RO         6258    i.eMBRegInputCB     modbus_app.o
    0x08025074   0x08025074   0x00000014   Code   RO         4974    i.eMBTCPDoInit      mbtcp.o
    0x08025088   0x08025088   0x00000088   Code   RO         5137    i.eMBTCPInit        mb.o
    0x08025110   0x08025110   0x00000048   Code   RO         4975    i.eMBTCPReceive     mbtcp.o
    0x08025158   0x08025158   0x00000030   Code   RO         4976    i.eMBTCPSend        mbtcp.o
    0x08025188   0x08025188   0x00000002   Code   RO         4977    i.eMBTCPStart       mbtcp.o
    0x0802518a   0x0802518a   0x00000008   Code   RO         4978    i.eMBTCPStop        mbtcp.o
    0x08025192   0x08025192   0x00000016   Code   RO         6310    i.ee_CheckOk        int_eeprom.o
    0x080251a8   0x080251a8   0x0000007e   Code   RO         6311    i.ee_ReadBytes      int_eeprom.o
    0x08025226   0x08025226   0x0000006c   Code   RO         4754    i.getSn_RX_RSR      w5500.o
    0x08025292   0x08025292   0x0000006c   Code   RO         4755    i.getSn_TX_FSR      w5500.o
    0x080252fe   0x080252fe   0x00000002   PAD
    0x08025300   0x08025300   0x00000040   Code   RO         6365    i.i2c_Ack           dri_i2c.o
    0x08025340   0x08025340   0x00000040   Code   RO         6366    i.i2c_CheckDevice   dri_i2c.o
    0x08025380   0x08025380   0x0000000e   Code   RO         6367    i.i2c_Delay         dri_i2c.o
    0x0802538e   0x0802538e   0x00000002   PAD
    0x08025390   0x08025390   0x00000034   Code   RO         6368    i.i2c_NAck          dri_i2c.o
    0x080253c4   0x080253c4   0x0000004c   Code   RO         6369    i.i2c_ReadByte      dri_i2c.o
    0x08025410   0x08025410   0x00000068   Code   RO         6370    i.i2c_SendByte      dri_i2c.o
    0x08025478   0x08025478   0x00000040   Code   RO         6371    i.i2c_Start         dri_i2c.o
    0x080254b8   0x080254b8   0x00000030   Code   RO         6372    i.i2c_Stop          dri_i2c.o
    0x080254e8   0x080254e8   0x0000004c   Code   RO         6373    i.i2c_WaitAck       dri_i2c.o
    0x08025534   0x08025534   0x0000009e   Code   RO         5326    i.listen            socket.o
    0x080255d2   0x080255d2   0x00000002   PAD
    0x080255d4   0x080255d4   0x00000040   Code   RO         5732    i.main              main.o
    0x08025614   0x08025614   0x00000048   Code   RO         5196    i.mbap_first_frame_len  porttcp.o
    0x0802565c   0x0802565c   0x000000c0   Code   RO         3861    i.prvAddCurrentTaskToDelayedList  tasks.o
    0x0802571c   0x0802571c   0x000000e4   Code   RO         3862    i.prvAddNewTaskToReadyList  tasks.o
    0x08025800   0x08025800   0x00000048   Code   RO         3863    i.prvCheckTasksWaitingTermination  tasks.o
    0x08025848   0x08025848   0x0000002a   Code   RO         3550    i.prvCopyDataFromQueue  queue.o
    0x08025872   0x08025872   0x0000007e   Code   RO         3551    i.prvCopyDataToQueue  queue.o
    0x080258f0   0x080258f0   0x00000012   Code   RO         3864    i.prvDeleteTCB      tasks.o
    0x08025902   0x08025902   0x00000014   Code   RO         3552    i.prvGetDisinheritPriorityAfterTimeout  queue.o
    0x08025916   0x08025916   0x00000002   PAD
    0x08025918   0x08025918   0x00000070   Code   RO         3248    i.prvHeapInit       heap_4.o
    0x08025988   0x08025988   0x00000028   Code   RO         3865    i.prvIdleTask       tasks.o
    0x080259b0   0x080259b0   0x0000001e   Code   RO         3553    i.prvInitialiseMutex  queue.o
    0x080259ce   0x080259ce   0x00000026   Code   RO         3554    i.prvInitialiseNewQueue  queue.o
    0x080259f4   0x080259f4   0x0000007c   Code   RO         3866    i.prvInitialiseNewTask  tasks.o
    0x08025a70   0x08025a70   0x00000068   Code   RO         3867    i.prvInitialiseTaskLists  tasks.o
    0x08025ad8   0x08025ad8   0x00000068   Code   RO         3249    i.prvInsertBlockIntoFreeList  heap_4.o
    0x08025b40   0x08025b40   0x0000001a   Code   RO         3555    i.prvIsQueueEmpty   queue.o
    0x08025b5a   0x08025b5a   0x0000001e   Code   RO         3556    i.prvIsQueueFull    queue.o
    0x08025b78   0x08025b78   0x00000030   Code   RO         3868    i.prvResetNextTaskUnblockTime  tasks.o
    0x08025ba8   0x08025ba8   0x00000016   Code   RO         3346    i.prvTaskExitError  port.o
    0x08025bbe   0x08025bbe   0x0000007e   Code   RO         3557    i.prvUnlockQueue    queue.o
    0x08025c3c   0x08025c3c   0x00000022   Code   RO         4950    i.prveMBError2Exception  mbutils.o
    0x08025c5e   0x08025c5e   0x00000002   PAD
    0x08025c60   0x08025c60   0x000000e4   Code   RO         3251    i.pvPortMalloc      heap_4.o
    0x08025d44   0x08025d44   0x00000020   Code   RO         3870    i.pvTaskIncrementMutexHeldCount  tasks.o
    0x08025d64   0x08025d64   0x0000002c   Code   RO         3347    i.pxPortInitialiseStack  port.o
    0x08025d90   0x08025d90   0x00000120   Code   RO         5327    i.recv              socket.o
    0x08025eb0   0x08025eb0   0x00000028   Code   RO         5428    i.reg_wizchip_cris_cbfunc  wizchip_conf.o
    0x08025ed8   0x08025ed8   0x00000028   Code   RO         5429    i.reg_wizchip_cs_cbfunc  wizchip_conf.o
    0x08025f00   0x08025f00   0x00000034   Code   RO         5430    i.reg_wizchip_spi_cbfunc  wizchip_conf.o
    0x08025f34   0x08025f34   0x00000180   Code   RO         5329    i.send              socket.o
    0x080260b4   0x080260b4   0x00000194   Code   RO         5332    i.socket            socket.o
    0x08026248   0x08026248   0x00000034   Code   RO         5432    i.user_reg_function  wizchip_conf.o
    0x0802627c   0x0802627c   0x00000028   Code   RO         3514    i.uxListRemove      list.o
    0x080262a4   0x080262a4   0x0000001a   Code   RO         3515    i.vListInitialise   list.o
    0x080262be   0x080262be   0x00000006   Code   RO         3516    i.vListInitialiseItem  list.o
    0x080262c4   0x080262c4   0x00000034   Code   RO         3517    i.vListInsert       list.o
    0x080262f8   0x080262f8   0x00000002   Code   RO         5198    i.vMBTCPPortDisable  porttcp.o
    0x080262fa   0x080262fa   0x00000002   PAD
    0x080262fc   0x080262fc   0x00000024   Code   RO         3349    i.vPortEnterCritical  port.o
    0x08026320   0x08026320   0x00000020   Code   RO         3350    i.vPortExitCritical  port.o
    0x08026340   0x08026340   0x0000004c   Code   RO         3252    i.vPortFree         heap_4.o
    0x0802638c   0x0802638c   0x00000018   Code   RO         3351    i.vPortSetupTimerInterrupt  port.o
    0x080263a4   0x080263a4   0x00000034   Code   RO         3877    i.vTaskDelay        tasks.o
    0x080263d8   0x080263d8   0x00000018   Code   RO         3881    i.vTaskInternalSetTimeOutState  tasks.o
    0x080263f0   0x080263f0   0x0000000c   Code   RO         3882    i.vTaskMissedYield  tasks.o
    0x080263fc   0x080263fc   0x00000020   Code   RO         3883    i.vTaskPlaceOnEventList  tasks.o
    0x0802641c   0x0802641c   0x000000d4   Code   RO         3885    i.vTaskPriorityDisinheritAfterTimeout  tasks.o
    0x080264f0   0x080264f0   0x0000006c   Code   RO         3890    i.vTaskStartScheduler  tasks.o
    0x0802655c   0x0802655c   0x00000010   Code   RO         3892    i.vTaskSuspendAll   tasks.o
    0x0802656c   0x0802656c   0x00000060   Code   RO         3893    i.vTaskSwitchContext  tasks.o
    0x080265cc   0x080265cc   0x00000078   Code   RO         5199    i.w5500_pull_rx     porttcp.o
    0x08026644   0x08026644   0x00000098   Code   RO         5200    i.w5500_send_all    porttcp.o
    0x080266dc   0x080266dc   0x00000084   Code   RO         4756    i.wiz_recv_data     w5500.o
    0x08026760   0x08026760   0x00000084   Code   RO         4758    i.wiz_send_data     w5500.o
    0x080267e4   0x080267e4   0x00000006   Code   RO         5433    i.wizchip_bus_readdata  wizchip_conf.o
    0x080267ea   0x080267ea   0x00000004   Code   RO         5434    i.wizchip_bus_writedata  wizchip_conf.o
    0x080267ee   0x080267ee   0x00000002   Code   RO         5436    i.wizchip_cris_enter  wizchip_conf.o
    0x080267f0   0x080267f0   0x00000002   Code   RO         5437    i.wizchip_cris_exit  wizchip_conf.o
    0x080267f2   0x080267f2   0x00000002   PAD
    0x080267f4   0x080267f4   0x00000014   Code   RO         5438    i.wizchip_cs_deselect  wizchip_conf.o
    0x08026808   0x08026808   0x00000014   Code   RO         5439    i.wizchip_cs_select  wizchip_conf.o
    0x0802681c   0x0802681c   0x0000005c   Code   RO         5442    i.wizchip_getnetinfo  wizchip_conf.o
    0x08026878   0x08026878   0x00000090   Code   RO         5445    i.wizchip_init      wizchip_conf.o
    0x08026908   0x08026908   0x00000058   Code   RO         5447    i.wizchip_setnetinfo  wizchip_conf.o
    0x08026960   0x08026960   0x00000020   Code   RO         5451    i.wizchip_spi_readbyte  wizchip_conf.o
    0x08026980   0x08026980   0x00000018   Code   RO         5453    i.wizchip_spi_writebyte  wizchip_conf.o
    0x08026998   0x08026998   0x00000072   Code   RO         5454    i.wizchip_sw_reset  wizchip_conf.o
    0x08026a0a   0x08026a0a   0x00000002   PAD
    0x08026a0c   0x08026a0c   0x00000020   Code   RO         5031    i.xMBPortEventGet   portevent.o
    0x08026a2c   0x08026a2c   0x00000024   Code   RO         5032    i.xMBPortEventInit  portevent.o
    0x08026a50   0x08026a50   0x00000020   Code   RO         5033    i.xMBPortEventPost  portevent.o
    0x08026a70   0x08026a70   0x0000005c   Code   RO         5202    i.xMBTCPPortGetRequest  porttcp.o
    0x08026acc   0x08026acc   0x0000000c   Code   RO         5203    i.xMBTCPPortInit    porttcp.o
    0x08026ad8   0x08026ad8   0x000000a8   Code   RO         5204    i.xMBTCPPortSendResponse  porttcp.o
    0x08026b80   0x08026b80   0x00000048   Code   RO         3352    i.xPortStartScheduler  port.o
    0x08026bc8   0x08026bc8   0x00000034   Code   RO         3353    i.xPortSysTickHandler  port.o
    0x08026bfc   0x08026bfc   0x00000022   Code   RO         3563    i.xQueueCreateMutex  queue.o
    0x08026c1e   0x08026c1e   0x0000004c   Code   RO         3564    i.xQueueGenericCreate  queue.o
    0x08026c6a   0x08026c6a   0x00000002   PAD
    0x08026c6c   0x08026c6c   0x000000a0   Code   RO         3565    i.xQueueGenericReset  queue.o
    0x08026d0c   0x08026d0c   0x00000118   Code   RO         3566    i.xQueueGenericSend  queue.o
    0x08026e24   0x08026e24   0x00000030   Code   RO         3569    i.xQueueGiveMutexRecursive  queue.o
    0x08026e54   0x08026e54   0x00000104   Code   RO         3574    i.xQueueReceive     queue.o
    0x08026f58   0x08026f58   0x00000130   Code   RO         3576    i.xQueueSemaphoreTake  queue.o
    0x08027088   0x08027088   0x00000036   Code   RO         3577    i.xQueueTakeMutexRecursive  queue.o
    0x080270be   0x080270be   0x00000002   PAD
    0x080270c0   0x080270c0   0x00000060   Code   RO         3895    i.xTaskCheckForTimeOut  tasks.o
    0x08027120   0x08027120   0x00000068   Code   RO         3896    i.xTaskCreate       tasks.o
    0x08027188   0x08027188   0x00000074   Code   RO         3897    i.xTaskDelayUntil   tasks.o
    0x080271fc   0x080271fc   0x0000000c   Code   RO         3902    i.xTaskGetCurrentTaskHandle  tasks.o
    0x08027208   0x08027208   0x00000020   Code   RO         3903    i.xTaskGetSchedulerState  tasks.o
    0x08027228   0x08027228   0x0000000c   Code   RO         3904    i.xTaskGetTickCount  tasks.o
    0x08027234   0x08027234   0x00000190   Code   RO         3906    i.xTaskIncrementTick  tasks.o
    0x080273c4   0x080273c4   0x000000ac   Code   RO         3907    i.xTaskPriorityDisinherit  tasks.o
    0x08027470   0x08027470   0x000000ec   Code   RO         3908    i.xTaskPriorityInherit  tasks.o
    0x0802755c   0x0802755c   0x00000108   Code   RO         3909    i.xTaskRemoveFromEventList  tasks.o
    0x08027664   0x08027664   0x0000015c   Code   RO         3910    i.xTaskResumeAll    tasks.o
    0x080277c0   0x080277c0   0x00000018   Data   RO         3216    .constdata          system_stm32f4xx.o
    0x080277d8   0x080277d8   0x00000060   Data   RO         6455    .constdata          dri_cs5530.o
    0x08027838   0x08027838   0x00000020   Data   RO         7049    Region$$Table       anon$$obj.o


    Execution Region RW_IRAM1 (Exec base: 0x20000000, Load base: 0x08027858, Size: 0x00009a20, Max: 0x00020000, ABSOLUTE, COMPRESSED[0x00000084])

    Exec Addr    Load Addr    Size         Type   Attr      Idx    E Section Name        Object

    0x20000000   COMPRESSED   0x00000009   Data   RW         1304    .data               stm32f4xx_hal.o
    0x20000009   COMPRESSED   0x00000003   PAD
    0x2000000c   COMPRESSED   0x00000004   Data   RW         3217    .data               system_stm32f4xx.o
    0x20000010   COMPRESSED   0x0000001c   Data   RW         3258    .data               heap_4.o
    0x2000002c   COMPRESSED   0x00000004   Data   RW         3354    .data               port.o
    0x20000030   COMPRESSED   0x00000040   Data   RW         3913    .data               tasks.o
    0x20000070   COMPRESSED   0x00000002   Data   RW         4932    .data               mbfuncother.o
    0x20000072   COMPRESSED   0x00000002   PAD
    0x20000074   COMPRESSED   0x00000004   Data   RW         5035    .data               portevent.o
    0x20000078   COMPRESSED   0x000000b5   Data   RW         5138    .data               mb.o
    0x2000012d   COMPRESSED   0x00000001   PAD
    0x2000012e   COMPRESSED   0x00000004   Data   RW         5206    .data               porttcp.o
    0x20000132   COMPRESSED   0x0000000e   Data   RW         5334    .data               socket.o
    0x20000140   COMPRESSED   0x00000031   Data   RW         5462    .data               wizchip_conf.o
    0x20000171   COMPRESSED   0x00000003   PAD
    0x20000174   COMPRESSED   0x00000015   Data   RW         5677    .data               int_eth.o
    0x20000189   COMPRESSED   0x00000003   PAD
    0x2000018c   COMPRESSED   0x00000018   Data   RW         6168    .data               app_freertos.o
    0x200001a4   COMPRESSED   0x00000001   Data   RW         6221    .data               app_led.o
    0x200001a5   COMPRESSED   0x00000003   PAD
    0x200001a8        -       0x00008000   Zero   RW         3257    .bss                heap_4.o
    0x200081a8        -       0x000000c8   Zero   RW         3912    .bss                tasks.o
    0x20008270        -       0x00000020   Zero   RW         4931    .bss                mbfuncother.o
    0x20008290        -       0x00000400   Zero   RW         5205    .bss                porttcp.o
    0x20008690        -       0x00000010   Zero   RW         5333    .bss                socket.o
    0x200086a0        -       0x00000017   Zero   RW         5676    .bss                int_eth.o
    0x200086b7   COMPRESSED   0x00000001   PAD
    0x200086b8        -       0x00000028   Zero   RW         5853    .bss                can.o
    0x200086e0        -       0x000000b0   Zero   RW         5896    .bss                spi.o
    0x20008790        -       0x00000048   Zero   RW         5943    .bss                tim.o
    0x200087d8        -       0x00000048   Zero   RW         5985    .bss                usart.o
    0x20008820        -       0x00000048   Zero   RW         6127    .bss                stm32f4xx_hal_timebase_tim.o
    0x20008868        -       0x000000f0   Zero   RW         6167    .bss                app_freertos.o
    0x20008958        -       0x000000c8   Zero   RW         6259    .bss                modbus_app.o
    0x20008a20        -       0x00001000   Zero   RW            1    STACK               startup_stm32f407xx.o


==============================================================================

Image component sizes


      Code (inc. data)   RO Data    RW Data    ZI Data      Debug   Object Name

      1012        128          0         24        240       4115   app_freertos.o
       176         10          0          1          0       1986   app_led.o
       192         20          0          0         40       1601   can.o
        64          0          0          0          0       1223   com_debug.o
        40         10          0          0          0        433   com_util.o
      1098        404         96          0          0       6787   dri_cs5530.o
       650         46          0          0          0       6020   dri_i2c.o
         0          0          0          0          0      11972   event_groups.o
       392         22          0          0          0       1107   gpio.o
       520         58          0         28      32768      21067   heap_4.o
       190          0          0          0          0       2754   int_eeprom.o
       372         58          0         21         23       3541   int_eth.o
       124          0          0          0          0       2569   list.o
       290         24          0          0          0       3137   main.o
       488        102          0        181          0       3875   mb.o
       430          0          0          0          0       7863   mbfunccoils.o
       172          0          0          0          0       1620   mbfuncdisc.o
       528          0          0          0          0       5099   mbfuncholding.o
       140          0          0          0          0       1567   mbfuncinput.o
        40         10          0          2         32       1371   mbfuncother.o
       150          0          0          0          0       3691   mbtcp.o
        34          0          0          0          0        604   mbutils.o
       422         34          0          0        200       3882   modbus_app.o
       498         16          0          0          0       4651   net_config.o
       472         56          0          4          0       9272   port.o
       100         16          0          4          0       4424   portevent.o
       662         58          0          4       1024      11467   porttcp.o
      1654         16          0          0          0      16039   queue.o
      1582         62          0         14         16       8444   socket.o
       448         38          0          0        176       2326   spi.o
        36          8        392          0       4096        820   startup_stm32f407xx.o
       136         24          0          9          0       8618   stm32f4xx_hal.o
       372          0          0          0          0     709075   stm32f4xx_hal_can.o
       260         22          0          0          0      33470   stm32f4xx_hal_cortex.o
       528         46          0          0          0       2727   stm32f4xx_hal_gpio.o
        72          4          0          0          0        830   stm32f4xx_hal_msp.o
      1888         94          0          0          0       6153   stm32f4xx_hal_rcc.o
       384         26          0          0          0        849   stm32f4xx_hal_rcc_ex.o
      2102         14          0          0          0       7858   stm32f4xx_hal_spi.o
      1260         76          0          0          0       9647   stm32f4xx_hal_tim.o
       184         30          0          0          0       2469   stm32f4xx_hal_tim_ex.o
       160         20          0          0         72       1387   stm32f4xx_hal_timebase_tim.o
       674         10          0          0          0       1828   stm32f4xx_hal_uart.o
        70         12          0          0          0       4184   stm32f4xx_it.o
        20          6         24          4          0       1087   system_stm32f4xx.o
      3202        376          0         64        200      34305   tasks.o
       176         12          0          0         72       1626   tim.o
         0          0          0          0          0       2228   timers.o
       192         24          0          0         72       1638   usart.o
       988         16          0          0          0       5900   w5500.o
       732        106          0         49          0      12358   wizchip_conf.o

    ----------------------------------------------------------------------
     26420       2114        544        424      39032    1003564   Object Totals
         0          0         32          0          0          0   (incl. Generated)
        44          0          0         15          1          0   (incl. Padding)

    ----------------------------------------------------------------------

      Code (inc. data)   RO Data    RW Data    ZI Data      Debug   Library Member Name

        86          0          0          0          0          0   __dczerorl2.o
         0          0          0          0          0          0   entry.o
         0          0          0          0          0          0   entry10a.o
         0          0          0          0          0          0   entry11a.o
         4          0          0          0          0          0   entry12b.o
         8          4          0          0          0          0   entry2.o
         4          0          0          0          0          0   entry5.o
         0          0          0          0          0          0   entry7b.o
         0          0          0          0          0          0   entry8b.o
         8          4          0          0          0          0   entry9a.o
        30          0          0          0          0          0   handlers.o
        36          8          0          0          0         68   init.o
         0          0          0          0          0          0   iusefp.o
        30          0          0          0          0         68   llshl.o
        36          0          0          0          0         68   llsshr.o
        32          0          0          0          0         68   llushr.o
        64          0          0          0          0         76   memmovea.o
        36          0          0          0          0        108   memseta.o
      2260         86          0          0          0        528   printfa.o
        44          0          0          0          0         80   uidiv.o
        98          0          0          0          0         92   uldiv.o
        48          0          0          0          0         68   cdrcmple.o
       334          0          0          0          0        148   dadd.o
       222          0          0          0          0        100   ddiv.o
       186          0          0          0          0        176   depilogue.o
        48          0          0          0          0         68   dfixul.o
       228          0          0          0          0         96   dmul.o

    ----------------------------------------------------------------------
      3844        102          0          0          0       1812   Library Totals
         2          0          0          0          0          0   (incl. Padding)

    ----------------------------------------------------------------------

      Code (inc. data)   RO Data    RW Data    ZI Data      Debug   Library Name

      2776        102          0          0          0       1156   mc_w.l
      1066          0          0          0          0        656   mf_w.l

    ----------------------------------------------------------------------
      3844        102          0          0          0       1812   Library Totals

    ----------------------------------------------------------------------

==============================================================================


      Code (inc. data)   RO Data    RW Data    ZI Data      Debug   

     30264       2216        544        424      39032     981424   Grand Totals
     30264       2216        544        132      39032     981424   ELF Image Totals (compressed)
     30264       2216        544        132          0          0   ROM Totals

==============================================================================

    Total RO  Size (Code + RO Data)                30808 (  30.09kB)
    Total RW  Size (RW Data + ZI Data)             39456 (  38.53kB)
    Total ROM Size (Code + RO Data + RW Data)      30940 (  30.21kB)

==============================================================================

